Archive member included to satisfy reference by file (symbol)

YAHAL_schloss_reg\libYAHAL_schloss_reg.a(startup_msp432p401r_gcc.cpp.obj)
                              (Reset_Handler)
YAHAL_schloss_reg\libYAHAL_schloss_reg.a(uart_msp432.cpp.obj)
                              CMakeFiles/schloss_reg.dir/schloss_reg.cpp.obj (uart_msp432::uart_msp432(EUSCI_A_Type*, unsigned long, unsigned short))
YAHAL_schloss_reg\libYAHAL_schloss_reg.a(system_msp432_gcc.cpp.obj)
                              YAHAL_schloss_reg\libYAHAL_schloss_reg.a(uart_msp432.cpp.obj) (SystemCoreClock)
YAHAL_schloss_reg\libYAHAL_schloss_reg.a(task.cpp.obj)
                              CMakeFiles/schloss_reg.dir/schloss_reg.cpp.obj (task::sleep(unsigned long))
YAHAL_schloss_reg\libYAHAL_schloss_reg.a(cpp_support.cpp.obj)
                              YAHAL_schloss_reg\libYAHAL_schloss_reg.a(uart_msp432.cpp.obj) (std::__throw_bad_function_call())
YAHAL_schloss_reg\libYAHAL_schloss_reg.a(posix_io.cpp.obj)
                              CMakeFiles/schloss_reg.dir/schloss_reg.cpp.obj (posix_io::inst)
YAHAL_schloss_reg\libYAHAL_schloss_reg.a(gpio_msp432.cpp.obj)
                              YAHAL_schloss_reg\libYAHAL_schloss_reg.a(uart_msp432.cpp.obj) (gpio_msp432::inst)
YAHAL_schloss_reg\libYAHAL_schloss_reg.a(irq_dispatcher.cpp.obj)
                              YAHAL_schloss_reg\libYAHAL_schloss_reg.a(uart_msp432.cpp.obj) (irq_dispatcher::link_in())
YAHAL_schloss_reg\libYAHAL_schloss_reg.a(task_msp432.cpp.obj)
                              YAHAL_schloss_reg\libYAHAL_schloss_reg.a(task.cpp.obj) (task::_setup_stack(bool))
c:/progra~2/armgnu~1/12dbab~1.2re/bin/../lib/gcc/arm-none-eabi/12.2.1/thumb/v7e-m+fp/hard\libstdc++.a(atexit_arm.o)
                              YAHAL_schloss_reg\libYAHAL_schloss_reg.a(uart_msp432.cpp.obj) (__aeabi_atexit)
c:/progra~2/armgnu~1/12dbab~1.2re/bin/../lib/gcc/arm-none-eabi/12.2.1/thumb/v7e-m+fp/hard\libstdc++.a(del_ops.o)
                              YAHAL_schloss_reg\libYAHAL_schloss_reg.a(uart_msp432.cpp.obj) (operator delete(void*, unsigned int))
c:/progra~2/armgnu~1/12dbab~1.2re/bin/../lib/gcc/arm-none-eabi/12.2.1/thumb/v7e-m+fp/hard\libstdc++.a(del_opv.o)
                              YAHAL_schloss_reg\libYAHAL_schloss_reg.a(task.cpp.obj) (operator delete[](void*))
c:/progra~2/armgnu~1/12dbab~1.2re/bin/../lib/gcc/arm-none-eabi/12.2.1/thumb/v7e-m+fp/hard\libstdc++.a(new_op.o)
                              YAHAL_schloss_reg\libYAHAL_schloss_reg.a(task_msp432.cpp.obj) (operator new(unsigned int))
c:/progra~2/armgnu~1/12dbab~1.2re/bin/../lib/gcc/arm-none-eabi/12.2.1/thumb/v7e-m+fp/hard\libstdc++.a(new_opv.o)
                              YAHAL_schloss_reg\libYAHAL_schloss_reg.a(task.cpp.obj) (operator new[](unsigned int))
c:/progra~2/armgnu~1/12dbab~1.2re/bin/../lib/gcc/arm-none-eabi/12.2.1/thumb/v7e-m+fp/hard\libstdc++.a(bad_alloc.o)
                              c:/progra~2/armgnu~1/12dbab~1.2re/bin/../lib/gcc/arm-none-eabi/12.2.1/thumb/v7e-m+fp/hard\libstdc++.a(new_op.o) (vtable for std::bad_alloc)
c:/progra~2/armgnu~1/12dbab~1.2re/bin/../lib/gcc/arm-none-eabi/12.2.1/thumb/v7e-m+fp/hard\libstdc++.a(del_op.o)
                              c:/progra~2/armgnu~1/12dbab~1.2re/bin/../lib/gcc/arm-none-eabi/12.2.1/thumb/v7e-m+fp/hard\libstdc++.a(del_ops.o) (operator delete(void*))
c:/progra~2/armgnu~1/12dbab~1.2re/bin/../lib/gcc/arm-none-eabi/12.2.1/thumb/v7e-m+fp/hard\libstdc++.a(eh_alloc.o)
                              c:/progra~2/armgnu~1/12dbab~1.2re/bin/../lib/gcc/arm-none-eabi/12.2.1/thumb/v7e-m+fp/hard\libstdc++.a(new_op.o) (__cxa_allocate_exception)
c:/progra~2/armgnu~1/12dbab~1.2re/bin/../lib/gcc/arm-none-eabi/12.2.1/thumb/v7e-m+fp/hard\libstdc++.a(eh_exception.o)
                              c:/progra~2/armgnu~1/12dbab~1.2re/bin/../lib/gcc/arm-none-eabi/12.2.1/thumb/v7e-m+fp/hard\libstdc++.a(bad_alloc.o) (std::exception::~exception())
c:/progra~2/armgnu~1/12dbab~1.2re/bin/../lib/gcc/arm-none-eabi/12.2.1/thumb/v7e-m+fp/hard\libstdc++.a(eh_terminate.o)
                              c:/progra~2/armgnu~1/12dbab~1.2re/bin/../lib/gcc/arm-none-eabi/12.2.1/thumb/v7e-m+fp/hard\libstdc++.a(eh_alloc.o) (std::terminate())
c:/progra~2/armgnu~1/12dbab~1.2re/bin/../lib/gcc/arm-none-eabi/12.2.1/thumb/v7e-m+fp/hard\libstdc++.a(eh_throw.o)
                              c:/progra~2/armgnu~1/12dbab~1.2re/bin/../lib/gcc/arm-none-eabi/12.2.1/thumb/v7e-m+fp/hard\libstdc++.a(new_op.o) (__cxa_throw)
c:/progra~2/armgnu~1/12dbab~1.2re/bin/../lib/gcc/arm-none-eabi/12.2.1/thumb/v7e-m+fp/hard\libstdc++.a(eh_unex_handler.o)
                              c:/progra~2/armgnu~1/12dbab~1.2re/bin/../lib/gcc/arm-none-eabi/12.2.1/thumb/v7e-m+fp/hard\libstdc++.a(eh_terminate.o) (__cxxabiv1::__unexpected_handler)
c:/progra~2/armgnu~1/12dbab~1.2re/bin/../lib/gcc/arm-none-eabi/12.2.1/thumb/v7e-m+fp/hard\libstdc++.a(new_handler.o)
[...]
Memory Configuration

Name             Origin             Length             Attributes
FLASH            0x00000000         0x00040000         xr
RAM              0x20000000         0x00010000         rw
*default*        0x00000000         0xffffffff

Linker script and memory map

LOAD c:/progra~2/armgnu~1/12dbab~1.2re/bin/../lib/gcc/arm-none-eabi/12.2.1/thumb/v7e-m+fp/hard/crti.o
LOAD c:/progra~2/armgnu~1/12dbab~1.2re/bin/../lib/gcc/arm-none-eabi/12.2.1/thumb/v7e-m+fp/hard/crtbegin.o
LOAD c:/progra~2/armgnu~1/12dbab~1.2re/bin/../lib/gcc/arm-none-eabi/12.2.1/thumb/v7e-m+fp/hard/crt0.o

.text           0x00000000    0x13684
 *(.intvecs)
 .intvecs       0x00000000       0xe4 YAHAL_schloss_reg\libYAHAL_schloss_reg.a(startup_msp432p401r_gcc.cpp.obj)
 *(.text.*)
 .text.deregister_tm_clones
                0x000000e4       0x1c c:/progra~2/armgnu~1/12dbab~1.2re/bin/../lib/gcc/arm-none-eabi/12.2.1/thumb/v7e-m+fp/hard/crtbegin.o
 .text.register_tm_clones
                0x00000100       0x24 c:/progra~2/armgnu~1/12dbab~1.2re/bin/../lib/gcc/arm-none-eabi/12.2.1/thumb/v7e-m+fp/hard/crtbegin.o
 .text.__do_global_dtors_aux
                0x00000124       0x28 c:/progra~2/armgnu~1/12dbab~1.2re/bin/../lib/gcc/arm-none-eabi/12.2.1/thumb/v7e-m+fp/hard/crtbegin.o
 .text.frame_dummy
                0x0000014c       0x24 c:/progra~2/armgnu~1/12dbab~1.2re/bin/../lib/gcc/arm-none-eabi/12.2.1/thumb/v7e-m+fp/hard/crtbegin.o
 .text._Z5delayv
                0x00000170       0x18 CMakeFiles/schloss_reg.dir/schloss_reg.cpp.obj
                0x00000170                delay()
 .text._Z9startLockv
                0x00000188      0x214 CMakeFiles/schloss_reg.dir/schloss_reg.cpp.obj
                0x00000188                startLock()
 .text.main     0x0000039c       0x34 CMakeFiles/schloss_reg.dir/schloss_reg.cpp.obj
                0x0000039c                main
 .text.Default_Handler
                0x000003d0        0x2 YAHAL_schloss_reg\libYAHAL_schloss_reg.a(startup_msp432p401r_gcc.cpp.obj)
                0x000003d0                CS_IRQHandler
                0x000003d0                DebugMon_Handler
                0x000003d0                AES256_IRQHandler
                0x000003d0                HardFault_Handler
                0x000003d0                NMI_Handler
                0x000003d0                RTC_C_IRQHandler
                0x000003d0                FPU_IRQHandler
                0x000003d0                TA3_0_IRQHandler
                0x000003d0                UsageFault_Handler
                0x000003d0                DMA_INT3_IRQHandler
                0x000003d0                TA2_0_IRQHandler
                0x000003d0                DMA_INT1_IRQHandler
                0x000003d0                WDT_A_IRQHandler
                0x000003d0                TA2_N_IRQHandler
                0x000003d0                TA1_0_IRQHandler
                0x000003d0                PSS_IRQHandler
                0x000003d0                DMA_INT2_IRQHandler
                0x000003d0                DMA_INT0_IRQHandler
                0x000003d0                Default_Handler
                0x000003d0                T32_INTC_IRQHandler
                0x000003d0                TA3_N_IRQHandler
                0x000003d0                TA0_0_IRQHandler
                0x000003d0                MemManage_Handler
                0x000003d0                TA1_N_IRQHandler
                0x000003d0                COMP_E1_IRQHandler
                0x000003d0                FLCTL_IRQHandler
                0x000003d0                T32_INT1_IRQHandler
                0x000003d0                ADC14_IRQHandler
                0x000003d0                DMA_ERR_IRQHandler
                0x000003d0                BusFault_Handler
                0x000003d0                PCM_IRQHandler
                0x000003d0                TA0_N_IRQHandler
                0x000003d0                COMP_E0_IRQHandler
                0x000003d0                T32_INT2_IRQHandler
 *fill*         0x000003d2        0x2 
 .text.Reset_Handler
                0x000003d4       0x60 YAHAL_schloss_reg\libYAHAL_schloss_reg.a(startup_msp432p401r_gcc.cpp.obj)
                0x000003d4                Reset_Handler
 .text.__NVIC_EnableIRQ
                0x00000434       0x1c YAHAL_schloss_reg\libYAHAL_schloss_reg.a(uart_msp432.cpp.obj)
 .text.__NVIC_DisableIRQ
                0x00000450       0x24 YAHAL_schloss_reg\libYAHAL_schloss_reg.a(uart_msp432.cpp.obj)
 .text._ZL17yahal_assert_funcv
                0x00000474        0x2 YAHAL_schloss_reg\libYAHAL_schloss_reg.a(uart_msp432.cpp.obj)
 .text._ZN11uart_msp4328uartModeEt
                0x00000476       0xc0 YAHAL_schloss_reg\libYAHAL_schloss_reg.a(uart_msp432.cpp.obj)
                0x00000476                uart_msp432::uartMode(unsigned short)
 *fill*         0x00000536        0x2 
 .text._ZN11uart_msp43211setBaudrateEm
                0x00000538       0x18 YAHAL_schloss_reg\libYAHAL_schloss_reg.a(uart_msp432.cpp.obj)
                0x00000538                uart_msp432::setBaudrate(unsigned long)
 .text._ZN11uart_msp43213uartEnableIrqEv
                0x00000550        0x8 YAHAL_schloss_reg\libYAHAL_schloss_reg.a(uart_msp432.cpp.obj)
                0x00000550                uart_msp432::uartEnableIrq()
 .text._ZN11uart_msp43214uartDisableIrqEv
                0x00000558        0x8 YAHAL_schloss_reg\libYAHAL_schloss_reg.a(uart_msp432.cpp.obj)
                0x00000558                uart_msp432::uartDisableIrq()
 .text._ZN11uart_msp432D2Ev
                0x00000560       0x58 YAHAL_schloss_reg\libYAHAL_schloss_reg.a(uart_msp432.cpp.obj)
                0x00000560                uart_msp432::~uart_msp432()
                0x00000560                uart_msp432::~uart_msp432()
 .text._ZN11uart_msp432D0Ev
                0x000005b8       0x14 YAHAL_schloss_reg\libYAHAL_schloss_reg.a(uart_msp432.cpp.obj)
                0x000005b8                uart_msp432::~uart_msp432()
 .text._Z41__static_initialization_and_destruction_0ii
                0x000005cc       0x5c YAHAL_schloss_reg\libYAHAL_schloss_reg.a(uart_msp432.cpp.obj)
 .text._ZNSt14_Function_baseD2Ev
                0x00000628       0x12 YAHAL_schloss_reg\libYAHAL_schloss_reg.a(uart_msp432.cpp.obj)
                0x00000628                std::_Function_base::~_Function_base()
                0x00000628                std::_Function_base::~_Function_base()
 *fill*         0x0000063a        0x2 
 .text.__tcf_0  0x0000063c       0x20 YAHAL_schloss_reg\libYAHAL_schloss_reg.a(uart_msp432.cpp.obj)
 .text._ZN11uart_msp432C2EP12EUSCI_A_Typemt
                0x0000065c       0x2c YAHAL_schloss_reg\libYAHAL_schloss_reg.a(uart_msp432.cpp.obj)
                0x0000065c                uart_msp432::uart_msp432(EUSCI_A_Type*, unsigned long, unsigned short)
                0x0000065c                uart_msp432::uart_msp432(EUSCI_A_Type*, unsigned long, unsigned short)
 .text._ZN11uart_msp4324initEv
                0x00000688       0xe4 YAHAL_schloss_reg\libYAHAL_schloss_reg.a(uart_msp432.cpp.obj)
                0x00000688                uart_msp432::init()
 .text._ZN11uart_msp4329availableEv
                0x0000076c       0x18 YAHAL_schloss_reg\libYAHAL_schloss_reg.a(uart_msp432.cpp.obj)
                0x0000076c                uart_msp432::available()
 .text._ZN11uart_msp4324getcEv
                0x00000784       0x1e YAHAL_schloss_reg\libYAHAL_schloss_reg.a(uart_msp432.cpp.obj)
                0x00000784                uart_msp432::getc()
 .text._ZN11uart_msp4324putcEc
                0x000007a2       0x1e YAHAL_schloss_reg\libYAHAL_schloss_reg.a(uart_msp432.cpp.obj)
                0x000007a2                uart_msp432::putc(char)
 .text._ZNSt8functionIFvcEEaSEDn
                0x000007c0       0x18 YAHAL_schloss_reg\libYAHAL_schloss_reg.a(uart_msp432.cpp.obj)
                0x000007c0                std::function<void (char)>::operator=(decltype(nullptr))
 .text._ZN11uart_msp43213uartDetachIrqEv
                0x000007d8       0x34 YAHAL_schloss_reg\libYAHAL_schloss_reg.a(uart_msp432.cpp.obj)
                0x000007d8                uart_msp432::uartDetachIrq()
 .text._ZNKSt8functionIFvcEEclEc
                0x0000080c       0x1e YAHAL_schloss_reg\libYAHAL_schloss_reg.a(uart_msp432.cpp.obj)
                0x0000080c                std::function<void (char)>::operator()(char) const
 *fill*         0x0000082a        0x2 
 .text._ZN11uart_msp4329handleIrqEP12EUSCI_A_Type
                0x0000082c       0x20 YAHAL_schloss_reg\libYAHAL_schloss_reg.a(uart_msp432.cpp.obj)
                0x0000082c                uart_msp432::handleIrq(EUSCI_A_Type*)
 .text.EUSCIA0_UART_IRQHandler
                0x0000084c       0x10 YAHAL_schloss_reg\libYAHAL_schloss_reg.a(uart_msp432.cpp.obj)
                0x0000084c                EUSCIA0_UART_IRQHandler
 .text.EUSCIA1_UART_IRQHandler
                0x0000085c       0x10 YAHAL_schloss_reg\libYAHAL_schloss_reg.a(uart_msp432.cpp.obj)
                0x0000085c                EUSCIA1_UART_IRQHandler
 .text.EUSCIA2_UART_IRQHandler
                0x0000086c       0x10 YAHAL_schloss_reg\libYAHAL_schloss_reg.a(uart_msp432.cpp.obj)
                0x0000086c                EUSCIA2_UART_IRQHandler
 .text.EUSCIA3_UART_IRQHandler
                0x0000087c       0x10 YAHAL_schloss_reg\libYAHAL_schloss_reg.a(uart_msp432.cpp.obj)
                0x0000087c                EUSCIA3_UART_IRQHandler
 .text._ZNSt8functionIFvcEEC2ERKS1_
                0x0000088c       0x24 YAHAL_schloss_reg\libYAHAL_schloss_reg.a(uart_msp432.cpp.obj)
                0x0000088c                std::function<void (char)>::function(std::function<void (char)> const&)
                0x0000088c                std::function<void (char)>::function(std::function<void (char)> const&)
 .text._ZSt4swapISt9_Any_dataENSt9enable_ifIXsrSt6__and_IJSt6__not_ISt15__is_tuple_likeIT_EESt21is_move_constructibleIS5_ESt18is_move_assignableIS5_EEE5valueEvE4typeERS5_SF_
                0x000008b0       0x24 YAHAL_schloss_reg\libYAHAL_schloss_reg.a(uart_msp432.cpp.obj)
                0x000008b0                std::enable_if<std::__and_<std::__not_<std::__is_tuple_like<std::_Any_data> >, std::is_move_constructible<std::_Any_data>, std::is_move_assignable<std::_Any_data> >::value, void>::type std::swap<std::_Any_data>(std::_Any_data&, std::_Any_data&)
 .text._ZNSt8functionIFvcEE4swapERS1_
                0x000008d4       0x1c YAHAL_schloss_reg\libYAHAL_schloss_reg.a(uart_msp432.cpp.obj)
                0x000008d4                std::function<void (char)>::swap(std::function<void (char)>&)
 .text._ZNSt8functionIFvcEEaSERKS1_
                0x000008f0       0x20 YAHAL_schloss_reg\libYAHAL_schloss_reg.a(uart_msp432.cpp.obj)
                0x000008f0                std::function<void (char)>::operator=(std::function<void (char)> const&)
 .text._ZN11uart_msp43213uartAttachIrqESt8functionIFvcEE
                0x00000910       0x38 YAHAL_schloss_reg\libYAHAL_schloss_reg.a(uart_msp432.cpp.obj)
                0x00000910                uart_msp432::uartAttachIrq(std::function<void (char)>)
 .text._GLOBAL__sub_I_UART_CLK
                0x00000948        0xe YAHAL_schloss_reg\libYAHAL_schloss_reg.a(uart_msp432.cpp.obj)
 *fill*         0x00000956        0x2 
 .text.calculate_DCO_clock
                0x00000958       0xd4 YAHAL_schloss_reg\libYAHAL_schloss_reg.a(system_msp432_gcc.cpp.obj)
                0x00000958                calculate_DCO_clock
 .text.SystemCoreClockUpdate
                0x00000a2c      0x168 YAHAL_schloss_reg\libYAHAL_schloss_reg.a(system_msp432_gcc.cpp.obj)
                0x00000a2c                SystemCoreClockUpdate
 .text.SystemInit
                0x00000b94       0xf4 YAHAL_schloss_reg\libYAHAL_schloss_reg.a(system_msp432_gcc.cpp.obj)
                0x00000b94                SystemInit
 .text._ZL17yahal_assert_funcv
                0x00000c88        0x2 YAHAL_schloss_reg\libYAHAL_schloss_reg.a(task.cpp.obj)
 *fill*         0x00000c8a        0x2 
 .text._Z41__static_initialization_and_destruction_0ii
                0x00000c8c       0x20 YAHAL_schloss_reg\libYAHAL_schloss_reg.a(task.cpp.obj)
 .text._ZN4taskC2EPKct
                0x00000cac       0x74 YAHAL_schloss_reg\libYAHAL_schloss_reg.a(task.cpp.obj)
                0x00000cac                task::task(char const*, unsigned short)
                0x00000cac                task::task(char const*, unsigned short)
 .text._ZN4task5sleepEm
                0x00000d20       0x48 YAHAL_schloss_reg\libYAHAL_schloss_reg.a(task.cpp.obj)
                0x00000d20                task::sleep(unsigned long)
 .text._ZN4task10_schedulerEv
                0x00000d68       0xa8 YAHAL_schloss_reg\libYAHAL_schloss_reg.a(task.cpp.obj)
                0x00000d68                task::_scheduler()
 .text._ZN4task13_tick_handlerEv
                0x00000e10       0x2c YAHAL_schloss_reg\libYAHAL_schloss_reg.a(task.cpp.obj)
                0x00000e10                task::_tick_handler()
 .text._ZNKSt8functionIFvvEEclEv
                0x00000e3c       0x10 YAHAL_schloss_reg\libYAHAL_schloss_reg.a(task.cpp.obj)
                0x00000e3c                std::function<void ()>::operator()() const
 .text._ZN4task3runEv
                0x00000e4c        0xa YAHAL_schloss_reg\libYAHAL_schloss_reg.a(task.cpp.obj)
                0x00000e4c                task::run()
 .text._ZN13circular_listI4taskE9push_backEPS0_
                0x00000e56       0x2e YAHAL_schloss_reg\libYAHAL_schloss_reg.a(task.cpp.obj)
                0x00000e56                circular_list<task>::push_back(task*)
 .text._ZN4task5startEtb
                0x00000e84       0x74 YAHAL_schloss_reg\libYAHAL_schloss_reg.a(task.cpp.obj)
                0x00000e84                task::start(unsigned short, bool)
 .text._ZN13circular_listI4taskE6removeEPS0_
                0x00000ef8       0x3e YAHAL_schloss_reg\libYAHAL_schloss_reg.a(task.cpp.obj)
                0x00000ef8                circular_list<task>::remove(task*)
 *fill*         0x00000f36        0x2 
 .text._ZN4task4stopEv
                0x00000f38       0x28 YAHAL_schloss_reg\libYAHAL_schloss_reg.a(task.cpp.obj)
                0x00000f38                task::stop()
 .text._ZN4taskD2Ev
                0x00000f60       0x28 YAHAL_schloss_reg\libYAHAL_schloss_reg.a(task.cpp.obj)
                0x00000f60                task::~task()
                0x00000f60                task::~task()
 .text._ZN4taskD0Ev
                0x00000f88       0x14 YAHAL_schloss_reg\libYAHAL_schloss_reg.a(task.cpp.obj)
                0x00000f88                task::~task()
 .text._ZN4task4_runEv
                0x00000f9c       0x12 YAHAL_schloss_reg\libYAHAL_schloss_reg.a(task.cpp.obj)
                0x00000f9c                task::_run()
 .text._ZNSt8functionIFvvEEC2ERKS1_
                0x00000fae       0x24 YAHAL_schloss_reg\libYAHAL_schloss_reg.a(task.cpp.obj)
                0x00000fae                std::function<void ()>::function(std::function<void ()> const&)
                0x00000fae                std::function<void ()>::function(std::function<void ()> const&)
 .text._ZNSt8functionIFvvEE4swapERS1_
                0x00000fd2       0x1c YAHAL_schloss_reg\libYAHAL_schloss_reg.a(task.cpp.obj)
                0x00000fd2                std::function<void ()>::swap(std::function<void ()>&)
 .text._ZNSt8functionIFvvEEaSERKS1_
                0x00000fee       0x20 YAHAL_schloss_reg\libYAHAL_schloss_reg.a(task.cpp.obj)
                0x00000fee                std::function<void ()>::operator=(std::function<void ()> const&)
 .text._GLOBAL__sub_I__ZN4task9_up_ticksE
                0x0000100e        0xe YAHAL_schloss_reg\libYAHAL_schloss_reg.a(task.cpp.obj)
 .text.__yahal_bad_function_call
                0x0000101c        0x2 YAHAL_schloss_reg\libYAHAL_schloss_reg.a(cpp_support.cpp.obj)
                0x0000101c                std::__throw_bad_function_call()
                0x0000101c                __yahal_bad_function_call
 *fill*         0x0000101e        0x2 
 .text._Z41__static_initialization_and_destruction_0ii
                0x00001020       0x28 YAHAL_schloss_reg\libYAHAL_schloss_reg.a(posix_io.cpp.obj)
 .text._read    0x00001048       0x78 YAHAL_schloss_reg\libYAHAL_schloss_reg.a(posix_io.cpp.obj)
                0x00001048                _read
 .text._write   0x000010c0      0x100 YAHAL_schloss_reg\libYAHAL_schloss_reg.a(posix_io.cpp.obj)
                0x000010c0                _write
 .text._close   0x000011c0       0x24 YAHAL_schloss_reg\libYAHAL_schloss_reg.a(posix_io.cpp.obj)
                0x000011c0                _close
 .text._fstat   0x000011e4       0x24 YAHAL_schloss_reg\libYAHAL_schloss_reg.a(posix_io.cpp.obj)
                0x000011e4                _fstat
 .text._lseek   0x00001208       0x20 YAHAL_schloss_reg\libYAHAL_schloss_reg.a(posix_io.cpp.obj)
                0x00001208                _lseek
 .text._isatty  0x00001228       0x2c YAHAL_schloss_reg\libYAHAL_schloss_reg.a(posix_io.cpp.obj)
                0x00001228                _isatty
 .text._kill    0x00001254       0x10 YAHAL_schloss_reg\libYAHAL_schloss_reg.a(posix_io.cpp.obj)
                0x00001254                _kill
 .text._getpid  0x00001264        0x6 YAHAL_schloss_reg\libYAHAL_schloss_reg.a(posix_io.cpp.obj)
                0x00001264                _getpid
 *fill*         0x0000126a        0x2 
 .text._ZN8posix_io15register_stdoutER14uart_interfaceb
                0x0000126c       0x1c YAHAL_schloss_reg\libYAHAL_schloss_reg.a(posix_io.cpp.obj)
                0x0000126c                posix_io::register_stdout(uart_interface&, bool)
 .text._GLOBAL__sub_I__ZN8posix_io4instE
                0x00001288        0xe YAHAL_schloss_reg\libYAHAL_schloss_reg.a(posix_io.cpp.obj)
 *fill*         0x00001296        0x2 
 .text.__NVIC_EnableIRQ
                0x00001298       0x1c YAHAL_schloss_reg\libYAHAL_schloss_reg.a(gpio_msp432.cpp.obj)
 .text._ZL17yahal_assert_funcv
                0x000012b4        0x2 YAHAL_schloss_reg\libYAHAL_schloss_reg.a(gpio_msp432.cpp.obj)
 *fill*         0x000012b6        0x2 
 .text._ZN11gpio_msp4328gpioReadEt
                0x000012b8       0x48 YAHAL_schloss_reg\libYAHAL_schloss_reg.a(gpio_msp432.cpp.obj)
                0x000012b8                gpio_msp432::gpioRead(unsigned short)
 .text._ZN11gpio_msp4329gpioWriteEtb
                0x00001300      0x148 YAHAL_schloss_reg\libYAHAL_schloss_reg.a(gpio_msp432.cpp.obj)
                0x00001300                gpio_msp432::gpioWrite(unsigned short, bool)
 .text._ZN11gpio_msp43210gpioToggleEt
                0x00001448       0x50 YAHAL_schloss_reg\libYAHAL_schloss_reg.a(gpio_msp432.cpp.obj)
                0x00001448                gpio_msp432::gpioToggle(unsigned short)
 .text._ZN11gpio_msp43213gpioEnableIrqEt
                0x00001498       0x60 YAHAL_schloss_reg\libYAHAL_schloss_reg.a(gpio_msp432.cpp.obj)
                0x00001498                gpio_msp432::gpioEnableIrq(unsigned short)
 .text._ZN11gpio_msp43214gpioDisableIrqEt
                0x000014f8       0x48 YAHAL_schloss_reg\libYAHAL_schloss_reg.a(gpio_msp432.cpp.obj)
                0x000014f8                gpio_msp432::gpioDisableIrq(unsigned short)
 .text._ZN11gpio_msp432D2Ev
                0x00001540       0x30 YAHAL_schloss_reg\libYAHAL_schloss_reg.a(gpio_msp432.cpp.obj)
                0x00001540                gpio_msp432::~gpio_msp432()
                0x00001540                gpio_msp432::~gpio_msp432()
 .text._ZN11gpio_msp432D0Ev
                0x00001570       0x16 YAHAL_schloss_reg\libYAHAL_schloss_reg.a(gpio_msp432.cpp.obj)
                0x00001570                gpio_msp432::~gpio_msp432()
 *fill*         0x00001586        0x2 
 .text._ZN11gpio_msp432C2Ev
                0x00001588       0x48 YAHAL_schloss_reg\libYAHAL_schloss_reg.a(gpio_msp432.cpp.obj)
                0x00001588                gpio_msp432::gpio_msp432()
                0x00001588                gpio_msp432::gpio_msp432()
 .text._Z41__static_initialization_and_destruction_0ii
                0x000015d0       0x30 YAHAL_schloss_reg\libYAHAL_schloss_reg.a(gpio_msp432.cpp.obj)
 .text._ZN11gpio_msp4326setSELEth
                0x00001600       0x58 YAHAL_schloss_reg\libYAHAL_schloss_reg.a(gpio_msp432.cpp.obj)
                0x00001600                gpio_msp432::setSEL(unsigned short, unsigned char)
 .text._ZN11gpio_msp4327setModeEtt
                0x00001658      0x168 YAHAL_schloss_reg\libYAHAL_schloss_reg.a(gpio_msp432.cpp.obj)
                0x00001658                gpio_msp432::setMode(unsigned short, unsigned short)
 .text._ZN11gpio_msp4328gpioModeEtt
                0x000017c0       0x1a YAHAL_schloss_reg\libYAHAL_schloss_reg.a(gpio_msp432.cpp.obj)
                0x000017c0                gpio_msp432::gpioMode(unsigned short, unsigned short)
 .text._ZNSt8functionIFvvEEaSEDn
                0x000017da       0x18 YAHAL_schloss_reg\libYAHAL_schloss_reg.a(gpio_msp432.cpp.obj)
                0x000017da                std::function<void ()>::operator=(decltype(nullptr))
 *fill*         0x000017f2        0x2 
 .text._ZN11gpio_msp43213gpioDetachIrqEt
                0x000017f4       0x4c YAHAL_schloss_reg\libYAHAL_schloss_reg.a(gpio_msp432.cpp.obj)
                0x000017f4                gpio_msp432::gpioDetachIrq(unsigned short)
 .text._ZN11gpio_msp4329handleIrqEhh
                0x00001840       0x48 YAHAL_schloss_reg\libYAHAL_schloss_reg.a(gpio_msp432.cpp.obj)
                0x00001840                gpio_msp432::handleIrq(unsigned char, unsigned char)
 .text.PORT1_IRQHandler
                0x00001888       0x24 YAHAL_schloss_reg\libYAHAL_schloss_reg.a(gpio_msp432.cpp.obj)
                0x00001888                PORT1_IRQHandler
 .text.PORT2_IRQHandler
                0x000018ac       0x24 YAHAL_schloss_reg\libYAHAL_schloss_reg.a(gpio_msp432.cpp.obj)
                0x000018ac                PORT2_IRQHandler
 .text.PORT3_IRQHandler
                0x000018d0       0x24 YAHAL_schloss_reg\libYAHAL_schloss_reg.a(gpio_msp432.cpp.obj)
                0x000018d0                PORT3_IRQHandler
 .text.PORT4_IRQHandler
                0x000018f4       0x24 YAHAL_schloss_reg\libYAHAL_schloss_reg.a(gpio_msp432.cpp.obj)
                0x000018f4                PORT4_IRQHandler
 .text.PORT5_IRQHandler
                0x00001918       0x28 YAHAL_schloss_reg\libYAHAL_schloss_reg.a(gpio_msp432.cpp.obj)
                0x00001918                PORT5_IRQHandler
 .text.PORT6_IRQHandler
                0x00001940       0x28 YAHAL_schloss_reg\libYAHAL_schloss_reg.a(gpio_msp432.cpp.obj)
                0x00001940                PORT6_IRQHandler
 .text._ZN11gpio_msp43213gpioAttachIrqEttSt8functionIFvvEE
                0x00001968       0xf8 YAHAL_schloss_reg\libYAHAL_schloss_reg.a(gpio_msp432.cpp.obj)
                0x00001968                gpio_msp432::gpioAttachIrq(unsigned short, unsigned short, std::function<void ()>)
 .text._GLOBAL__sub_I_port_base
                0x00001a60        0xe YAHAL_schloss_reg\libYAHAL_schloss_reg.a(gpio_msp432.cpp.obj)
 .text._ZN14irq_dispatcher7link_inEv
                0x00001a6e        0x2 YAHAL_schloss_reg\libYAHAL_schloss_reg.a(irq_dispatcher.cpp.obj)
                0x00001a6e                irq_dispatcher::link_in()
 .text.Default_EUSCI_Handler
                0x00001a70        0x2 YAHAL_schloss_reg\libYAHAL_schloss_reg.a(irq_dispatcher.cpp.obj)
                0x00001a70                EUSCIA2_SPI_IRQHandler
                0x00001a70                EUSCIB0_I2C_IRQHandler
                0x00001a70                EUSCIB1_SPI_IRQHandler
                0x00001a70                EUSCIA3_SPI_IRQHandler
                0x00001a70                EUSCIA1_SPI_IRQHandler
                0x00001a70                EUSCIB2_I2C_IRQHandler
                0x00001a70                EUSCIB3_SPI_IRQHandler
                0x00001a70                EUSCIB0_SPI_IRQHandler
                0x00001a70                Default_EUSCI_Handler
                0x00001a70                EUSCIB1_I2C_IRQHandler
                0x00001a70                EUSCIB3_I2C_IRQHandler
                0x00001a70                EUSCIA0_SPI_IRQHandler
                0x00001a70                EUSCIB2_SPI_IRQHandler
 *fill*         0x00001a72        0x2 
 .text.EUSCIA0_IRQHandler
                0x00001a74       0x1c YAHAL_schloss_reg\libYAHAL_schloss_reg.a(irq_dispatcher.cpp.obj)
                0x00001a74                EUSCIA0_IRQHandler
 .text.EUSCIA1_IRQHandler
                0x00001a90       0x1c YAHAL_schloss_reg\libYAHAL_schloss_reg.a(irq_dispatcher.cpp.obj)
                0x00001a90                EUSCIA1_IRQHandler
 .text.EUSCIA2_IRQHandler
                0x00001aac       0x1c YAHAL_schloss_reg\libYAHAL_schloss_reg.a(irq_dispatcher.cpp.obj)
                0x00001aac                EUSCIA2_IRQHandler
 .text.EUSCIA3_IRQHandler
                0x00001ac8       0x1c YAHAL_schloss_reg\libYAHAL_schloss_reg.a(irq_dispatcher.cpp.obj)
                0x00001ac8                EUSCIA3_IRQHandler
 .text.EUSCIB0_IRQHandler
                0x00001ae4       0x20 YAHAL_schloss_reg\libYAHAL_schloss_reg.a(irq_dispatcher.cpp.obj)
                0x00001ae4                EUSCIB0_IRQHandler
 .text.EUSCIB1_IRQHandler
                0x00001b04       0x20 YAHAL_schloss_reg\libYAHAL_schloss_reg.a(irq_dispatcher.cpp.obj)
                0x00001b04                EUSCIB1_IRQHandler
 .text.EUSCIB2_IRQHandler
                0x00001b24       0x20 YAHAL_schloss_reg\libYAHAL_schloss_reg.a(irq_dispatcher.cpp.obj)
                0x00001b24                EUSCIB2_IRQHandler
 .text.EUSCIB3_IRQHandler
                0x00001b44       0x20 YAHAL_schloss_reg\libYAHAL_schloss_reg.a(irq_dispatcher.cpp.obj)
                0x00001b44                EUSCIB3_IRQHandler
 .text._ZL17yahal_assert_funcv
                0x00001b64        0x2 YAHAL_schloss_reg\libYAHAL_schloss_reg.a(task_msp432.cpp.obj)
 *fill*         0x00001b66        0x2 
 .text._ZN9task_idleD2Ev
                0x00001b68       0x14 YAHAL_schloss_reg\libYAHAL_schloss_reg.a(task_msp432.cpp.obj)
                0x00001b68                task_idle::~task_idle()
                0x00001b68                task_idle::~task_idle()
 .text._ZN9task_idleD0Ev
                0x00001b7c       0x1c YAHAL_schloss_reg\libYAHAL_schloss_reg.a(task_msp432.cpp.obj)
                0x00001b7c                task_idle::~task_idle()
 .text._ZN4task13_switchToNextEv
                0x00001b98       0x14 YAHAL_schloss_reg\libYAHAL_schloss_reg.a(task_msp432.cpp.obj)
                0x00001b98                task::_switchToNext()
 .text._ZN4task13_getStackBaseEv
                0x00001bac        0xc YAHAL_schloss_reg\libYAHAL_schloss_reg.a(task_msp432.cpp.obj)
                0x00001bac                task::_getStackBase()
 .text._ZN4task12_getStackPtrEv
                0x00001bb8        0xc YAHAL_schloss_reg\libYAHAL_schloss_reg.a(task_msp432.cpp.obj)
                0x00001bb8                task::_getStackPtr()
 .text._ZN4task12_setStackPtrEPh
                0x00001bc4        0xc YAHAL_schloss_reg\libYAHAL_schloss_reg.a(task_msp432.cpp.obj)
                0x00001bc4                task::_setStackPtr(unsigned char*)
 .text._ZN4task12_setup_stackEb
                0x00001bd0       0x48 YAHAL_schloss_reg\libYAHAL_schloss_reg.a(task_msp432.cpp.obj)
                0x00001bd0                task::_setup_stack(bool)
 .text._ZN4task15_context_switchEv
                0x00001c18       0x10 YAHAL_schloss_reg\libYAHAL_schloss_reg.a(task_msp432.cpp.obj)
                0x00001c18                task::_context_switch()
 .text._ZN4task12_nonOS_sleepEm
                0x00001c28       0x44 YAHAL_schloss_reg\libYAHAL_schloss_reg.a(task_msp432.cpp.obj)
                0x00001c28                task::_nonOS_sleep(unsigned long)
 .text._ZN4task5yieldEv
                0x00001c6c        0x4 YAHAL_schloss_reg\libYAHAL_schloss_reg.a(task_msp432.cpp.obj)
                0x00001c6c                task::yield()
 .text._ZN4task9cpu_sleepEv
                0x00001c70        0x4 YAHAL_schloss_reg\libYAHAL_schloss_reg.a(task_msp432.cpp.obj)
                0x00001c70                task::cpu_sleep()
 .text._ZN9task_idle3runEv
                0x00001c74        0x8 YAHAL_schloss_reg\libYAHAL_schloss_reg.a(task_msp432.cpp.obj)
                0x00001c74                task_idle::run()
 .text._ZN4task13enterCriticalEv
                0x00001c7c        0xa YAHAL_schloss_reg\libYAHAL_schloss_reg.a(task_msp432.cpp.obj)
                0x00001c7c                task::enterCritical()
 .text._ZN4task13leaveCriticalEv
                0x00001c86        0x6 YAHAL_schloss_reg\libYAHAL_schloss_reg.a(task_msp432.cpp.obj)
                0x00001c86                task::leaveCritical()
 .text.SysTick_Handler
                0x00001c8c        0x8 YAHAL_schloss_reg\libYAHAL_schloss_reg.a(task_msp432.cpp.obj)
                0x00001c8c                SysTick_Handler
 .text.PendSV_Handler
                0x00001c94       0x6c YAHAL_schloss_reg\libYAHAL_schloss_reg.a(task_msp432.cpp.obj)
                0x00001c94                PendSV_Handler
 .text.SVC_Handler
                0x00001d00       0x24 YAHAL_schloss_reg\libYAHAL_schloss_reg.a(task_msp432.cpp.obj)
                0x00001d00                SVC_Handler
 .text.SVC_Handler_C
                0x00001d24       0xd0 YAHAL_schloss_reg\libYAHAL_schloss_reg.a(task_msp432.cpp.obj)
                0x00001d24                SVC_Handler_C
 .text.__aeabi_atexit
                0x00001df4        0xc c:/progra~2/armgnu~1/12dbab~1.2re/bin/../lib/gcc/arm-none-eabi/12.2.1/thumb/v7e-m+fp/hard\libstdc++.a(atexit_arm.o)
                0x00001df4                __aeabi_atexit
 .text._ZdlPvj  0x00001e00        0x4 c:/progra~2/armgnu~1/12dbab~1.2re/bin/../lib/gcc/arm-none-eabi/12.2.1/thumb/v7e-m+fp/hard\libstdc++.a(del_ops.o)
                0x00001e00                operator delete(void*, unsigned int)
 .text._ZdaPv   0x00001e04        0x4 c:/progra~2/armgnu~1/12dbab~1.2re/bin/../lib/gcc/arm-none-eabi/12.2.1/thumb/v7e-m+fp/hard\libstdc++.a(del_opv.o)
                0x00001e04                operator delete[](void*)
 .text._Znwj    0x00001e08       0x3c c:/progra~2/armgnu~1/12dbab~1.2re/bin/../lib/gcc/arm-none-eabi/12.2.1/thumb/v7e-m+fp/hard\libstdc++.a(new_op.o)
                0x00001e08                operator new(unsigned int)
 .text._Znaj    0x00001e44        0x4 c:/progra~2/armgnu~1/12dbab~1.2re/bin/../lib/gcc/arm-none-eabi/12.2.1/thumb/v7e-m+fp/hard\libstdc++.a(new_opv.o)
                0x00001e44                operator new[](unsigned int)
 .text._ZNKSt9bad_alloc4whatEv
                0x00001e48        0x8 c:/progra~2/armgnu~1/12dbab~1.2re/bin/../lib/gcc/arm-none-eabi/12.2.1/thumb/v7e-m+fp/hard\libstdc++.a(bad_alloc.o)
                0x00001e48                std::bad_alloc::what() const
 .text._ZNSt9bad_allocD2Ev
                0x00001e50       0x14 c:/progra~2/armgnu~1/12dbab~1.2re/bin/../lib/gcc/arm-none-eabi/12.2.1/thumb/v7e-m+fp/hard\libstdc++.a(bad_alloc.o)
                0x00001e50                std::bad_alloc::~bad_alloc()
                0x00001e50                std::bad_alloc::~bad_alloc()
 .text._ZNSt9bad_allocD0Ev
                0x00001e64       0x1c c:/progra~2/armgnu~1/12dbab~1.2re/bin/../lib/gcc/arm-none-eabi/12.2.1/thumb/v7e-m+fp/hard\libstdc++.a(bad_alloc.o)
                0x00001e64                std::bad_alloc::~bad_alloc()
 .text._ZdlPv   0x00001e80        0x4 c:/progra~2/armgnu~1/12dbab~1.2re/bin/../lib/gcc/arm-none-eabi/12.2.1/thumb/v7e-m+fp/hard\libstdc++.a(del_op.o)
                0x00001e80                operator delete(void*)
 .text._ZN12_GLOBAL__N_14pool4freeEPv.constprop.0
                0x00001e84       0x78 c:/progra~2/armgnu~1/12dbab~1.2re/bin/../lib/gcc/arm-none-eabi/12.2.1/thumb/v7e-m+fp/hard\libstdc++.a(eh_alloc.o)
 .text._ZN12_GLOBAL__N_14pool8allocateEj.constprop.0
                0x00001efc       0x58 c:/progra~2/armgnu~1/12dbab~1.2re/bin/../lib/gcc/arm-none-eabi/12.2.1/thumb/v7e-m+fp/hard\libstdc++.a(eh_alloc.o)
 .text.__cxa_allocate_exception
                0x00001f54       0x30 c:/progra~2/armgnu~1/12dbab~1.2re/bin/../lib/gcc/arm-none-eabi/12.2.1/thumb/v7e-m+fp/hard\libstdc++.a(eh_alloc.o)
                0x00001f54                __cxa_allocate_exception
 .text.__cxa_free_exception
                0x00001f84       0x20 c:/progra~2/armgnu~1/12dbab~1.2re/bin/../lib/gcc/arm-none-eabi/12.2.1/thumb/v7e-m+fp/hard\libstdc++.a(eh_alloc.o)
                0x00001f84                __cxa_free_exception
 .text.startup._GLOBAL__sub_I__ZN9__gnu_cxx9__freeresEv
                0x00001fa4       0x28 c:/progra~2/armgnu~1/12dbab~1.2re/bin/../lib/gcc/arm-none-eabi/12.2.1/thumb/v7e-m+fp/hard\libstdc++.a(eh_alloc.o)
 .text._ZNSt9exceptionD2Ev
                0x00001fcc        0x4 c:/progra~2/armgnu~1/12dbab~1.2re/bin/../lib/gcc/arm-none-eabi/12.2.1/thumb/v7e-m+fp/hard\libstdc++.a(eh_exception.o)
                0x00001fcc                std::exception::~exception()
                0x00001fcc                std::exception::~exception()
 .text._ZNSt13bad_exceptionD2Ev
                0x00001fd0        0x4 c:/progra~2/armgnu~1/12dbab~1.2re/bin/../lib/gcc/arm-none-eabi/12.2.1/thumb/v7e-m+fp/hard\libstdc++.a(eh_exception.o)
                0x00001fd0                std::bad_exception::~bad_exception()
                0x00001fd0                std::bad_exception::~bad_exception()
 .text._ZNKSt13bad_exception4whatEv
                0x00001fd4        0x8 c:/progra~2/armgnu~1/12dbab~1.2re/bin/../lib/gcc/arm-none-eabi/12.2.1/thumb/v7e-m+fp/hard\libstdc++.a(eh_exception.o)
                0x00001fd4                std::bad_exception::what() const
                0x00001fd4                transaction clone for std::bad_exception::what() const
 .text._ZNSt13bad_exceptionD0Ev
                0x00001fdc       0x10 c:/progra~2/armgnu~1/12dbab~1.2re/bin/../lib/gcc/arm-none-eabi/12.2.1/thumb/v7e-m+fp/hard\libstdc++.a(eh_exception.o)
                0x00001fdc                std::bad_exception::~bad_exception()
 .text._ZN10__cxxabiv111__terminateEPFvvE
                0x00001fec       0x10 c:/progra~2/armgnu~1/12dbab~1.2re/bin/../lib/gcc/arm-none-eabi/12.2.1/thumb/v7e-m+fp/hard\libstdc++.a(eh_terminate.o)
                0x00001fec                __cxxabiv1::__terminate(void (*)())
 .text._ZSt9terminatev
                0x00001ffc       0x14 c:/progra~2/armgnu~1/12dbab~1.2re/bin/../lib/gcc/arm-none-eabi/12.2.1/thumb/v7e-m+fp/hard\libstdc++.a(eh_terminate.o)
                0x00001ffc                std::terminate()
 .text._ZN10__cxxabiv112__unexpectedEPFvvE
                0x00002010        0x8 c:/progra~2/armgnu~1/12dbab~1.2re/bin/../lib/gcc/arm-none-eabi/12.2.1/thumb/v7e-m+fp/hard\libstdc++.a(eh_terminate.o)
                0x00002010                __cxxabiv1::__unexpected(void (*)())
 .text._ZSt10unexpectedv
                0x00002018       0x14 c:/progra~2/armgnu~1/12dbab~1.2re/bin/../lib/gcc/arm-none-eabi/12.2.1/thumb/v7e-m+fp/hard\libstdc++.a(eh_terminate.o)
                0x00002018                std::unexpected()
 .text._ZSt13get_terminatev
                0x0000202c       0x10 c:/progra~2/armgnu~1/12dbab~1.2re/bin/../lib/gcc/arm-none-eabi/12.2.1/thumb/v7e-m+fp/hard\libstdc++.a(eh_terminate.o)
                0x0000202c                std::get_terminate()
 .text._ZSt14get_unexpectedv
                0x0000203c       0x10 c:/progra~2/armgnu~1/12dbab~1.2re/bin/../lib/gcc/arm-none-eabi/12.2.1/thumb/v7e-m+fp/hard\libstdc++.a(eh_terminate.o)
                0x0000203c                std::get_unexpected()
 .text._ZL23__gxx_exception_cleanup19_Unwind_Reason_CodeP21_Unwind_Control_Block
                0x0000204c       0x44 c:/progra~2/armgnu~1/12dbab~1.2re/bin/../lib/gcc/arm-none-eabi/12.2.1/thumb/v7e-m+fp/hard\libstdc++.a(eh_throw.o)
 .text.__cxa_init_primary_exception
                0x00002090       0x44 c:/progra~2/armgnu~1/12dbab~1.2re/bin/../lib/gcc/arm-none-eabi/12.2.1/thumb/v7e-m+fp/hard\libstdc++.a(eh_throw.o)
                0x00002090                __cxa_init_primary_exception
 .text.__cxa_throw
                0x000020d4       0x34 c:/progra~2/armgnu~1/12dbab~1.2re/bin/../lib/gcc/arm-none-eabi/12.2.1/thumb/v7e-m+fp/hard\libstdc++.a(eh_throw.o)
                0x000020d4                __cxa_throw
 .text.__cxa_rethrow
                0x00002108       0x70 c:/progra~2/armgnu~1/12dbab~1.2re/bin/../lib/gcc/arm-none-eabi/12.2.1/thumb/v7e-m+fp/hard\libstdc++.a(eh_throw.o)
                0x00002108                __cxa_rethrow
 .text._ZSt15get_new_handlerv
                0x00002178       0x10 c:/progra~2/armgnu~1/12dbab~1.2re/bin/../lib/gcc/arm-none-eabi/12.2.1/thumb/v7e-m+fp/hard\libstdc++.a(new_handler.o)
                0x00002178                std::get_new_handler()
 .text._ZN10__cxxabiv120__si_class_type_infoD2Ev
                0x00002188       0x14 c:/progra~2/armgnu~1/12dbab~1.2re/bin/../lib/gcc/arm-none-eabi/12.2.1/thumb/v7e-m+fp/hard\libstdc++.a(si_class_type_info.o)
                0x00002188                __cxxabiv1::__si_class_type_info::~__si_class_type_info()
                0x00002188                __cxxabiv1::__si_class_type_info::~__si_class_type_info()
 .text._ZN10__cxxabiv120__si_class_type_infoD0Ev
                0x0000219c       0x1c c:/progra~2/armgnu~1/12dbab~1.2re/bin/../lib/gcc/arm-none-eabi/12.2.1/thumb/v7e-m+fp/hard\libstdc++.a(si_class_type_info.o)
                0x0000219c                __cxxabiv1::__si_class_type_info::~__si_class_type_info()
 .text._ZNK10__cxxabiv120__si_class_type_info20__do_find_public_srcEiPKvPKNS_17__class_type_infoES2_
                0x000021b8       0x3c c:/progra~2/armgnu~1/12dbab~1.2re/bin/../lib/gcc/arm-none-eabi/12.2.1/thumb/v7e-m+fp/hard\libstdc++.a(si_class_type_info.o)
                0x000021b8                __cxxabiv1::__si_class_type_info::__do_find_public_src(int, void const*, __cxxabiv1::__class_type_info const*, void const*) const
 .text._ZNK10__cxxabiv120__si_class_type_info12__do_dyncastEiNS_17__class_type_info10__sub_kindEPKS1_PKvS4_S6_RNS1_16__dyncast_resultE
                0x000021f4       0x84 c:/progra~2/armgnu~1/12dbab~1.2re/bin/../lib/gcc/arm-none-eabi/12.2.1/thumb/v7e-m+fp/hard\libstdc++.a(si_class_type_info.o)
                0x000021f4                __cxxabiv1::__si_class_type_info::__do_dyncast(int, __cxxabiv1::__class_type_info::__sub_kind, __cxxabiv1::__class_type_info const*, void const*, __cxxabiv1::__class_type_info const*, void const*, __cxxabiv1::__class_type_info::__dyncast_result&) const
 .text._ZNK10__cxxabiv120__si_class_type_info11__do_upcastEPKNS_17__class_type_infoEPKvRNS1_15__upcast_resultE
                0x00002278       0x2c c:/progra~2/armgnu~1/12dbab~1.2re/bin/../lib/gcc/arm-none-eabi/12.2.1/thumb/v7e-m+fp/hard\libstdc++.a(si_class_type_info.o)
                0x00002278                __cxxabiv1::__si_class_type_info::__do_upcast(__cxxabiv1::__class_type_info const*, void const*, __cxxabiv1::__class_type_info::__upcast_result&) const
 .text._ZNSt9type_infoD2Ev
                0x000022a4        0x4 c:/progra~2/armgnu~1/12dbab~1.2re/bin/../lib/gcc/arm-none-eabi/12.2.1/thumb/v7e-m+fp/hard\libstdc++.a(tinfo.o)
                0x000022a4                std::type_info::~type_info()
                0x000022a4                std::type_info::~type_info()
 .text._ZNKSt9type_info14__is_pointer_pEv
                0x000022a8        0x4 c:/progra~2/armgnu~1/12dbab~1.2re/bin/../lib/gcc/arm-none-eabi/12.2.1/thumb/v7e-m+fp/hard\libstdc++.a(tinfo.o)
                0x000022a8                std::type_info::__is_pointer_p() const
                0x000022a8                std::type_info::__is_function_p() const
 .text._ZNKSt9type_infoeqERKS_
                0x000022ac       0x2c c:/progra~2/armgnu~1/12dbab~1.2re/bin/../lib/gcc/arm-none-eabi/12.2.1/thumb/v7e-m+fp/hard\libstdc++.a(tinfo.o)
                0x000022ac                std::type_info::operator==(std::type_info const&) const
                0x000022ac                std::type_info::__equal(std::type_info const&) const
 .text._ZN9__gnu_cxx27__verbose_terminate_handlerEv
                0x000022d8      0x10c c:/progra~2/armgnu~1/12dbab~1.2re/bin/../lib/gcc/arm-none-eabi/12.2.1/thumb/v7e-m+fp/hard\libstdc++.a(vterminate.o)
                0x000022d8                __gnu_cxx::__verbose_terminate_handler()
 .text._ZNK10__cxxabiv117__class_type_info11__do_upcastEPKS0_PPv
                0x000023e4       0x34 c:/progra~2/armgnu~1/12dbab~1.2re/bin/../lib/gcc/arm-none-eabi/12.2.1/thumb/v7e-m+fp/hard\libstdc++.a(class_type_info.o)
                0x000023e4                __cxxabiv1::__class_type_info::__do_upcast(__cxxabiv1::__class_type_info const*, void**) const
 .text._ZNK10__cxxabiv117__class_type_info20__do_find_public_srcEiPKvPKS0_S2_
                0x00002418        0xc c:/progra~2/armgnu~1/12dbab~1.2re/bin/../lib/gcc/arm-none-eabi/12.2.1/thumb/v7e-m+fp/hard\libstdc++.a(class_type_info.o)
                0x00002418                __cxxabiv1::__class_type_info::__do_find_public_src(int, void const*, __cxxabiv1::__class_type_info const*, void const*) const
 .text._ZN10__cxxabiv117__class_type_infoD2Ev
                0x00002424       0x14 c:/progra~2/armgnu~1/12dbab~1.2re/bin/../lib/gcc/arm-none-eabi/12.2.1/thumb/v7e-m+fp/hard\libstdc++.a(class_type_info.o)
                0x00002424                __cxxabiv1::__class_type_info::~__class_type_info()
                0x00002424                __cxxabiv1::__class_type_info::~__class_type_info()
 .text._ZN10__cxxabiv117__class_type_infoD0Ev
                0x00002438       0x1c c:/progra~2/armgnu~1/12dbab~1.2re/bin/../lib/gcc/arm-none-eabi/12.2.1/thumb/v7e-m+fp/hard\libstdc++.a(class_type_info.o)
                0x00002438                __cxxabiv1::__class_type_info::~__class_type_info()
 .text._ZNK10__cxxabiv117__class_type_info12__do_dyncastEiNS0_10__sub_kindEPKS0_PKvS3_S5_RNS0_16__dyncast_resultE
                0x00002454       0x44 c:/progra~2/armgnu~1/12dbab~1.2re/bin/../lib/gcc/arm-none-eabi/12.2.1/thumb/v7e-m+fp/hard\libstdc++.a(class_type_info.o)
                0x00002454                __cxxabiv1::__class_type_info::__do_dyncast(int, __cxxabiv1::__class_type_info::__sub_kind, __cxxabiv1::__class_type_info const*, void const*, __cxxabiv1::__class_type_info const*, void const*, __cxxabiv1::__class_type_info::__dyncast_result&) const
 .text._ZNK10__cxxabiv117__class_type_info11__do_upcastEPKS0_PKvRNS0_15__upcast_resultE
                0x00002498       0x1c c:/progra~2/armgnu~1/12dbab~1.2re/bin/../lib/gcc/arm-none-eabi/12.2.1/thumb/v7e-m+fp/hard\libstdc++.a(class_type_info.o)
                0x00002498                __cxxabiv1::__class_type_info::__do_upcast(__cxxabiv1::__class_type_info const*, void const*, __cxxabiv1::__class_type_info::__upcast_result&) const
 .text._ZNK10__cxxabiv117__class_type_info10__do_catchEPKSt9type_infoPPvj
                0x000024b4       0x2c c:/progra~2/armgnu~1/12dbab~1.2re/bin/../lib/gcc/arm-none-eabi/12.2.1/thumb/v7e-m+fp/hard\libstdc++.a(class_type_info.o)
                0x000024b4                __cxxabiv1::__class_type_info::__do_catch(std::type_info const*, void**, unsigned int) const
 .text.d_make_comp
                0x000024e0       0xf0 c:/progra~2/armgnu~1/12dbab~1.2re/bin/../lib/gcc/arm-none-eabi/12.2.1/thumb/v7e-m+fp/hard\libstdc++.a(cp-demangle.o)
 .text.d_number
                0x000025d0       0x74 c:/progra~2/armgnu~1/12dbab~1.2re/bin/../lib/gcc/arm-none-eabi/12.2.1/thumb/v7e-m+fp/hard\libstdc++.a(cp-demangle.o)
 .text.d_call_offset
                0x00002644       0x48 c:/progra~2/armgnu~1/12dbab~1.2re/bin/../lib/gcc/arm-none-eabi/12.2.1/thumb/v7e-m+fp/hard\libstdc++.a(cp-demangle.o)
 .text.d_discriminator
                0x0000268c       0x4c c:/progra~2/armgnu~1/12dbab~1.2re/bin/../lib/gcc/arm-none-eabi/12.2.1/thumb/v7e-m+fp/hard\libstdc++.a(cp-demangle.o)
 .text.d_count_templates_scopes
                0x000026d8       0xd4 c:/progra~2/armgnu~1/12dbab~1.2re/bin/../lib/gcc/arm-none-eabi/12.2.1/thumb/v7e-m+fp/hard\libstdc++.a(cp-demangle.o)
 .text.d_pack_length
                0x000027ac       0x20 c:/progra~2/armgnu~1/12dbab~1.2re/bin/../lib/gcc/arm-none-eabi/12.2.1/thumb/v7e-m+fp/hard\libstdc++.a(cp-demangle.o)
 .text.d_index_template_argument.part.0
                0x000027cc       0x1c c:/progra~2/armgnu~1/12dbab~1.2re/bin/../lib/gcc/arm-none-eabi/12.2.1/thumb/v7e-m+fp/hard\libstdc++.a(cp-demangle.o)
 .text.d_growable_string_callback_adapter
                0x000027e8       0x78 c:/progra~2/armgnu~1/12dbab~1.2re/bin/../lib/gcc/arm-none-eabi/12.2.1/thumb/v7e-m+fp/hard\libstdc++.a(cp-demangle.o)
 .text.next_is_type_qual.isra.0
                0x00002860       0x34 c:/progra~2/armgnu~1/12dbab~1.2re/bin/../lib/gcc/arm-none-eabi/12.2.1/thumb/v7e-m+fp/hard\libstdc++.a(cp-demangle.o)
 .text.d_append_char
                0x00002894       0x44 c:/progra~2/armgnu~1/12dbab~1.2re/bin/../lib/gcc/arm-none-eabi/12.2.1/thumb/v7e-m+fp/hard\libstdc++.a(cp-demangle.o)
 .text.d_lookup_template_argument
                0x000028d8       0x34 c:/progra~2/armgnu~1/12dbab~1.2re/bin/../lib/gcc/arm-none-eabi/12.2.1/thumb/v7e-m+fp/hard\libstdc++.a(cp-demangle.o)
 .text.d_find_pack
                0x0000290c       0x94 c:/progra~2/armgnu~1/12dbab~1.2re/bin/../lib/gcc/arm-none-eabi/12.2.1/thumb/v7e-m+fp/hard\libstdc++.a(cp-demangle.o)
 .text.d_append_string
                0x000029a0       0x68 c:/progra~2/armgnu~1/12dbab~1.2re/bin/../lib/gcc/arm-none-eabi/12.2.1/thumb/v7e-m+fp/hard\libstdc++.a(cp-demangle.o)
 .text.d_template_param
                0x00002a08       0x68 c:/progra~2/armgnu~1/12dbab~1.2re/bin/../lib/gcc/arm-none-eabi/12.2.1/thumb/v7e-m+fp/hard\libstdc++.a(cp-demangle.o)
 .text.d_append_num
                0x00002a70       0x78 c:/progra~2/armgnu~1/12dbab~1.2re/bin/../lib/gcc/arm-none-eabi/12.2.1/thumb/v7e-m+fp/hard\libstdc++.a(cp-demangle.o)
 .text.d_source_name
                0x00002ae8       0xe0 c:/progra~2/armgnu~1/12dbab~1.2re/bin/../lib/gcc/arm-none-eabi/12.2.1/thumb/v7e-m+fp/hard\libstdc++.a(cp-demangle.o)
 .text.d_substitution
                0x00002bc8      0x194 c:/progra~2/armgnu~1/12dbab~1.2re/bin/../lib/gcc/arm-none-eabi/12.2.1/thumb/v7e-m+fp/hard\libstdc++.a(cp-demangle.o)
 .text.d_type   0x00002d5c      0x864 c:/progra~2/armgnu~1/12dbab~1.2re/bin/../lib/gcc/arm-none-eabi/12.2.1/thumb/v7e-m+fp/hard\libstdc++.a(cp-demangle.o)
 .text.d_parmlist
                0x000035c0       0x80 c:/progra~2/armgnu~1/12dbab~1.2re/bin/../lib/gcc/arm-none-eabi/12.2.1/thumb/v7e-m+fp/hard\libstdc++.a(cp-demangle.o)
 .text.d_bare_function_type
                0x00003640       0x48 c:/progra~2/armgnu~1/12dbab~1.2re/bin/../lib/gcc/arm-none-eabi/12.2.1/thumb/v7e-m+fp/hard\libstdc++.a(cp-demangle.o)
 .text.d_function_type
                0x00003688       0x8c c:/progra~2/armgnu~1/12dbab~1.2re/bin/../lib/gcc/arm-none-eabi/12.2.1/thumb/v7e-m+fp/hard\libstdc++.a(cp-demangle.o)
 .text.d_operator_name
                0x00003714      0x100 c:/progra~2/armgnu~1/12dbab~1.2re/bin/../lib/gcc/arm-none-eabi/12.2.1/thumb/v7e-m+fp/hard\libstdc++.a(cp-demangle.o)
 .text.d_unqualified_name
                0x00003814      0x34c c:/progra~2/armgnu~1/12dbab~1.2re/bin/../lib/gcc/arm-none-eabi/12.2.1/thumb/v7e-m+fp/hard\libstdc++.a(cp-demangle.o)
 .text.d_expr_primary
                0x00003b60      0x128 c:/progra~2/armgnu~1/12dbab~1.2re/bin/../lib/gcc/arm-none-eabi/12.2.1/thumb/v7e-m+fp/hard\libstdc++.a(cp-demangle.o)
 .text.d_template_arg
                0x00003c88       0x58 c:/progra~2/armgnu~1/12dbab~1.2re/bin/../lib/gcc/arm-none-eabi/12.2.1/thumb/v7e-m+fp/hard\libstdc++.a(cp-demangle.o)
 .text.d_template_args_1
                0x00003ce0       0x64 c:/progra~2/armgnu~1/12dbab~1.2re/bin/../lib/gcc/arm-none-eabi/12.2.1/thumb/v7e-m+fp/hard\libstdc++.a(cp-demangle.o)
 .text.d_prefix
                0x00003d44      0x13c c:/progra~2/armgnu~1/12dbab~1.2re/bin/../lib/gcc/arm-none-eabi/12.2.1/thumb/v7e-m+fp/hard\libstdc++.a(cp-demangle.o)
 .text.d_expression_1
                0x00003e80      0x508 c:/progra~2/armgnu~1/12dbab~1.2re/bin/../lib/gcc/arm-none-eabi/12.2.1/thumb/v7e-m+fp/hard\libstdc++.a(cp-demangle.o)
 .text.d_exprlist
                0x00004388       0x74 c:/progra~2/armgnu~1/12dbab~1.2re/bin/../lib/gcc/arm-none-eabi/12.2.1/thumb/v7e-m+fp/hard\libstdc++.a(cp-demangle.o)
 .text.d_cv_qualifiers
                0x000043fc      0x150 c:/progra~2/armgnu~1/12dbab~1.2re/bin/../lib/gcc/arm-none-eabi/12.2.1/thumb/v7e-m+fp/hard\libstdc++.a(cp-demangle.o)
 .text.d_special_name
                0x0000454c      0x528 c:/progra~2/armgnu~1/12dbab~1.2re/bin/../lib/gcc/arm-none-eabi/12.2.1/thumb/v7e-m+fp/hard\libstdc++.a(cp-demangle.o)
 .text.d_name   0x00004a74      0x2c8 c:/progra~2/armgnu~1/12dbab~1.2re/bin/../lib/gcc/arm-none-eabi/12.2.1/thumb/v7e-m+fp/hard\libstdc++.a(cp-demangle.o)
 .text.d_encoding.part.0
                0x00004d3c       0xf8 c:/progra~2/armgnu~1/12dbab~1.2re/bin/../lib/gcc/arm-none-eabi/12.2.1/thumb/v7e-m+fp/hard\libstdc++.a(cp-demangle.o)
 .text.d_print_comp_inner
                0x00004e34     0x207c c:/progra~2/armgnu~1/12dbab~1.2re/bin/../lib/gcc/arm-none-eabi/12.2.1/thumb/v7e-m+fp/hard\libstdc++.a(cp-demangle.o)
 .text.d_print_comp
                0x00006eb0       0x5c c:/progra~2/armgnu~1/12dbab~1.2re/bin/../lib/gcc/arm-none-eabi/12.2.1/thumb/v7e-m+fp/hard\libstdc++.a(cp-demangle.o)
 .text.d_print_mod
                0x00006f0c      0x624 c:/progra~2/armgnu~1/12dbab~1.2re/bin/../lib/gcc/arm-none-eabi/12.2.1/thumb/v7e-m+fp/hard\libstdc++.a(cp-demangle.o)
 .text.d_print_function_type
                0x00007530      0x1c4 c:/progra~2/armgnu~1/12dbab~1.2re/bin/../lib/gcc/arm-none-eabi/12.2.1/thumb/v7e-m+fp/hard\libstdc++.a(cp-demangle.o)
 .text.d_print_mod_list
                0x000076f4      0x240 c:/progra~2/armgnu~1/12dbab~1.2re/bin/../lib/gcc/arm-none-eabi/12.2.1/thumb/v7e-m+fp/hard\libstdc++.a(cp-demangle.o)
 .text.d_print_array_type
                0x00007934      0x1b0 c:/progra~2/armgnu~1/12dbab~1.2re/bin/../lib/gcc/arm-none-eabi/12.2.1/thumb/v7e-m+fp/hard\libstdc++.a(cp-demangle.o)
 .text.d_print_expr_op
                0x00007ae4       0x78 c:/progra~2/armgnu~1/12dbab~1.2re/bin/../lib/gcc/arm-none-eabi/12.2.1/thumb/v7e-m+fp/hard\libstdc++.a(cp-demangle.o)
 .text.d_demangle_callback.constprop.0
                0x00007b5c      0x3a8 c:/progra~2/armgnu~1/12dbab~1.2re/bin/../lib/gcc/arm-none-eabi/12.2.1/thumb/v7e-m+fp/hard\libstdc++.a(cp-demangle.o)
 .text.d_print_subexpr
                0x00007f04       0xf4 c:/progra~2/armgnu~1/12dbab~1.2re/bin/../lib/gcc/arm-none-eabi/12.2.1/thumb/v7e-m+fp/hard\libstdc++.a(cp-demangle.o)
 .text.d_maybe_print_fold_expression
                0x00007ff8      0x24c c:/progra~2/armgnu~1/12dbab~1.2re/bin/../lib/gcc/arm-none-eabi/12.2.1/thumb/v7e-m+fp/hard\libstdc++.a(cp-demangle.o)
 .text.d_maybe_print_designated_init
                0x00008244      0x1e0 c:/progra~2/armgnu~1/12dbab~1.2re/bin/../lib/gcc/arm-none-eabi/12.2.1/thumb/v7e-m+fp/hard\libstdc++.a(cp-demangle.o)
 .text.__cxa_demangle
                0x00008424       0xbc c:/progra~2/armgnu~1/12dbab~1.2re/bin/../lib/gcc/arm-none-eabi/12.2.1/thumb/v7e-m+fp/hard\libstdc++.a(cp-demangle.o)
                0x00008424                __cxa_demangle
 .text.__cxa_end_cleanup
                0x000084e0        0xc c:/progra~2/armgnu~1/12dbab~1.2re/bin/../lib/gcc/arm-none-eabi/12.2.1/thumb/v7e-m+fp/hard\libstdc++.a(eh_arm.o)
                0x000084e0                __cxa_end_cleanup
 .text.__cxa_type_match
                0x000084ec       0xac c:/progra~2/armgnu~1/12dbab~1.2re/bin/../lib/gcc/arm-none-eabi/12.2.1/thumb/v7e-m+fp/hard\libstdc++.a(eh_arm.o)
                0x000084ec                __cxa_type_match
 .text.__cxa_begin_cleanup
                0x00008598       0x64 c:/progra~2/armgnu~1/12dbab~1.2re/bin/../lib/gcc/arm-none-eabi/12.2.1/thumb/v7e-m+fp/hard\libstdc++.a(eh_arm.o)
                0x00008598                __cxa_begin_cleanup
 .text.__gnu_end_cleanup
                0x000085fc       0x70 c:/progra~2/armgnu~1/12dbab~1.2re/bin/../lib/gcc/arm-none-eabi/12.2.1/thumb/v7e-m+fp/hard\libstdc++.a(eh_arm.o)
                0x000085fc                __gnu_end_cleanup
 .text.__cxa_begin_catch
                0x0000866c       0x7c c:/progra~2/armgnu~1/12dbab~1.2re/bin/../lib/gcc/arm-none-eabi/12.2.1/thumb/v7e-m+fp/hard\libstdc++.a(eh_catch.o)
                0x0000866c                __cxa_begin_catch
 .text.__cxa_end_catch
                0x000086e8       0x8c c:/progra~2/armgnu~1/12dbab~1.2re/bin/../lib/gcc/arm-none-eabi/12.2.1/thumb/v7e-m+fp/hard\libstdc++.a(eh_catch.o)
                0x000086e8                __cxa_end_catch
 .text._ZN12_GLOBAL__N_113constant_initD2Ev
                0x00008774        0x4 c:/progra~2/armgnu~1/12dbab~1.2re/bin/../lib/gcc/arm-none-eabi/12.2.1/thumb/v7e-m+fp/hard\libstdc++.a(eh_globals.o)
 .text.__cxa_get_globals_fast
                0x00008778        0x8 c:/progra~2/armgnu~1/12dbab~1.2re/bin/../lib/gcc/arm-none-eabi/12.2.1/thumb/v7e-m+fp/hard\libstdc++.a(eh_globals.o)
                0x00008778                __cxa_get_globals_fast
 .text.__cxa_get_globals
                0x00008780        0x8 c:/progra~2/armgnu~1/12dbab~1.2re/bin/../lib/gcc/arm-none-eabi/12.2.1/thumb/v7e-m+fp/hard\libstdc++.a(eh_globals.o)
                0x00008780                __cxa_get_globals
 .text.startup._GLOBAL__sub_I___cxa_get_globals_fast
                0x00008788       0x18 c:/progra~2/armgnu~1/12dbab~1.2re/bin/../lib/gcc/arm-none-eabi/12.2.1/thumb/v7e-m+fp/hard\libstdc++.a(eh_globals.o)
 .text._ZL28read_encoded_value_with_basehjPKhPj
                0x000087a0       0xc0 c:/progra~2/armgnu~1/12dbab~1.2re/bin/../lib/gcc/arm-none-eabi/12.2.1/thumb/v7e-m+fp/hard\libstdc++.a(eh_personality.o)
 .text._ZL21base_of_encoded_valuehP15_Unwind_Context
                0x00008860       0x44 c:/progra~2/armgnu~1/12dbab~1.2re/bin/../lib/gcc/arm-none-eabi/12.2.1/thumb/v7e-m+fp/hard\libstdc++.a(eh_personality.o)
 .text._ZL17parse_lsda_headerP15_Unwind_ContextPKhP16lsda_header_info
                0x000088a4       0x90 c:/progra~2/armgnu~1/12dbab~1.2re/bin/../lib/gcc/arm-none-eabi/12.2.1/thumb/v7e-m+fp/hard\libstdc++.a(eh_personality.o)
 .text.__gxx_personality_v0
                0x00008934      0x454 c:/progra~2/armgnu~1/12dbab~1.2re/bin/../lib/gcc/arm-none-eabi/12.2.1/thumb/v7e-m+fp/hard\libstdc++.a(eh_personality.o)
                0x00008934                __gxx_personality_v0
 .text.__cxa_current_exception_type
                0x00008d88       0x1c c:/progra~2/armgnu~1/12dbab~1.2re/bin/../lib/gcc/arm-none-eabi/12.2.1/thumb/v7e-m+fp/hard\libstdc++.a(eh_type.o)
                0x00008d88                __cxa_current_exception_type
 .text._ZN10__cxxabiv1L24__is_gxx_exception_classEPc
                0x00008da4       0x3c c:/progra~2/armgnu~1/12dbab~1.2re/bin/../lib/gcc/arm-none-eabi/12.2.1/thumb/v7e-m+fp/hard\libstdc++.a(eh_call.o)
 .text.__cxa_call_terminate
                0x00008de0       0x20 c:/progra~2/armgnu~1/12dbab~1.2re/bin/../lib/gcc/arm-none-eabi/12.2.1/thumb/v7e-m+fp/hard\libstdc++.a(eh_call.o)
                0x00008de0                __cxa_call_terminate
 .text.unlikely.__cxa_call_unexpected
                0x00008e00       0xd0 c:/progra~2/armgnu~1/12dbab~1.2re/bin/../lib/gcc/arm-none-eabi/12.2.1/thumb/v7e-m+fp/hard\libstdc++.a(eh_call.o)
                0x00008e00                __cxa_call_unexpected
 .text.selfrel_offset31
                0x00008ed0       0x14 c:/progra~2/armgnu~1/12dbab~1.2re/bin/../lib/gcc/arm-none-eabi/12.2.1/thumb/v7e-m+fp/hard\libgcc.a(unwind-arm.o)
 .text.search_EIT_table
                0x00008ee4       0x64 c:/progra~2/armgnu~1/12dbab~1.2re/bin/../lib/gcc/arm-none-eabi/12.2.1/thumb/v7e-m+fp/hard\libgcc.a(unwind-arm.o)
 .text.__gnu_unwind_get_pr_addr
                0x00008f48       0x28 c:/progra~2/armgnu~1/12dbab~1.2re/bin/../lib/gcc/arm-none-eabi/12.2.1/thumb/v7e-m+fp/hard\libgcc.a(unwind-arm.o)
 .text.get_eit_entry
                0x00008f70       0x94 c:/progra~2/armgnu~1/12dbab~1.2re/bin/../lib/gcc/arm-none-eabi/12.2.1/thumb/v7e-m+fp/hard\libgcc.a(unwind-arm.o)
 .text.restore_non_core_regs
                0x00009004       0x58 c:/progra~2/armgnu~1/12dbab~1.2re/bin/../lib/gcc/arm-none-eabi/12.2.1/thumb/v7e-m+fp/hard\libgcc.a(unwind-arm.o)
 .text._Unwind_decode_typeinfo_ptr.constprop.0
                0x0000905c        0xc c:/progra~2/armgnu~1/12dbab~1.2re/bin/../lib/gcc/arm-none-eabi/12.2.1/thumb/v7e-m+fp/hard\libgcc.a(unwind-arm.o)
 .text._Unwind_DebugHook
                0x00009068        0x4 c:/progra~2/armgnu~1/12dbab~1.2re/bin/../lib/gcc/arm-none-eabi/12.2.1/thumb/v7e-m+fp/hard\libgcc.a(unwind-arm.o)
 .text.unwind_phase2
                0x0000906c       0x38 c:/progra~2/armgnu~1/12dbab~1.2re/bin/../lib/gcc/arm-none-eabi/12.2.1/thumb/v7e-m+fp/hard\libgcc.a(unwind-arm.o)
 .text.unwind_phase2_forced
                0x000090a4       0xd4 c:/progra~2/armgnu~1/12dbab~1.2re/bin/../lib/gcc/arm-none-eabi/12.2.1/thumb/v7e-m+fp/hard\libgcc.a(unwind-arm.o)
 .text.__gnu_Unwind_RaiseException
                0x00009178       0x68 c:/progra~2/armgnu~1/12dbab~1.2re/bin/../lib/gcc/arm-none-eabi/12.2.1/thumb/v7e-m+fp/hard\libgcc.a(unwind-arm.o)
                0x00009178                __gnu_Unwind_RaiseException
 .text.__gnu_Unwind_ForcedUnwind
                0x000091e0       0x10 c:/progra~2/armgnu~1/12dbab~1.2re/bin/../lib/gcc/arm-none-eabi/12.2.1/thumb/v7e-m+fp/hard\libgcc.a(unwind-arm.o)
                0x000091e0                __gnu_Unwind_ForcedUnwind
 .text.__gnu_Unwind_Resume
                0x000091f0       0x40 c:/progra~2/armgnu~1/12dbab~1.2re/bin/../lib/gcc/arm-none-eabi/12.2.1/thumb/v7e-m+fp/hard\libgcc.a(unwind-arm.o)
                0x000091f0                __gnu_Unwind_Resume
 .text.__gnu_Unwind_Resume_or_Rethrow
                0x00009230       0x14 c:/progra~2/armgnu~1/12dbab~1.2re/bin/../lib/gcc/arm-none-eabi/12.2.1/thumb/v7e-m+fp/hard\libgcc.a(unwind-arm.o)
                0x00009230                __gnu_Unwind_Resume_or_Rethrow
 .text._Unwind_Complete
                0x00009244        0x4 c:/progra~2/armgnu~1/12dbab~1.2re/bin/../lib/gcc/arm-none-eabi/12.2.1/thumb/v7e-m+fp/hard\libgcc.a(unwind-arm.o)
                0x00009244                _Unwind_Complete
 .text._Unwind_DeleteException
                0x00009248        0xc c:/progra~2/armgnu~1/12dbab~1.2re/bin/../lib/gcc/arm-none-eabi/12.2.1/thumb/v7e-m+fp/hard\libgcc.a(unwind-arm.o)
                0x00009248                _Unwind_DeleteException
 .text._Unwind_VRS_Get
                0x00009254       0x30 c:/progra~2/armgnu~1/12dbab~1.2re/bin/../lib/gcc/arm-none-eabi/12.2.1/thumb/v7e-m+fp/hard\libgcc.a(unwind-arm.o)
                0x00009254                _Unwind_VRS_Get
 .text._Unwind_GetGR
                0x00009284       0x1c c:/progra~2/armgnu~1/12dbab~1.2re/bin/../lib/gcc/arm-none-eabi/12.2.1/thumb/v7e-m+fp/hard\libgcc.a(unwind-arm.o)
 .text._Unwind_VRS_Set
                0x000092a0       0x30 c:/progra~2/armgnu~1/12dbab~1.2re/bin/../lib/gcc/arm-none-eabi/12.2.1/thumb/v7e-m+fp/hard\libgcc.a(unwind-arm.o)
                0x000092a0                _Unwind_VRS_Set
 .text._Unwind_SetGR
                0x000092d0       0x18 c:/progra~2/armgnu~1/12dbab~1.2re/bin/../lib/gcc/arm-none-eabi/12.2.1/thumb/v7e-m+fp/hard\libgcc.a(unwind-arm.o)
 .text.__gnu_Unwind_Backtrace
                0x000092e8       0x84 c:/progra~2/armgnu~1/12dbab~1.2re/bin/../lib/gcc/arm-none-eabi/12.2.1/thumb/v7e-m+fp/hard\libgcc.a(unwind-arm.o)
                0x000092e8                __gnu_Unwind_Backtrace
 .text.__gnu_unwind_pr_common
                0x0000936c      0x290 c:/progra~2/armgnu~1/12dbab~1.2re/bin/../lib/gcc/arm-none-eabi/12.2.1/thumb/v7e-m+fp/hard\libgcc.a(unwind-arm.o)
 .text.__aeabi_unwind_cpp_pr0
                0x000095fc        0x8 c:/progra~2/armgnu~1/12dbab~1.2re/bin/../lib/gcc/arm-none-eabi/12.2.1/thumb/v7e-m+fp/hard\libgcc.a(unwind-arm.o)
                0x000095fc                __aeabi_unwind_cpp_pr0
 .text.__aeabi_unwind_cpp_pr1
                0x00009604        0x8 c:/progra~2/armgnu~1/12dbab~1.2re/bin/../lib/gcc/arm-none-eabi/12.2.1/thumb/v7e-m+fp/hard\libgcc.a(unwind-arm.o)
                0x00009604                __aeabi_unwind_cpp_pr1
 .text.__aeabi_unwind_cpp_pr2
                0x0000960c        0x8 c:/progra~2/armgnu~1/12dbab~1.2re/bin/../lib/gcc/arm-none-eabi/12.2.1/thumb/v7e-m+fp/hard\libgcc.a(unwind-arm.o)
                0x0000960c                __aeabi_unwind_cpp_pr2
 .text._Unwind_VRS_Pop
                0x00009614      0x2a8 c:/progra~2/armgnu~1/12dbab~1.2re/bin/../lib/gcc/arm-none-eabi/12.2.1/thumb/v7e-m+fp/hard\libgcc.a(unwind-arm.o)
                0x00009614                _Unwind_VRS_Pop
 .text.next_unwind_byte
                0x000098bc       0x38 c:/progra~2/armgnu~1/12dbab~1.2re/bin/../lib/gcc/arm-none-eabi/12.2.1/thumb/v7e-m+fp/hard\libgcc.a(pr-support.o)
 .text._Unwind_GetGR.constprop.0
                0x000098f4       0x1c c:/progra~2/armgnu~1/12dbab~1.2re/bin/../lib/gcc/arm-none-eabi/12.2.1/thumb/v7e-m+fp/hard\libgcc.a(pr-support.o)
 .text.unwind_UCB_from_context
                0x00009910        0x4 c:/progra~2/armgnu~1/12dbab~1.2re/bin/../lib/gcc/arm-none-eabi/12.2.1/thumb/v7e-m+fp/hard\libgcc.a(pr-support.o)
 .text.__gnu_unwind_execute
                0x00009914      0x2d4 c:/progra~2/armgnu~1/12dbab~1.2re/bin/../lib/gcc/arm-none-eabi/12.2.1/thumb/v7e-m+fp/hard\libgcc.a(pr-support.o)
                0x00009914                __gnu_unwind_execute
 .text.__gnu_unwind_frame
                0x00009be8       0x2c c:/progra~2/armgnu~1/12dbab~1.2re/bin/../lib/gcc/arm-none-eabi/12.2.1/thumb/v7e-m+fp/hard\libgcc.a(pr-support.o)
                0x00009be8                __gnu_unwind_frame
 .text._Unwind_GetRegionStart
                0x00009c14        0xc c:/progra~2/armgnu~1/12dbab~1.2re/bin/../lib/gcc/arm-none-eabi/12.2.1/thumb/v7e-m+fp/hard\libgcc.a(pr-support.o)
                0x00009c14                _Unwind_GetRegionStart
 .text._Unwind_GetLanguageSpecificData
                0x00009c20       0x14 c:/progra~2/armgnu~1/12dbab~1.2re/bin/../lib/gcc/arm-none-eabi/12.2.1/thumb/v7e-m+fp/hard\libgcc.a(pr-support.o)
                0x00009c20                _Unwind_GetLanguageSpecificData
 .text.unlikely._Unwind_GetDataRelBase
                0x00009c34        0x6 c:/progra~2/armgnu~1/12dbab~1.2re/bin/../lib/gcc/arm-none-eabi/12.2.1/thumb/v7e-m+fp/hard\libgcc.a(pr-support.o)
                0x00009c34                _Unwind_GetDataRelBase
 .text.unlikely._Unwind_GetTextRelBase
                0x00009c3a        0x6 c:/progra~2/armgnu~1/12dbab~1.2re/bin/../lib/gcc/arm-none-eabi/12.2.1/thumb/v7e-m+fp/hard\libgcc.a(pr-support.o)
                0x00009c3a                _Unwind_GetTextRelBase
 .text.abort    0x00009c40       0x10 c:/progra~2/armgnu~1/12dbab~1.2re/bin/../lib/gcc/arm-none-eabi/12.2.1/thumb/v7e-m+fp/hard\libc.a(libc_a-abort.o)
                0x00009c40                abort
 .text.exit     0x00009c50       0x1c c:/progra~2/armgnu~1/12dbab~1.2re/bin/../lib/gcc/arm-none-eabi/12.2.1/thumb/v7e-m+fp/hard\libc.a(libc_a-exit.o)
                0x00009c50                exit
 .text.malloc   0x00009c6c       0x10 c:/progra~2/armgnu~1/12dbab~1.2re/bin/../lib/gcc/arm-none-eabi/12.2.1/thumb/v7e-m+fp/hard\libc.a(libc_a-malloc.o)
                0x00009c6c                malloc
 .text.free     0x00009c7c       0x10 c:/progra~2/armgnu~1/12dbab~1.2re/bin/../lib/gcc/arm-none-eabi/12.2.1/thumb/v7e-m+fp/hard\libc.a(libc_a-malloc.o)
                0x00009c7c                free
 .text._malloc_r
                0x00009c8c      0x55c c:/progra~2/armgnu~1/12dbab~1.2re/bin/../lib/gcc/arm-none-eabi/12.2.1/thumb/v7e-m+fp/hard\libc.a(libc_a-mallocr.o)
                0x00009c8c                _malloc_r
 .text.__malloc_lock
                0x0000a1e8        0xc c:/progra~2/armgnu~1/12dbab~1.2re/bin/../lib/gcc/arm-none-eabi/12.2.1/thumb/v7e-m+fp/hard\libc.a(libc_a-mlock.o)
                0x0000a1e8                __malloc_lock
 .text.__malloc_unlock
                0x0000a1f4        0xc c:/progra~2/armgnu~1/12dbab~1.2re/bin/../lib/gcc/arm-none-eabi/12.2.1/thumb/v7e-m+fp/hard\libc.a(libc_a-mlock.o)
                0x0000a1f4                __malloc_unlock
 .text.realloc  0x0000a200       0x18 c:/progra~2/armgnu~1/12dbab~1.2re/bin/../lib/gcc/arm-none-eabi/12.2.1/thumb/v7e-m+fp/hard\libc.a(libc_a-realloc.o)
                0x0000a200                realloc
 .text._realloc_r
                0x0000a218      0x34c c:/progra~2/armgnu~1/12dbab~1.2re/bin/../lib/gcc/arm-none-eabi/12.2.1/thumb/v7e-m+fp/hard\libc.a(libc_a-reallocr.o)
                0x0000a218                _realloc_r
 .text.__cxa_atexit
                0x0000a564        0xc c:/progra~2/armgnu~1/12dbab~1.2re/bin/../lib/gcc/arm-none-eabi/12.2.1/thumb/v7e-m+fp/hard\libc.a(libc_a-cxa_atexit.o)
                0x0000a564                __cxa_atexit
 .text.__sflush_r
                0x0000a570      0x138 c:/progra~2/armgnu~1/12dbab~1.2re/bin/../lib/gcc/arm-none-eabi/12.2.1/thumb/v7e-m+fp/hard\libc.a(libc_a-fflush.o)
                0x0000a570                __sflush_r
 .text._fflush_r
                0x0000a6a8       0x54 c:/progra~2/armgnu~1/12dbab~1.2re/bin/../lib/gcc/arm-none-eabi/12.2.1/thumb/v7e-m+fp/hard\libc.a(libc_a-fflush.o)
                0x0000a6a8                _fflush_r
 .text.fflush   0x0000a6fc       0x74 c:/progra~2/armgnu~1/12dbab~1.2re/bin/../lib/gcc/arm-none-eabi/12.2.1/thumb/v7e-m+fp/hard\libc.a(libc_a-fflush.o)
                0x0000a6fc                fflush
 .text.stdio_exit_handler
                0x0000a770       0x18 c:/progra~2/armgnu~1/12dbab~1.2re/bin/../lib/gcc/arm-none-eabi/12.2.1/thumb/v7e-m+fp/hard\libc.a(libc_a-findfp.o)
 .text.cleanup_stdio
                0x0000a788       0x40 c:/progra~2/armgnu~1/12dbab~1.2re/bin/../lib/gcc/arm-none-eabi/12.2.1/thumb/v7e-m+fp/hard\libc.a(libc_a-findfp.o)
 .text.global_stdio_init.part.0
                0x0000a7c8       0xf0 c:/progra~2/armgnu~1/12dbab~1.2re/bin/../lib/gcc/arm-none-eabi/12.2.1/thumb/v7e-m+fp/hard\libc.a(libc_a-findfp.o)
 .text.__sinit  0x0000a8b8       0x3c c:/progra~2/armgnu~1/12dbab~1.2re/bin/../lib/gcc/arm-none-eabi/12.2.1/thumb/v7e-m+fp/hard\libc.a(libc_a-findfp.o)
                0x0000a8b8                __sinit
 .text.__sfp_lock_acquire
                0x0000a8f4        0xc c:/progra~2/armgnu~1/12dbab~1.2re/bin/../lib/gcc/arm-none-eabi/12.2.1/thumb/v7e-m+fp/hard\libc.a(libc_a-findfp.o)
                0x0000a8f4                __sfp_lock_acquire
 .text.__sfp_lock_release
                0x0000a900        0xc c:/progra~2/armgnu~1/12dbab~1.2re/bin/../lib/gcc/arm-none-eabi/12.2.1/thumb/v7e-m+fp/hard\libc.a(libc_a-findfp.o)
                0x0000a900                __sfp_lock_release
 .text.fputc    0x0000a90c       0x58 c:/progra~2/armgnu~1/12dbab~1.2re/bin/../lib/gcc/arm-none-eabi/12.2.1/thumb/v7e-m+fp/hard\libc.a(libc_a-fputc.o)
                0x0000a90c                fputc
 .text._fputs_r
                0x0000a964       0x84 c:/progra~2/armgnu~1/12dbab~1.2re/bin/../lib/gcc/arm-none-eabi/12.2.1/thumb/v7e-m+fp/hard\libc.a(libc_a-fputs.o)
                0x0000a964                _fputs_r
 .text.fputs    0x0000a9e8       0x18 c:/progra~2/armgnu~1/12dbab~1.2re/bin/../lib/gcc/arm-none-eabi/12.2.1/thumb/v7e-m+fp/hard\libc.a(libc_a-fputs.o)
                0x0000a9e8                fputs
 .text.__sfvwrite_r
                0x0000aa00      0x2e4 c:/progra~2/armgnu~1/12dbab~1.2re/bin/../lib/gcc/arm-none-eabi/12.2.1/thumb/v7e-m+fp/hard\libc.a(libc_a-fvwrite.o)
                0x0000aa00                __sfvwrite_r
 .text._fwalk_sglue
                0x0000ace4       0x48 c:/progra~2/armgnu~1/12dbab~1.2re/bin/../lib/gcc/arm-none-eabi/12.2.1/thumb/v7e-m+fp/hard\libc.a(libc_a-fwalk.o)
                0x0000ace4                _fwalk_sglue
 .text._fwrite_r
                0x0000ad2c       0xa0 c:/progra~2/armgnu~1/12dbab~1.2re/bin/../lib/gcc/arm-none-eabi/12.2.1/thumb/v7e-m+fp/hard\libc.a(libc_a-fwrite.o)
                0x0000ad2c                _fwrite_r
 .text.fwrite   0x0000adcc       0x20 c:/progra~2/armgnu~1/12dbab~1.2re/bin/../lib/gcc/arm-none-eabi/12.2.1/thumb/v7e-m+fp/hard\libc.a(libc_a-fwrite.o)
                0x0000adcc                fwrite
 .text.printf   0x0000adec       0x28 c:/progra~2/armgnu~1/12dbab~1.2re/bin/../lib/gcc/arm-none-eabi/12.2.1/thumb/v7e-m+fp/hard\libc.a(libc_a-printf.o)
                0x0000adec                printf
 .text._putc_r  0x0000ae14       0x78 c:/progra~2/armgnu~1/12dbab~1.2re/bin/../lib/gcc/arm-none-eabi/12.2.1/thumb/v7e-m+fp/hard\libc.a(libc_a-putc.o)
                0x0000ae14                _putc_r
 .text.setvbuf  0x0000ae8c      0x1a4 c:/progra~2/armgnu~1/12dbab~1.2re/bin/../lib/gcc/arm-none-eabi/12.2.1/thumb/v7e-m+fp/hard\libc.a(libc_a-setvbuf.o)
                0x0000ae8c                setvbuf
 .text.sprintf  0x0000b030       0x40 c:/progra~2/armgnu~1/12dbab~1.2re/bin/../lib/gcc/arm-none-eabi/12.2.1/thumb/v7e-m+fp/hard\libc.a(libc_a-sprintf.o)
                0x0000b030                sprintf
 .text.__sread  0x0000b070       0x24 c:/progra~2/armgnu~1/12dbab~1.2re/bin/../lib/gcc/arm-none-eabi/12.2.1/thumb/v7e-m+fp/hard\libc.a(libc_a-stdio.o)
                0x0000b070                __sread
 .text.__swrite
                0x0000b094       0x40 c:/progra~2/armgnu~1/12dbab~1.2re/bin/../lib/gcc/arm-none-eabi/12.2.1/thumb/v7e-m+fp/hard\libc.a(libc_a-stdio.o)
                0x0000b094                __swrite
 .text.__sseek  0x0000b0d4       0x24 c:/progra~2/armgnu~1/12dbab~1.2re/bin/../lib/gcc/arm-none-eabi/12.2.1/thumb/v7e-m+fp/hard\libc.a(libc_a-stdio.o)
                0x0000b0d4                __sseek
 .text.__sclose
                0x0000b0f8        0x8 c:/progra~2/armgnu~1/12dbab~1.2re/bin/../lib/gcc/arm-none-eabi/12.2.1/thumb/v7e-m+fp/hard\libc.a(libc_a-stdio.o)
                0x0000b0f8                __sclose
 .text.__swbuf_r
                0x0000b100       0xac c:/progra~2/armgnu~1/12dbab~1.2re/bin/../lib/gcc/arm-none-eabi/12.2.1/thumb/v7e-m+fp/hard\libc.a(libc_a-wbuf.o)
                0x0000b100                __swbuf_r
 .text.__swsetup_r
                0x0000b1ac       0xc0 c:/progra~2/armgnu~1/12dbab~1.2re/bin/../lib/gcc/arm-none-eabi/12.2.1/thumb/v7e-m+fp/hard\libc.a(libc_a-wsetup.o)
                0x0000b1ac                __swsetup_r
 .text.memcmp   0x0000b26c       0x60 c:/progra~2/armgnu~1/12dbab~1.2re/bin/../lib/gcc/arm-none-eabi/12.2.1/thumb/v7e-m+fp/hard\libc.a(libc_a-memcmp.o)
                0x0000b26c                memcmp
 .text.memmove  0x0000b2cc      0x100 c:/progra~2/armgnu~1/12dbab~1.2re/bin/../lib/gcc/arm-none-eabi/12.2.1/thumb/v7e-m+fp/hard\libc.a(libc_a-memmove.o)
                0x0000b2cc                memmove
 .text.memset   0x0000b3cc       0xa4 c:/progra~2/armgnu~1/12dbab~1.2re/bin/../lib/gcc/arm-none-eabi/12.2.1/thumb/v7e-m+fp/hard\libc.a(libc_a-memset.o)
                0x0000b3cc                memset
 .text.strncmp  0x0000b470       0x84 c:/progra~2/armgnu~1/12dbab~1.2re/bin/../lib/gcc/arm-none-eabi/12.2.1/thumb/v7e-m+fp/hard\libc.a(libc_a-strncmp.o)
                0x0000b470                strncmp
 .text.strncpy  0x0000b4f4       0x68 c:/progra~2/armgnu~1/12dbab~1.2re/bin/../lib/gcc/arm-none-eabi/12.2.1/thumb/v7e-m+fp/hard\libc.a(libc_a-strncpy.o)
                0x0000b4f4                strncpy
 .text.raise    0x0000b55c       0x58 c:/progra~2/armgnu~1/12dbab~1.2re/bin/../lib/gcc/arm-none-eabi/12.2.1/thumb/v7e-m+fp/hard\libc.a(libc_a-signal.o)
                0x0000b55c                raise
 .text._close_r
                0x0000b5b4       0x24 c:/progra~2/armgnu~1/12dbab~1.2re/bin/../lib/gcc/arm-none-eabi/12.2.1/thumb/v7e-m+fp/hard\libc.a(libc_a-closer.o)
                0x0000b5b4                _close_r
 .text._lseek_r
                0x0000b5d8       0x2c c:/progra~2/armgnu~1/12dbab~1.2re/bin/../lib/gcc/arm-none-eabi/12.2.1/thumb/v7e-m+fp/hard\libc.a(libc_a-lseekr.o)
                0x0000b5d8                _lseek_r
 .text._read_r  0x0000b604       0x2c c:/progra~2/armgnu~1/12dbab~1.2re/bin/../lib/gcc/arm-none-eabi/12.2.1/thumb/v7e-m+fp/hard\libc.a(libc_a-readr.o)
                0x0000b604                _read_r
 .text._kill_r  0x0000b630       0x2c c:/progra~2/armgnu~1/12dbab~1.2re/bin/../lib/gcc/arm-none-eabi/12.2.1/thumb/v7e-m+fp/hard\libc.a(libc_a-signalr.o)
                0x0000b630                _kill_r
 .text._getpid_r
                0x0000b65c        0x4 c:/progra~2/armgnu~1/12dbab~1.2re/bin/../lib/gcc/arm-none-eabi/12.2.1/thumb/v7e-m+fp/hard\libc.a(libc_a-signalr.o)
                0x0000b65c                _getpid_r
 .text._sbrk_r  0x0000b660       0x24 c:/progra~2/armgnu~1/12dbab~1.2re/bin/../lib/gcc/arm-none-eabi/12.2.1/thumb/v7e-m+fp/hard\libc.a(libc_a-sbrkr.o)
                0x0000b660                _sbrk_r
 .text._write_r
                0x0000b684       0x2c c:/progra~2/armgnu~1/12dbab~1.2re/bin/../lib/gcc/arm-none-eabi/12.2.1/thumb/v7e-m+fp/hard\libc.a(libc_a-writer.o)
                0x0000b684                _write_r
 .text.__errno  0x0000b6b0        0xc c:/progra~2/armgnu~1/12dbab~1.2re/bin/../lib/gcc/arm-none-eabi/12.2.1/thumb/v7e-m+fp/hard\libc.a(libc_a-errno.o)
                0x0000b6b0                __errno
 .text.__libc_init_array
                0x0000b6bc       0x50 c:/progra~2/armgnu~1/12dbab~1.2re/bin/../lib/gcc/arm-none-eabi/12.2.1/thumb/v7e-m+fp/hard\libc.a(libc_a-init.o)
                0x0000b6bc                __libc_init_array
 .text.__retarget_lock_init_recursive
                0x0000b70c        0x4 c:/progra~2/armgnu~1/12dbab~1.2re/bin/../lib/gcc/arm-none-eabi/12.2.1/thumb/v7e-m+fp/hard\libc.a(libc_a-lock.o)
                0x0000b70c                __retarget_lock_init_recursive
 .text.__retarget_lock_close_recursive
                0x0000b710        0x4 c:/progra~2/armgnu~1/12dbab~1.2re/bin/../lib/gcc/arm-none-eabi/12.2.1/thumb/v7e-m+fp/hard\libc.a(libc_a-lock.o)
                0x0000b710                __retarget_lock_close_recursive
 .text.__retarget_lock_acquire_recursive
                0x0000b714        0x4 c:/progra~2/armgnu~1/12dbab~1.2re/bin/../lib/gcc/arm-none-eabi/12.2.1/thumb/v7e-m+fp/hard\libc.a(libc_a-lock.o)
                0x0000b714                __retarget_lock_acquire_recursive
 .text.__retarget_lock_release_recursive
                0x0000b718        0x4 c:/progra~2/armgnu~1/12dbab~1.2re/bin/../lib/gcc/arm-none-eabi/12.2.1/thumb/v7e-m+fp/hard\libc.a(libc_a-lock.o)
                0x0000b718                __retarget_lock_release_recursive
 .text.sysconf  0x0000b71c       0x1c c:/progra~2/armgnu~1/12dbab~1.2re/bin/../lib/gcc/arm-none-eabi/12.2.1/thumb/v7e-m+fp/hard\libc.a(libc_a-sysconf.o)
                0x0000b71c                sysconf
 .text.__register_exitproc
                0x0000b738       0x88 c:/progra~2/armgnu~1/12dbab~1.2re/bin/../lib/gcc/arm-none-eabi/12.2.1/thumb/v7e-m+fp/hard\libc.a(libc_a-__atexit.o)
                0x0000b738                __register_exitproc
 .text.startup.register_fini
                0x0000b7c0       0x14 c:/progra~2/armgnu~1/12dbab~1.2re/bin/../lib/gcc/arm-none-eabi/12.2.1/thumb/v7e-m+fp/hard\libc.a(libc_a-__call_atexit.o)
 .text.__call_exitprocs
                0x0000b7d4       0xc4 c:/progra~2/armgnu~1/12dbab~1.2re/bin/../lib/gcc/arm-none-eabi/12.2.1/thumb/v7e-m+fp/hard\libc.a(libc_a-__call_atexit.o)
                0x0000b7d4                __call_exitprocs
 .text.atexit   0x0000b898        0xc c:/progra~2/armgnu~1/12dbab~1.2re/bin/../lib/gcc/arm-none-eabi/12.2.1/thumb/v7e-m+fp/hard\libc.a(libc_a-atexit.o)
                0x0000b898                atexit
 .text._malloc_trim_r
                0x0000b8a4       0xb8 c:/progra~2/armgnu~1/12dbab~1.2re/bin/../lib/gcc/arm-none-eabi/12.2.1/thumb/v7e-m+fp/hard\libc.a(libc_a-freer.o)
                0x0000b8a4                _malloc_trim_r
 .text._free_r  0x0000b95c      0x204 c:/progra~2/armgnu~1/12dbab~1.2re/bin/../lib/gcc/arm-none-eabi/12.2.1/thumb/v7e-m+fp/hard\libc.a(libc_a-freer.o)
                0x0000b95c                _free_r
 .text._svfprintf_r
                0x0000bb60     0x1c3c c:/progra~2/armgnu~1/12dbab~1.2re/bin/../lib/gcc/arm-none-eabi/12.2.1/thumb/v7e-m+fp/hard\libc.a(libc_a-svfprintf.o)
                0x0000bb60                _svfprintf_r
 *fill*         0x0000d79c        0x4 
 .text._vfprintf_r
                0x0000d7a0     0x1d20 c:/progra~2/armgnu~1/12dbab~1.2re/bin/../lib/gcc/arm-none-eabi/12.2.1/thumb/v7e-m+fp/hard\libc.a(libc_a-vfprintf.o)
                0x0000d7a0                _vfprintf_r
 .text.__sbprintf
                0x0000f4c0       0x80 c:/progra~2/armgnu~1/12dbab~1.2re/bin/../lib/gcc/arm-none-eabi/12.2.1/thumb/v7e-m+fp/hard\libc.a(libc_a-vfprintf.o)
 .text.__sprint_r.part.0
                0x0000f540       0x78 c:/progra~2/armgnu~1/12dbab~1.2re/bin/../lib/gcc/arm-none-eabi/12.2.1/thumb/v7e-m+fp/hard\libc.a(libc_a-vfiprintf.o)
 .text.__sprint_r
                0x0000f5b8       0x18 c:/progra~2/armgnu~1/12dbab~1.2re/bin/../lib/gcc/arm-none-eabi/12.2.1/thumb/v7e-m+fp/hard\libc.a(libc_a-vfiprintf.o)
                0x0000f5b8                __sprint_r
 .text._vfiprintf_r
                0x0000f5d0      0xfe4 c:/progra~2/armgnu~1/12dbab~1.2re/bin/../lib/gcc/arm-none-eabi/12.2.1/thumb/v7e-m+fp/hard\libc.a(libc_a-vfiprintf.o)
                0x0000f5d0                _vfiprintf_r
 .text.__sbprintf
                0x000105b4       0x80 c:/progra~2/armgnu~1/12dbab~1.2re/bin/../lib/gcc/arm-none-eabi/12.2.1/thumb/v7e-m+fp/hard\libc.a(libc_a-vfiprintf.o)
 .text._fclose_r
                0x00010634       0xc4 c:/progra~2/armgnu~1/12dbab~1.2re/bin/../lib/gcc/arm-none-eabi/12.2.1/thumb/v7e-m+fp/hard\libc.a(libc_a-fclose.o)
                0x00010634                _fclose_r
 .text.__smakebuf_r
                0x000106f8       0xdc c:/progra~2/armgnu~1/12dbab~1.2re/bin/../lib/gcc/arm-none-eabi/12.2.1/thumb/v7e-m+fp/hard\libc.a(libc_a-makebuf.o)
                0x000106f8                __smakebuf_r
 .text.__swhatbuf_r
                0x000107d4       0x60 c:/progra~2/armgnu~1/12dbab~1.2re/bin/../lib/gcc/arm-none-eabi/12.2.1/thumb/v7e-m+fp/hard\libc.a(libc_a-makebuf.o)
                0x000107d4                __swhatbuf_r
 .text.__fputwc
                0x00010834       0x7c c:/progra~2/armgnu~1/12dbab~1.2re/bin/../lib/gcc/arm-none-eabi/12.2.1/thumb/v7e-m+fp/hard\libc.a(libc_a-fputwc.o)
                0x00010834                __fputwc
 .text._fputwc_r
                0x000108b0       0x64 c:/progra~2/armgnu~1/12dbab~1.2re/bin/../lib/gcc/arm-none-eabi/12.2.1/thumb/v7e-m+fp/hard\libc.a(libc_a-fputwc.o)
                0x000108b0                _fputwc_r
 .text.__locale_mb_cur_max
                0x00010914        0xc c:/progra~2/armgnu~1/12dbab~1.2re/bin/../lib/gcc/arm-none-eabi/12.2.1/thumb/v7e-m+fp/hard\libc.a(libc_a-locale.o)
                0x00010914                __locale_mb_cur_max
 .text._localeconv_r
                0x00010920        0x8 c:/progra~2/armgnu~1/12dbab~1.2re/bin/../lib/gcc/arm-none-eabi/12.2.1/thumb/v7e-m+fp/hard\libc.a(libc_a-localeconv.o)
                0x00010920                _localeconv_r
 .text._fstat_r
                0x00010928       0x2c c:/progra~2/armgnu~1/12dbab~1.2re/bin/../lib/gcc/arm-none-eabi/12.2.1/thumb/v7e-m+fp/hard\libc.a(libc_a-fstatr.o)
                0x00010928                _fstat_r
 .text._isatty_r
                0x00010954       0x24 c:/progra~2/armgnu~1/12dbab~1.2re/bin/../lib/gcc/arm-none-eabi/12.2.1/thumb/v7e-m+fp/hard\libc.a(libc_a-isattyr.o)
                0x00010954                _isatty_r
 .text.__libc_fini_array
                0x00010978       0x28 c:/progra~2/armgnu~1/12dbab~1.2re/bin/../lib/gcc/arm-none-eabi/12.2.1/thumb/v7e-m+fp/hard\libc.a(libc_a-fini.o)
                0x00010978                __libc_fini_array
 .text.frexp    0x000109a0       0x68 c:/progra~2/armgnu~1/12dbab~1.2re/bin/../lib/gcc/arm-none-eabi/12.2.1/thumb/v7e-m+fp/hard\libc.a(libm_a-s_frexp.o)
                0x000109a0                frexp
 .text.quorem   0x00010a08      0x12c c:/progra~2/armgnu~1/12dbab~1.2re/bin/../lib/gcc/arm-none-eabi/12.2.1/thumb/v7e-m+fp/hard\libc.a(libc_a-dtoa.o)
 *fill*         0x00010b34        0x4 
 .text._dtoa_r  0x00010b38      0xec4 c:/progra~2/armgnu~1/12dbab~1.2re/bin/../lib/gcc/arm-none-eabi/12.2.1/thumb/v7e-m+fp/hard\libc.a(libc_a-dtoa.o)
                0x00010b38                _dtoa_r
 .text.__ascii_mbtowc
                0x000119fc       0x2c c:/progra~2/armgnu~1/12dbab~1.2re/bin/../lib/gcc/arm-none-eabi/12.2.1/thumb/v7e-m+fp/hard\libc.a(libc_a-mbtowc_r.o)
                0x000119fc                __ascii_mbtowc
 .text._Balloc  0x00011a28       0x4c c:/progra~2/armgnu~1/12dbab~1.2re/bin/../lib/gcc/arm-none-eabi/12.2.1/thumb/v7e-m+fp/hard\libc.a(libc_a-mprec.o)
                0x00011a28                _Balloc
 .text._Bfree   0x00011a74       0x14 c:/progra~2/armgnu~1/12dbab~1.2re/bin/../lib/gcc/arm-none-eabi/12.2.1/thumb/v7e-m+fp/hard\libc.a(libc_a-mprec.o)
                0x00011a74                _Bfree
 .text.__multadd
                0x00011a88       0xa0 c:/progra~2/armgnu~1/12dbab~1.2re/bin/../lib/gcc/arm-none-eabi/12.2.1/thumb/v7e-m+fp/hard\libc.a(libc_a-mprec.o)
                0x00011a88                __multadd
 .text.__hi0bits
                0x00011b28       0x44 c:/progra~2/armgnu~1/12dbab~1.2re/bin/../lib/gcc/arm-none-eabi/12.2.1/thumb/v7e-m+fp/hard\libc.a(libc_a-mprec.o)
                0x00011b28                __hi0bits
 .text.__lo0bits
                0x00011b6c       0x60 c:/progra~2/armgnu~1/12dbab~1.2re/bin/../lib/gcc/arm-none-eabi/12.2.1/thumb/v7e-m+fp/hard\libc.a(libc_a-mprec.o)
                0x00011b6c                __lo0bits
 .text.__i2b    0x00011bcc       0x5c c:/progra~2/armgnu~1/12dbab~1.2re/bin/../lib/gcc/arm-none-eabi/12.2.1/thumb/v7e-m+fp/hard\libc.a(libc_a-mprec.o)
                0x00011bcc                __i2b
 .text.__multiply
                0x00011c28      0x16c c:/progra~2/armgnu~1/12dbab~1.2re/bin/../lib/gcc/arm-none-eabi/12.2.1/thumb/v7e-m+fp/hard\libc.a(libc_a-mprec.o)
                0x00011c28                __multiply
 .text.__pow5mult
                0x00011d94       0xb4 c:/progra~2/armgnu~1/12dbab~1.2re/bin/../lib/gcc/arm-none-eabi/12.2.1/thumb/v7e-m+fp/hard\libc.a(libc_a-mprec.o)
                0x00011d94                __pow5mult
 .text.__lshift
                0x00011e48       0xf0 c:/progra~2/armgnu~1/12dbab~1.2re/bin/../lib/gcc/arm-none-eabi/12.2.1/thumb/v7e-m+fp/hard\libc.a(libc_a-mprec.o)
                0x00011e48                __lshift
 .text.__mcmp   0x00011f38       0x44 c:/progra~2/armgnu~1/12dbab~1.2re/bin/../lib/gcc/arm-none-eabi/12.2.1/thumb/v7e-m+fp/hard\libc.a(libc_a-mprec.o)
                0x00011f38                __mcmp
 .text.__mdiff  0x00011f7c      0x164 c:/progra~2/armgnu~1/12dbab~1.2re/bin/../lib/gcc/arm-none-eabi/12.2.1/thumb/v7e-m+fp/hard\libc.a(libc_a-mprec.o)
                0x00011f7c                __mdiff
 .text.__d2b    0x000120e0       0xd4 c:/progra~2/armgnu~1/12dbab~1.2re/bin/../lib/gcc/arm-none-eabi/12.2.1/thumb/v7e-m+fp/hard\libc.a(libc_a-mprec.o)
                0x000120e0                __d2b
 .text.__ascii_wctomb
                0x000121b4       0x1c c:/progra~2/armgnu~1/12dbab~1.2re/bin/../lib/gcc/arm-none-eabi/12.2.1/thumb/v7e-m+fp/hard\libc.a(libc_a-wctomb_r.o)
                0x000121b4                __ascii_wctomb
 .text._wcrtomb_r
                0x000121d0       0x4c c:/progra~2/armgnu~1/12dbab~1.2re/bin/../lib/gcc/arm-none-eabi/12.2.1/thumb/v7e-m+fp/hard\libc.a(libc_a-wcrtomb.o)
                0x000121d0                _wcrtomb_r
 .text._wcsrtombs_r
                0x0001221c       0x18 c:/progra~2/armgnu~1/12dbab~1.2re/bin/../lib/gcc/arm-none-eabi/12.2.1/thumb/v7e-m+fp/hard\libc.a(libc_a-wcsrtombs.o)
                0x0001221c                _wcsrtombs_r
 .text.__ssprint_r
                0x00012234       0xfc c:/progra~2/armgnu~1/12dbab~1.2re/bin/../lib/gcc/arm-none-eabi/12.2.1/thumb/v7e-m+fp/hard\libc.a(libc_a-svfiprintf.o)
                0x00012234                __ssprint_r
 .text.__assert_func
                0x00012330       0x40 c:/progra~2/armgnu~1/12dbab~1.2re/bin/../lib/gcc/arm-none-eabi/12.2.1/thumb/v7e-m+fp/hard\libc.a(libc_a-assert.o)
                0x00012330                __assert_func
 .text._calloc_r
                0x00012370       0x6c c:/progra~2/armgnu~1/12dbab~1.2re/bin/../lib/gcc/arm-none-eabi/12.2.1/thumb/v7e-m+fp/hard\libc.a(libc_a-callocr.o)
                0x00012370                _calloc_r
 .text._wcsnrtombs_l
                0x000123dc       0xfc c:/progra~2/armgnu~1/12dbab~1.2re/bin/../lib/gcc/arm-none-eabi/12.2.1/thumb/v7e-m+fp/hard\libc.a(libc_a-wcsnrtombs.o)
                0x000123dc                _wcsnrtombs_l
 .text._wcsnrtombs_r
                0x000124d8       0x24 c:/progra~2/armgnu~1/12dbab~1.2re/bin/../lib/gcc/arm-none-eabi/12.2.1/thumb/v7e-m+fp/hard\libc.a(libc_a-wcsnrtombs.o)
                0x000124d8                _wcsnrtombs_r
 .text.fiprintf
                0x000124fc       0x28 c:/progra~2/armgnu~1/12dbab~1.2re/bin/../lib/gcc/arm-none-eabi/12.2.1/thumb/v7e-m+fp/hard\libc.a(libc_a-fiprintf.o)
                0x000124fc                fiprintf
 .text._sbrk    0x00012524       0x1c c:/progra~2/armgnu~1/12dbab~1.2re/bin/../lib/gcc/arm-none-eabi/12.2.1/thumb/v7e-m+fp/hard\libnosys.a(sbrk.o)
                0x00012524                _sbrk
 .text._exit    0x00012540        0x4 c:/progra~2/armgnu~1/12dbab~1.2re/bin/../lib/gcc/arm-none-eabi/12.2.1/thumb/v7e-m+fp/hard\libnosys.a(_exit.o)
                0x00012540                _exit
 *(SORT_BY_NAME(.ctors.*))
 *(.ctors)
 *(SORT_BY_NAME(.dtors.*))
 *(.dtors)
 *(.init)
 .init          0x00012544        0x4 c:/progra~2/armgnu~1/12dbab~1.2re/bin/../lib/gcc/arm-none-eabi/12.2.1/thumb/v7e-m+fp/hard/crti.o
                0x00012544                _init
 .init          0x00012548        0x8 c:/progra~2/armgnu~1/12dbab~1.2re/bin/../lib/gcc/arm-none-eabi/12.2.1/thumb/v7e-m+fp/hard/crtn.o
 *(.fini)
 .fini          0x00012550        0x4 c:/progra~2/armgnu~1/12dbab~1.2re/bin/../lib/gcc/arm-none-eabi/12.2.1/thumb/v7e-m+fp/hard/crti.o
                0x00012550                _fini
 .fini          0x00012554        0x8 c:/progra~2/armgnu~1/12dbab~1.2re/bin/../lib/gcc/arm-none-eabi/12.2.1/thumb/v7e-m+fp/hard/crtn.o
                0x0001255c                __preinit_array_start = .
 *(.preinit_array*)
                0x0001255c                __preinit_array_end = .
                0x0001255c                __init_array_start = .
 *(.init_array*)
 .init_array    0x0001255c        0x4 c:/progra~2/armgnu~1/12dbab~1.2re/bin/../lib/gcc/arm-none-eabi/12.2.1/thumb/v7e-m+fp/hard/crtbegin.o
 .init_array    0x00012560        0x4 YAHAL_schloss_reg\libYAHAL_schloss_reg.a(uart_msp432.cpp.obj)
 .init_array    0x00012564        0x4 YAHAL_schloss_reg\libYAHAL_schloss_reg.a(task.cpp.obj)
 .init_array    0x00012568        0x4 YAHAL_schloss_reg\libYAHAL_schloss_reg.a(posix_io.cpp.obj)
 .init_array    0x0001256c        0x4 YAHAL_schloss_reg\libYAHAL_schloss_reg.a(gpio_msp432.cpp.obj)
 .init_array    0x00012570        0x4 c:/progra~2/armgnu~1/12dbab~1.2re/bin/../lib/gcc/arm-none-eabi/12.2.1/thumb/v7e-m+fp/hard\libstdc++.a(eh_alloc.o)
 .init_array    0x00012574        0x4 c:/progra~2/armgnu~1/12dbab~1.2re/bin/../lib/gcc/arm-none-eabi/12.2.1/thumb/v7e-m+fp/hard\libstdc++.a(eh_globals.o)
 .init_array.00000
                0x00012578        0x4 c:/progra~2/armgnu~1/12dbab~1.2re/bin/../lib/gcc/arm-none-eabi/12.2.1/thumb/v7e-m+fp/hard\libc.a(libc_a-__call_atexit.o)
                0x0001257c                __init_array_end = .
                0x0001257c                __fini_array_start = .
 *(.fini_array*)
 .fini_array    0x0001257c        0x4 c:/progra~2/armgnu~1/12dbab~1.2re/bin/../lib/gcc/arm-none-eabi/12.2.1/thumb/v7e-m+fp/hard/crtbegin.o
                0x00012580                __fini_array_end = .
 .text          0x00012580       0x7c c:/progra~2/armgnu~1/12dbab~1.2re/bin/../lib/gcc/arm-none-eabi/12.2.1/thumb/v7e-m+fp/hard/crt0.o
                0x00012580                _stack_init
                0x00012588                _start
                0x00012588                _mainCRTStartup
 .text          0x000125fc      0x1ac c:/progra~2/armgnu~1/12dbab~1.2re/bin/../lib/gcc/arm-none-eabi/12.2.1/thumb/v7e-m+fp/hard\libgcc.a(libunwind.o)
                0x000125fc                __restore_core_regs
                0x000125fc                restore_core_regs
                0x00012614                __gnu_Unwind_Restore_VFP
                0x0001261c                __gnu_Unwind_Save_VFP
                0x00012624                __gnu_Unwind_Restore_VFP_D
                0x0001262c                __gnu_Unwind_Save_VFP_D
                0x00012634                __gnu_Unwind_Restore_VFP_D_16_to_31
                0x0001263c                __gnu_Unwind_Save_VFP_D_16_to_31
                0x00012644                __gnu_Unwind_Restore_WMMXD
                0x00012688                __gnu_Unwind_Save_WMMXD
                0x000126cc                __gnu_Unwind_Restore_WMMXC
                0x000126e0                __gnu_Unwind_Save_WMMXC
                0x000126f4                ___Unwind_RaiseException
                0x000126f4                _Unwind_RaiseException
                0x00012718                _Unwind_Resume
                0x00012718                ___Unwind_Resume
                0x0001273c                _Unwind_Resume_or_Rethrow
                0x0001273c                ___Unwind_Resume_or_Rethrow
                0x00012760                _Unwind_ForcedUnwind
                0x00012760                ___Unwind_ForcedUnwind
                0x00012784                ___Unwind_Backtrace
                0x00012784                _Unwind_Backtrace
 *fill*         0x000127a8       0x18 
 .text          0x000127c0      0x2dc c:/progra~2/armgnu~1/12dbab~1.2re/bin/../lib/gcc/arm-none-eabi/12.2.1/thumb/v7e-m+fp/hard\libc.a(libc_a-strcmp.o)
                0x000127c8                strcmp
 *fill*         0x00012a9c        0x4 
 .text          0x00012aa0       0xa0 c:/progra~2/armgnu~1/12dbab~1.2re/bin/../lib/gcc/arm-none-eabi/12.2.1/thumb/v7e-m+fp/hard\libc.a(libc_a-memchr.o)
                0x00012aa0                memchr
 .text          0x00012b40      0x134 c:/progra~2/armgnu~1/12dbab~1.2re/bin/../lib/gcc/arm-none-eabi/12.2.1/thumb/v7e-m+fp/hard\libc.a(libc_a-memcpy.o)
                0x00012b40                memcpy
 *fill*         0x00012c74        0xc 
 .text          0x00012c80       0xdc c:/progra~2/armgnu~1/12dbab~1.2re/bin/../lib/gcc/arm-none-eabi/12.2.1/thumb/v7e-m+fp/hard\libc.a(libc_a-strlen.o)
                0x00012c80                strlen
 .text          0x00012d5c      0x378 c:/progra~2/armgnu~1/12dbab~1.2re/bin/../lib/gcc/arm-none-eabi/12.2.1/thumb/v7e-m+fp/hard\libgcc.a(_arm_addsubdf3.o)
                0x00012d5c                __aeabi_drsub
                0x00012d64                __aeabi_dsub
                0x00012d64                __subdf3
                0x00012d68                __aeabi_dadd
                0x00012d68                __adddf3
                0x00012fe0                __floatunsidf
                0x00012fe0                __aeabi_ui2d
                0x00013000                __floatsidf
                0x00013000                __aeabi_i2d
                0x00013024                __aeabi_f2d
                0x00013024                __extendsfdf2
                0x00013068                __floatundidf
                0x00013068                __aeabi_ul2d
                0x00013078                __floatdidf
                0x00013078                __aeabi_l2d
 .text          0x000130d4      0x424 c:/progra~2/armgnu~1/12dbab~1.2re/bin/../lib/gcc/arm-none-eabi/12.2.1/thumb/v7e-m+fp/hard\libgcc.a(_arm_muldivdf3.o)
                0x000130d4                __aeabi_dmul
                0x000130d4                __muldf3
                0x00013328                __divdf3
                0x00013328                __aeabi_ddiv
 .text          0x000134f8      0x110 c:/progra~2/armgnu~1/12dbab~1.2re/bin/../lib/gcc/arm-none-eabi/12.2.1/thumb/v7e-m+fp/hard\libgcc.a(_arm_cmpdf2.o)
                0x000134f8                __gtdf2
                0x000134f8                __gedf2
                0x00013500                __ltdf2
                0x00013500                __ledf2
                0x00013508                __nedf2
                0x00013508                __eqdf2
                0x00013508                __cmpdf2
                0x00013584                __aeabi_cdrcmple
                0x00013594                __aeabi_cdcmpeq
                0x00013594                __aeabi_cdcmple
                0x000135a4                __aeabi_dcmpeq
                0x000135b8                __aeabi_dcmplt
                0x000135cc                __aeabi_dcmple
                0x000135e0                __aeabi_dcmpge
                0x000135f4                __aeabi_dcmpgt
 .text          0x00013608       0x2c c:/progra~2/armgnu~1/12dbab~1.2re/bin/../lib/gcc/arm-none-eabi/12.2.1/thumb/v7e-m+fp/hard\libgcc.a(_arm_unorddf2.o)
                0x00013608                __unorddf2
                0x00013608                __aeabi_dcmpun
 .text          0x00013634       0x50 c:/progra~2/armgnu~1/12dbab~1.2re/bin/../lib/gcc/arm-none-eabi/12.2.1/thumb/v7e-m+fp/hard\libgcc.a(_arm_fixdfsi.o)
                0x00013634                __aeabi_d2iz
                0x00013634                __fixdfsi

.glue_7         0x00013684        0x0
 .glue_7        0x00013684        0x0 linker stubs

.glue_7t        0x00013684        0x0
 .glue_7t       0x00013684        0x0 linker stubs

.vfp11_veneer   0x00013684        0x0
 .vfp11_veneer  0x00013684        0x0 linker stubs

.v4_bx          0x00013684        0x0
 .v4_bx         0x00013684        0x0 linker stubs

.iplt           0x00013684        0x0
 .iplt          0x00013684        0x0 c:/progra~2/armgnu~1/12dbab~1.2re/bin/../lib/gcc/arm-none-eabi/12.2.1/thumb/v7e-m+fp/hard/crtbegin.o

.ARM.extab      0x00013684       0xe0
 *(.ARM.extab* .gnu.linkonce.armextab.*)
 .ARM.extab     0x00013684        0x0 c:/progra~2/armgnu~1/12dbab~1.2re/bin/../lib/gcc/arm-none-eabi/12.2.1/thumb/v7e-m+fp/hard/crt0.o
 .ARM.extab.text.__aeabi_atexit
                0x00013684        0x0 c:/progra~2/armgnu~1/12dbab~1.2re/bin/../lib/gcc/arm-none-eabi/12.2.1/thumb/v7e-m+fp/hard\libstdc++.a(atexit_arm.o)
 .ARM.extab.text._ZdlPvj
                0x00013684        0x0 c:/progra~2/armgnu~1/12dbab~1.2re/bin/../lib/gcc/arm-none-eabi/12.2.1/thumb/v7e-m+fp/hard\libstdc++.a(del_ops.o)
 .ARM.extab.text._ZdaPv
                0x00013684        0x0 c:/progra~2/armgnu~1/12dbab~1.2re/bin/../lib/gcc/arm-none-eabi/12.2.1/thumb/v7e-m+fp/hard\libstdc++.a(del_opv.o)
 .ARM.extab.text._Znwj