Archive member included to satisfy reference by file (symbol)

YAHAL_sensor\libYAHAL_sensor.a(adc14_msp432.cpp.obj)
                              CMakeFiles/sensor.dir/sensor.cpp.obj (adc14_msp432::inst)
YAHAL_sensor\libYAHAL_sensor.a(gpio_msp432.cpp.obj)
                              YAHAL_sensor\libYAHAL_sensor.a(adc14_msp432.cpp.obj) (gpio_msp432::inst)
YAHAL_sensor\libYAHAL_sensor.a(startup_msp432p401r_gcc.cpp.obj)
                              (Reset_Handler)
YAHAL_sensor\libYAHAL_sensor.a(uart_msp432.cpp.obj)
                              CMakeFiles/sensor.dir/sensor.cpp.obj (uart_msp432::uart_msp432(EUSCI_A_Type*, unsigned long, unsigned short))
YAHAL_sensor\libYAHAL_sensor.a(system_msp432_gcc.cpp.obj)
                              YAHAL_sensor\libYAHAL_sensor.a(uart_msp432.cpp.obj) (SystemCoreClock)
YAHAL_sensor\libYAHAL_sensor.a(task.cpp.obj)
                              CMakeFiles/sensor.dir/sensor.cpp.obj (task::sleep(unsigned long))
YAHAL_sensor\libYAHAL_sensor.a(cpp_support.cpp.obj)
                              YAHAL_sensor\libYAHAL_sensor.a(gpio_msp432.cpp.obj) (std::__throw_bad_function_call())
YAHAL_sensor\libYAHAL_sensor.a(posix_io.cpp.obj)
                              CMakeFiles/sensor.dir/sensor.cpp.obj (posix_io::inst)
YAHAL_sensor\libYAHAL_sensor.a(irq_dispatcher.cpp.obj)
                              YAHAL_sensor\libYAHAL_sensor.a(uart_msp432.cpp.obj) (irq_dispatcher::link_in())
YAHAL_sensor\libYAHAL_sensor.a(task_msp432.cpp.obj)
                              YAHAL_sensor\libYAHAL_sensor.a(task.cpp.obj) (task::_setup_stack(bool))
c:/progra~2/armgnu~1/12dbab~1.2re/bin/../lib/gcc/arm-none-eabi/12.2.1/thumb/v7e-m+fp/hard\libstdc++.a(atexit_arm.o)
                              YAHAL_sensor\libYAHAL_sensor.a(adc14_msp432.cpp.obj) (__aeabi_atexit)
c:/progra~2/armgnu~1/12dbab~1.2re/bin/../lib/gcc/arm-none-eabi/12.2.1/thumb/v7e-m+fp/hard\libstdc++.a(del_ops.o)
                              YAHAL_sensor\libYAHAL_sensor.a(adc14_msp432.cpp.obj) (operator delete(void*, unsigned int))
c:/progra~2/armgnu~1/12dbab~1.2re/bin/../lib/gcc/arm-none-eabi/12.2.1/thumb/v7e-m+fp/hard\libstdc++.a(del_opv.o)
                              YAHAL_sensor\libYAHAL_sensor.a(task.cpp.obj) (operator delete[](void*))
c:/progra~2/armgnu~1/12dbab~1.2re/bin/../lib/gcc/arm-none-eabi/12.2.1/thumb/v7e-m+fp/hard\libstdc++.a(new_op.o)
                              YAHAL_sensor\libYAHAL_sensor.a(task_msp432.cpp.obj) (operator new(unsigned int))
c:/progra~2/armgnu~1/12dbab~1.2re/bin/../lib/gcc/arm-none-eabi/12.2.1/thumb/v7e-m+fp/hard\libstdc++.a(new_opv.o)
                              YAHAL_sensor\libYAHAL_sensor.a(task.cpp.obj) (operator new[](unsigned int))
c:/progra~2/armgnu~1/12dbab~1.2re/bin/../lib/gcc/arm-none-eabi/12.2.1/thumb/v7e-m+fp/hard\libstdc++.a(bad_alloc.o)
                              c:/progra~2/armgnu~1/12dbab~1.2re/bin/../lib/gcc/arm-none-eabi/12.2.1/thumb/v7e-m+fp/hard\libstdc++.a(new_op.o) (vtable for std::bad_alloc)
c:/progra~2/armgnu~1/12dbab~1.2re/bin/../lib/gcc/arm-none-eabi/12.2.1/thumb/v7e-m+fp/hard\libstdc++.a(del_op.o)
                              c:/progra~2/armgnu~1/12dbab~1.2re/bin/../lib/gcc/arm-none-eabi/12.2.1/thumb/v7e-m+fp/hard\libstdc++.a(del_ops.o) (operator delete(void*))
c:/progra~2/armgnu~1/12dbab~1.2re/bin/../lib/gcc/arm-none-eabi/12.2.1/thumb/v7e-m+fp/hard\libstdc++.a(eh_alloc.o)
                              c:/progra~2/armgnu~1/12dbab~1.2re/bin/../lib/gcc/arm-none-eabi/12.2.1/thumb/v7e-m+fp/hard\libstdc++.a(new_op.o) (__cxa_allocate_exception)
c:/progra~2/armgnu~1/12dbab~1.2re/bin/../lib/gcc/arm-none-eabi/12.2.1/thumb/v7e-m+fp/hard\libstdc++.a(eh_exception.o)
                              c:/progra~2/armgnu~1/12dbab~1.2re/bin/../lib/gcc/arm-none-eabi/12.2.1/thumb/v7e-m+fp/hard\libstdc++.a(bad_alloc.o) (std::exception::~exception())
c:/progra~2/armgnu~1/12dbab~1.2re/bin/../lib/gcc/arm-none-eabi/12.2.1/thumb/v7e-m+fp/hard\libstdc++.a(eh_terminate.o)
                              c:/progra~2/armgnu~1/12dbab~1.2re/bin/../lib/gcc/arm-none-eabi/12.2.1/thumb/v7e-m+fp/hard\libstdc++.a(eh_alloc.o) (std::terminate())
c:/progra~2/armgnu~1/12dbab~1.2re/bin/../lib/gcc/arm-none-eabi/12.2.1/thumb/v7e-m+fp/hard\libstdc++.a(eh_throw.o)
                              c:/progra~2/armgnu~1/12dbab~1.2re/bin/../lib/gcc/arm-none-eabi/12.2.1/thumb/v7e-m+fp/hard\libstdc++.a(new_op.o) (__cxa_throw)
c:/progra~2/armgnu~1/12dbab~1.2re/bin/../lib/gcc/arm-none-eabi/12.2.1/thumb/v7e-m+fp/hard\libstdc++.a(eh_unex_handler.o)
                              c:/progra~2/armgnu~1/12dbab~1.2re/bin/../lib/gcc/arm-none-eabi/12.2.1/thumb/v7e-m+fp/hard\libstdc++.a(eh_terminate.o) (__cxxabiv1::__unexpected_handler)
c:/progra~2/armgnu~1/12dbab~1.2re/bin/../lib/gcc/arm-none-eabi/12.2.1/thumb/v7e-m+fp/hard\libstdc++.a(new_handler.o)
                              c:/progra~2/armgnu~1/12dbab~1.2re/bin/../lib/gcc/arm-none-eabi/12.2.1/thumb/v7e-m+fp/hard\libstdc++.a(new_op.o) (std::get_new_handler())
[...]
Memory Configuration

Name             Origin             Length             Attributes
FLASH            0x00000000         0x00040000         xr
RAM              0x20000000         0x00010000         rw
*default*        0x00000000         0xffffffff

Linker script and memory map

LOAD c:/progra~2/armgnu~1/12dbab~1.2re/bin/../lib/gcc/arm-none-eabi/12.2.1/thumb/v7e-m+fp/hard/crti.o
LOAD c:/progra~2/armgnu~1/12dbab~1.2re/bin/../lib/gcc/arm-none-eabi/12.2.1/thumb/v7e-m+fp/hard/crtbegin.o
LOAD c:/progra~2/armgnu~1/12dbab~1.2re/bin/../lib/gcc/arm-none-eabi/12.2.1/thumb/v7e-m+fp/hard/crt0.o

.text           0x00000000    0x13a0c
 *(.intvecs)
 .intvecs       0x00000000       0xe4 YAHAL_sensor\libYAHAL_sensor.a(startup_msp432p401r_gcc.cpp.obj)
 *(.text.*)
 .text.deregister_tm_clones
                0x000000e4       0x1c c:/progra~2/armgnu~1/12dbab~1.2re/bin/../lib/gcc/arm-none-eabi/12.2.1/thumb/v7e-m+fp/hard/crtbegin.o
 .text.register_tm_clones
                0x00000100       0x24 c:/progra~2/armgnu~1/12dbab~1.2re/bin/../lib/gcc/arm-none-eabi/12.2.1/thumb/v7e-m+fp/hard/crtbegin.o
 .text.__do_global_dtors_aux
                0x00000124       0x28 c:/progra~2/armgnu~1/12dbab~1.2re/bin/../lib/gcc/arm-none-eabi/12.2.1/thumb/v7e-m+fp/hard/crtbegin.o
 .text.frame_dummy
                0x0000014c       0x24 c:/progra~2/armgnu~1/12dbab~1.2re/bin/../lib/gcc/arm-none-eabi/12.2.1/thumb/v7e-m+fp/hard/crtbegin.o
 .text.main     0x00000170      0x144 CMakeFiles/sensor.dir/sensor.cpp.obj
                0x00000170                main
 .text._ZL17yahal_assert_funcv
                0x000002b4        0x2 YAHAL_sensor\libYAHAL_sensor.a(adc14_msp432.cpp.obj)
 *fill*         0x000002b6        0x2 
 .text._ZN12adc14_msp4327getModeEh
                0x000002b8       0x2c YAHAL_sensor\libYAHAL_sensor.a(adc14_msp432.cpp.obj)
                0x000002b8                adc14_msp432::getMode(unsigned char)
 .text._ZN12adc14_msp43214adcReadVoltageEh
                0x000002e4       0x18 YAHAL_sensor\libYAHAL_sensor.a(adc14_msp432.cpp.obj)
                0x000002e4                adc14_msp432::adcReadVoltage(unsigned char)
 .text._ZN12adc14_msp43212rawToVoltageEht
                0x000002fc       0x84 YAHAL_sensor\libYAHAL_sensor.a(adc14_msp432.cpp.obj)
                0x000002fc                adc14_msp432::rawToVoltage(unsigned char, unsigned short)
 .text._ZN12adc14_msp432D2Ev
                0x00000380       0x14 YAHAL_sensor\libYAHAL_sensor.a(adc14_msp432.cpp.obj)
                0x00000380                adc14_msp432::~adc14_msp432()
                0x00000380                adc14_msp432::~adc14_msp432()
 .text._ZN12adc14_msp4327adcModeEht
                0x00000394       0x5c YAHAL_sensor\libYAHAL_sensor.a(adc14_msp432.cpp.obj)
                0x00000394                adc14_msp432::adcMode(unsigned char, unsigned short)
 .text._ZN12adc14_msp432D0Ev
                0x000003f0       0x20 YAHAL_sensor\libYAHAL_sensor.a(adc14_msp432.cpp.obj)
                0x000003f0                adc14_msp432::~adc14_msp432()
 .text._ZN12adc14_msp43211adcStopScanEv
                0x00000410       0x1c YAHAL_sensor\libYAHAL_sensor.a(adc14_msp432.cpp.obj)
                0x00000410                adc14_msp432::adcStopScan()
 .text._ZN12adc14_msp432C2Ev
                0x0000042c       0x64 YAHAL_sensor\libYAHAL_sensor.a(adc14_msp432.cpp.obj)
                0x0000042c                adc14_msp432::adc14_msp432()
                0x0000042c                adc14_msp432::adc14_msp432()
 .text._Z41__static_initialization_and_destruction_0ii
                0x00000490       0x30 YAHAL_sensor\libYAHAL_sensor.a(adc14_msp432.cpp.obj)
 .text._ZN12adc14_msp43214set_resolutionEt
                0x000004c0       0x8c YAHAL_sensor\libYAHAL_sensor.a(adc14_msp432.cpp.obj)
                0x000004c0                adc14_msp432::set_resolution(unsigned short)
 .text._ZN12adc14_msp43210adcReadRawEh
                0x0000054c       0x8c YAHAL_sensor\libYAHAL_sensor.a(adc14_msp432.cpp.obj)
                0x0000054c                adc14_msp432::adcReadRaw(unsigned char)
 .text._ZN12adc14_msp4329handleIrqEm
                0x000005d8       0x98 YAHAL_sensor\libYAHAL_sensor.a(adc14_msp432.cpp.obj)
                0x000005d8                adc14_msp432::handleIrq(unsigned long)
 .text.ADC14_IRQHandler
                0x00000670       0x18 YAHAL_sensor\libYAHAL_sensor.a(adc14_msp432.cpp.obj)
                0x00000670                ADC14_IRQHandler
 .text._GLOBAL__sub_I__ZN12adc14_msp4324instE
                0x00000688        0xe YAHAL_sensor\libYAHAL_sensor.a(adc14_msp432.cpp.obj)
 *fill*         0x00000696        0x2 
 .text.__NVIC_EnableIRQ
                0x00000698       0x1c YAHAL_sensor\libYAHAL_sensor.a(gpio_msp432.cpp.obj)
 .text._ZL17yahal_assert_funcv
                0x000006b4        0x2 YAHAL_sensor\libYAHAL_sensor.a(gpio_msp432.cpp.obj)
 *fill*         0x000006b6        0x2 
 .text._ZN11gpio_msp4328gpioReadEt
                0x000006b8       0x48 YAHAL_sensor\libYAHAL_sensor.a(gpio_msp432.cpp.obj)
                0x000006b8                gpio_msp432::gpioRead(unsigned short)
 .text._ZN11gpio_msp4329gpioWriteEtb
                0x00000700      0x148 YAHAL_sensor\libYAHAL_sensor.a(gpio_msp432.cpp.obj)
                0x00000700                gpio_msp432::gpioWrite(unsigned short, bool)
 .text._ZN11gpio_msp43210gpioToggleEt
                0x00000848       0x50 YAHAL_sensor\libYAHAL_sensor.a(gpio_msp432.cpp.obj)
                0x00000848                gpio_msp432::gpioToggle(unsigned short)
 .text._ZN11gpio_msp43213gpioEnableIrqEt
                0x00000898       0x60 YAHAL_sensor\libYAHAL_sensor.a(gpio_msp432.cpp.obj)
                0x00000898                gpio_msp432::gpioEnableIrq(unsigned short)
 .text._ZN11gpio_msp43214gpioDisableIrqEt
                0x000008f8       0x48 YAHAL_sensor\libYAHAL_sensor.a(gpio_msp432.cpp.obj)
                0x000008f8                gpio_msp432::gpioDisableIrq(unsigned short)
 .text._ZNSt14_Function_baseD2Ev
                0x00000940       0x12 YAHAL_sensor\libYAHAL_sensor.a(gpio_msp432.cpp.obj)
                0x00000940                std::_Function_base::~_Function_base()
                0x00000940                std::_Function_base::~_Function_base()
 *fill*         0x00000952        0x2 
 .text._ZN11gpio_msp432D2Ev
                0x00000954       0x30 YAHAL_sensor\libYAHAL_sensor.a(gpio_msp432.cpp.obj)
                0x00000954                gpio_msp432::~gpio_msp432()
                0x00000954                gpio_msp432::~gpio_msp432()
 .text._ZN11gpio_msp432D0Ev
                0x00000984       0x16 YAHAL_sensor\libYAHAL_sensor.a(gpio_msp432.cpp.obj)
                0x00000984                gpio_msp432::~gpio_msp432()
 *fill*         0x0000099a        0x2 
 .text._ZN11gpio_msp432C2Ev
                0x0000099c       0x48 YAHAL_sensor\libYAHAL_sensor.a(gpio_msp432.cpp.obj)
                0x0000099c                gpio_msp432::gpio_msp432()
                0x0000099c                gpio_msp432::gpio_msp432()
 .text._Z41__static_initialization_and_destruction_0ii
                0x000009e4       0x30 YAHAL_sensor\libYAHAL_sensor.a(gpio_msp432.cpp.obj)
 .text._ZN11gpio_msp4326setSELEth
                0x00000a14       0x58 YAHAL_sensor\libYAHAL_sensor.a(gpio_msp432.cpp.obj)
                0x00000a14                gpio_msp432::setSEL(unsigned short, unsigned char)
 .text._ZN11gpio_msp4327setModeEtt
                0x00000a6c      0x168 YAHAL_sensor\libYAHAL_sensor.a(gpio_msp432.cpp.obj)
                0x00000a6c                gpio_msp432::setMode(unsigned short, unsigned short)
 .text._ZN11gpio_msp4328gpioModeEtt
                0x00000bd4       0x1a YAHAL_sensor\libYAHAL_sensor.a(gpio_msp432.cpp.obj)
                0x00000bd4                gpio_msp432::gpioMode(unsigned short, unsigned short)
 .text._ZNSt8functionIFvvEEC2ERKS1_
                0x00000bee       0x24 YAHAL_sensor\libYAHAL_sensor.a(gpio_msp432.cpp.obj)
                0x00000bee                std::function<void ()>::function(std::function<void ()> const&)
                0x00000bee                std::function<void ()>::function(std::function<void ()> const&)
 .text._ZNSt8functionIFvvEEaSEDn
                0x00000c12       0x18 YAHAL_sensor\libYAHAL_sensor.a(gpio_msp432.cpp.obj)
                0x00000c12                std::function<void ()>::operator=(decltype(nullptr))
 *fill*         0x00000c2a        0x2 
 .text._ZN11gpio_msp43213gpioDetachIrqEt
                0x00000c2c       0x4c YAHAL_sensor\libYAHAL_sensor.a(gpio_msp432.cpp.obj)
                0x00000c2c                gpio_msp432::gpioDetachIrq(unsigned short)
 .text._ZNKSt8functionIFvvEEclEv
                0x00000c78       0x10 YAHAL_sensor\libYAHAL_sensor.a(gpio_msp432.cpp.obj)
                0x00000c78                std::function<void ()>::operator()() const
 .text._ZN11gpio_msp4329handleIrqEhh
                0x00000c88       0x48 YAHAL_sensor\libYAHAL_sensor.a(gpio_msp432.cpp.obj)
                0x00000c88                gpio_msp432::handleIrq(unsigned char, unsigned char)
 .text.PORT1_IRQHandler
                0x00000cd0       0x24 YAHAL_sensor\libYAHAL_sensor.a(gpio_msp432.cpp.obj)
                0x00000cd0                PORT1_IRQHandler
 .text.PORT2_IRQHandler
                0x00000cf4       0x24 YAHAL_sensor\libYAHAL_sensor.a(gpio_msp432.cpp.obj)
                0x00000cf4                PORT2_IRQHandler
 .text.PORT3_IRQHandler
                0x00000d18       0x24 YAHAL_sensor\libYAHAL_sensor.a(gpio_msp432.cpp.obj)
                0x00000d18                PORT3_IRQHandler
 .text.PORT4_IRQHandler
                0x00000d3c       0x24 YAHAL_sensor\libYAHAL_sensor.a(gpio_msp432.cpp.obj)
                0x00000d3c                PORT4_IRQHandler
 .text.PORT5_IRQHandler
                0x00000d60       0x28 YAHAL_sensor\libYAHAL_sensor.a(gpio_msp432.cpp.obj)
                0x00000d60                PORT5_IRQHandler
 .text.PORT6_IRQHandler
                0x00000d88       0x28 YAHAL_sensor\libYAHAL_sensor.a(gpio_msp432.cpp.obj)
                0x00000d88                PORT6_IRQHandler
 .text._ZSt4swapISt9_Any_dataENSt9enable_ifIXsrSt6__and_IJSt6__not_ISt15__is_tuple_likeIT_EESt21is_move_constructibleIS5_ESt18is_move_assignableIS5_EEE5valueEvE4typeERS5_SF_
                0x00000db0       0x24 YAHAL_sensor\libYAHAL_sensor.a(gpio_msp432.cpp.obj)
                0x00000db0                std::enable_if<std::__and_<std::__not_<std::__is_tuple_like<std::_Any_data> >, std::is_move_constructible<std::_Any_data>, std::is_move_assignable<std::_Any_data> >::value, void>::type std::swap<std::_Any_data>(std::_Any_data&, std::_Any_data&)
 .text._ZNSt8functionIFvvEE4swapERS1_
                0x00000dd4       0x1c YAHAL_sensor\libYAHAL_sensor.a(gpio_msp432.cpp.obj)
                0x00000dd4                std::function<void ()>::swap(std::function<void ()>&)
 .text._ZNSt8functionIFvvEEaSERKS1_
                0x00000df0       0x20 YAHAL_sensor\libYAHAL_sensor.a(gpio_msp432.cpp.obj)
                0x00000df0                std::function<void ()>::operator=(std::function<void ()> const&)
 .text._ZN11gpio_msp43213gpioAttachIrqEttSt8functionIFvvEE
                0x00000e10       0xf8 YAHAL_sensor\libYAHAL_sensor.a(gpio_msp432.cpp.obj)
                0x00000e10                gpio_msp432::gpioAttachIrq(unsigned short, unsigned short, std::function<void ()>)
 .text._GLOBAL__sub_I_port_base
                0x00000f08        0xe YAHAL_sensor\libYAHAL_sensor.a(gpio_msp432.cpp.obj)
 .text.Default_Handler
                0x00000f16        0x2 YAHAL_sensor\libYAHAL_sensor.a(startup_msp432p401r_gcc.cpp.obj)
                0x00000f16                CS_IRQHandler
                0x00000f16                DebugMon_Handler
                0x00000f16                AES256_IRQHandler
                0x00000f16                HardFault_Handler
                0x00000f16                NMI_Handler
                0x00000f16                RTC_C_IRQHandler
                0x00000f16                FPU_IRQHandler
                0x00000f16                TA3_0_IRQHandler
                0x00000f16                UsageFault_Handler
                0x00000f16                DMA_INT3_IRQHandler
                0x00000f16                TA2_0_IRQHandler
                0x00000f16                DMA_INT1_IRQHandler
                0x00000f16                WDT_A_IRQHandler
                0x00000f16                TA2_N_IRQHandler
                0x00000f16                TA1_0_IRQHandler
                0x00000f16                PSS_IRQHandler
                0x00000f16                DMA_INT2_IRQHandler
                0x00000f16                DMA_INT0_IRQHandler
                0x00000f16                Default_Handler
                0x00000f16                T32_INTC_IRQHandler
                0x00000f16                TA3_N_IRQHandler
                0x00000f16                TA0_0_IRQHandler
                0x00000f16                MemManage_Handler
                0x00000f16                TA1_N_IRQHandler
                0x00000f16                COMP_E1_IRQHandler
                0x00000f16                FLCTL_IRQHandler
                0x00000f16                T32_INT1_IRQHandler
                0x00000f16                DMA_ERR_IRQHandler
                0x00000f16                BusFault_Handler
                0x00000f16                PCM_IRQHandler
                0x00000f16                TA0_N_IRQHandler
                0x00000f16                COMP_E0_IRQHandler
                0x00000f16                T32_INT2_IRQHandler
 .text.Reset_Handler
                0x00000f18       0x60 YAHAL_sensor\libYAHAL_sensor.a(startup_msp432p401r_gcc.cpp.obj)
                0x00000f18                Reset_Handler
 .text.__NVIC_EnableIRQ
                0x00000f78       0x1c YAHAL_sensor\libYAHAL_sensor.a(uart_msp432.cpp.obj)
 .text.__NVIC_DisableIRQ
                0x00000f94       0x24 YAHAL_sensor\libYAHAL_sensor.a(uart_msp432.cpp.obj)
 .text._ZL17yahal_assert_funcv
                0x00000fb8        0x2 YAHAL_sensor\libYAHAL_sensor.a(uart_msp432.cpp.obj)
 .text._ZN11uart_msp4328uartModeEt
                0x00000fba       0xc0 YAHAL_sensor\libYAHAL_sensor.a(uart_msp432.cpp.obj)
                0x00000fba                uart_msp432::uartMode(unsigned short)
 *fill*         0x0000107a        0x2 
 .text._ZN11uart_msp43211setBaudrateEm
                0x0000107c       0x18 YAHAL_sensor\libYAHAL_sensor.a(uart_msp432.cpp.obj)
                0x0000107c                uart_msp432::setBaudrate(unsigned long)
 .text._ZN11uart_msp43213uartEnableIrqEv
                0x00001094        0x8 YAHAL_sensor\libYAHAL_sensor.a(uart_msp432.cpp.obj)
                0x00001094                uart_msp432::uartEnableIrq()
 .text._ZN11uart_msp43214uartDisableIrqEv
                0x0000109c        0x8 YAHAL_sensor\libYAHAL_sensor.a(uart_msp432.cpp.obj)
                0x0000109c                uart_msp432::uartDisableIrq()
 .text._ZN11uart_msp432D2Ev
                0x000010a4       0x58 YAHAL_sensor\libYAHAL_sensor.a(uart_msp432.cpp.obj)
                0x000010a4                uart_msp432::~uart_msp432()
                0x000010a4                uart_msp432::~uart_msp432()
 .text._ZN11uart_msp432D0Ev
                0x000010fc       0x14 YAHAL_sensor\libYAHAL_sensor.a(uart_msp432.cpp.obj)
                0x000010fc                uart_msp432::~uart_msp432()
 .text._Z41__static_initialization_and_destruction_0ii
                0x00001110       0x5c YAHAL_sensor\libYAHAL_sensor.a(uart_msp432.cpp.obj)
 .text.__tcf_0  0x0000116c       0x20 YAHAL_sensor\libYAHAL_sensor.a(uart_msp432.cpp.obj)
 .text._ZN11uart_msp432C2EP12EUSCI_A_Typemt
                0x0000118c       0x2c YAHAL_sensor\libYAHAL_sensor.a(uart_msp432.cpp.obj)
                0x0000118c                uart_msp432::uart_msp432(EUSCI_A_Type*, unsigned long, unsigned short)
                0x0000118c                uart_msp432::uart_msp432(EUSCI_A_Type*, unsigned long, unsigned short)
 .text._ZN11uart_msp4324initEv
                0x000011b8       0xe4 YAHAL_sensor\libYAHAL_sensor.a(uart_msp432.cpp.obj)
                0x000011b8                uart_msp432::init()
 .text._ZN11uart_msp4329availableEv
                0x0000129c       0x18 YAHAL_sensor\libYAHAL_sensor.a(uart_msp432.cpp.obj)
                0x0000129c                uart_msp432::available()
 .text._ZN11uart_msp4324getcEv
                0x000012b4       0x1e YAHAL_sensor\libYAHAL_sensor.a(uart_msp432.cpp.obj)
                0x000012b4                uart_msp432::getc()
 .text._ZN11uart_msp4324putcEc
                0x000012d2       0x1e YAHAL_sensor\libYAHAL_sensor.a(uart_msp432.cpp.obj)
                0x000012d2                uart_msp432::putc(char)
 .text._ZNSt8functionIFvcEEaSEDn
                0x000012f0       0x18 YAHAL_sensor\libYAHAL_sensor.a(uart_msp432.cpp.obj)
                0x000012f0                std::function<void (char)>::operator=(decltype(nullptr))
 .text._ZN11uart_msp43213uartDetachIrqEv
                0x00001308       0x34 YAHAL_sensor\libYAHAL_sensor.a(uart_msp432.cpp.obj)
                0x00001308                uart_msp432::uartDetachIrq()
 .text._ZNKSt8functionIFvcEEclEc
                0x0000133c       0x1e YAHAL_sensor\libYAHAL_sensor.a(uart_msp432.cpp.obj)
                0x0000133c                std::function<void (char)>::operator()(char) const
 *fill*         0x0000135a        0x2 
 .text._ZN11uart_msp4329handleIrqEP12EUSCI_A_Type
                0x0000135c       0x20 YAHAL_sensor\libYAHAL_sensor.a(uart_msp432.cpp.obj)
                0x0000135c                uart_msp432::handleIrq(EUSCI_A_Type*)
 .text.EUSCIA0_UART_IRQHandler
                0x0000137c       0x10 YAHAL_sensor\libYAHAL_sensor.a(uart_msp432.cpp.obj)
                0x0000137c                EUSCIA0_UART_IRQHandler
 .text.EUSCIA1_UART_IRQHandler
                0x0000138c       0x10 YAHAL_sensor\libYAHAL_sensor.a(uart_msp432.cpp.obj)
                0x0000138c                EUSCIA1_UART_IRQHandler
 .text.EUSCIA2_UART_IRQHandler
                0x0000139c       0x10 YAHAL_sensor\libYAHAL_sensor.a(uart_msp432.cpp.obj)
                0x0000139c                EUSCIA2_UART_IRQHandler
 .text.EUSCIA3_UART_IRQHandler
                0x000013ac       0x10 YAHAL_sensor\libYAHAL_sensor.a(uart_msp432.cpp.obj)
                0x000013ac                EUSCIA3_UART_IRQHandler
 .text._ZNSt8functionIFvcEEC2ERKS1_
                0x000013bc       0x24 YAHAL_sensor\libYAHAL_sensor.a(uart_msp432.cpp.obj)
                0x000013bc                std::function<void (char)>::function(std::function<void (char)> const&)
                0x000013bc                std::function<void (char)>::function(std::function<void (char)> const&)
 .text._ZNSt8functionIFvcEE4swapERS1_
                0x000013e0       0x1c YAHAL_sensor\libYAHAL_sensor.a(uart_msp432.cpp.obj)
                0x000013e0                std::function<void (char)>::swap(std::function<void (char)>&)
 .text._ZNSt8functionIFvcEEaSERKS1_
                0x000013fc       0x20 YAHAL_sensor\libYAHAL_sensor.a(uart_msp432.cpp.obj)
                0x000013fc                std::function<void (char)>::operator=(std::function<void (char)> const&)
 .text._ZN11uart_msp43213uartAttachIrqESt8functionIFvcEE
                0x0000141c       0x38 YAHAL_sensor\libYAHAL_sensor.a(uart_msp432.cpp.obj)
                0x0000141c                uart_msp432::uartAttachIrq(std::function<void (char)>)
 .text._GLOBAL__sub_I_UART_CLK
                0x00001454        0xe YAHAL_sensor\libYAHAL_sensor.a(uart_msp432.cpp.obj)
 *fill*         0x00001462        0x2 
 .text.calculate_DCO_clock
                0x00001464       0xd4 YAHAL_sensor\libYAHAL_sensor.a(system_msp432_gcc.cpp.obj)
                0x00001464                calculate_DCO_clock
 .text.SystemCoreClockUpdate
                0x00001538      0x168 YAHAL_sensor\libYAHAL_sensor.a(system_msp432_gcc.cpp.obj)
                0x00001538                SystemCoreClockUpdate
 .text.SystemInit
                0x000016a0       0xf4 YAHAL_sensor\libYAHAL_sensor.a(system_msp432_gcc.cpp.obj)
                0x000016a0                SystemInit
 .text._ZL17yahal_assert_funcv
                0x00001794        0x2 YAHAL_sensor\libYAHAL_sensor.a(task.cpp.obj)
 *fill*         0x00001796        0x2 
 .text._Z41__static_initialization_and_destruction_0ii
                0x00001798       0x20 YAHAL_sensor\libYAHAL_sensor.a(task.cpp.obj)
 .text._ZN4taskC2EPKct
                0x000017b8       0x74 YAHAL_sensor\libYAHAL_sensor.a(task.cpp.obj)
                0x000017b8                task::task(char const*, unsigned short)
                0x000017b8                task::task(char const*, unsigned short)
 .text._ZN4task5sleepEm
                0x0000182c       0x48 YAHAL_sensor\libYAHAL_sensor.a(task.cpp.obj)
                0x0000182c                task::sleep(unsigned long)
 .text._ZN4task10_schedulerEv
                0x00001874       0xa8 YAHAL_sensor\libYAHAL_sensor.a(task.cpp.obj)
                0x00001874                task::_scheduler()
 .text._ZN4task13_tick_handlerEv
                0x0000191c       0x2c YAHAL_sensor\libYAHAL_sensor.a(task.cpp.obj)
                0x0000191c                task::_tick_handler()
 .text._ZN4task3runEv
                0x00001948        0xa YAHAL_sensor\libYAHAL_sensor.a(task.cpp.obj)
                0x00001948                task::run()
 .text._ZN13circular_listI4taskE9push_backEPS0_
                0x00001952       0x2e YAHAL_sensor\libYAHAL_sensor.a(task.cpp.obj)
                0x00001952                circular_list<task>::push_back(task*)
 .text._ZN4task5startEtb
                0x00001980       0x74 YAHAL_sensor\libYAHAL_sensor.a(task.cpp.obj)
                0x00001980                task::start(unsigned short, bool)
 .text._ZN13circular_listI4taskE6removeEPS0_
                0x000019f4       0x3e YAHAL_sensor\libYAHAL_sensor.a(task.cpp.obj)
                0x000019f4                circular_list<task>::remove(task*)
 *fill*         0x00001a32        0x2 
 .text._ZN4task4stopEv
                0x00001a34       0x28 YAHAL_sensor\libYAHAL_sensor.a(task.cpp.obj)
                0x00001a34                task::stop()
 .text._ZN4taskD2Ev
                0x00001a5c       0x28 YAHAL_sensor\libYAHAL_sensor.a(task.cpp.obj)
                0x00001a5c                task::~task()
                0x00001a5c                task::~task()
 .text._ZN4taskD0Ev
                0x00001a84       0x14 YAHAL_sensor\libYAHAL_sensor.a(task.cpp.obj)
                0x00001a84                task::~task()
 .text._ZN4task4_runEv
                0x00001a98       0x12 YAHAL_sensor\libYAHAL_sensor.a(task.cpp.obj)
                0x00001a98                task::_run()
 .text._GLOBAL__sub_I__ZN4task9_up_ticksE
                0x00001aaa        0xe YAHAL_sensor\libYAHAL_sensor.a(task.cpp.obj)
 .text.__yahal_bad_function_call
                0x00001ab8        0x2 YAHAL_sensor\libYAHAL_sensor.a(cpp_support.cpp.obj)
                0x00001ab8                std::__throw_bad_function_call()
                0x00001ab8                __yahal_bad_function_call
 *fill*         0x00001aba        0x2 
 .text._Z41__static_initialization_and_destruction_0ii
                0x00001abc       0x28 YAHAL_sensor\libYAHAL_sensor.a(posix_io.cpp.obj)
 .text._read    0x00001ae4       0x78 YAHAL_sensor\libYAHAL_sensor.a(posix_io.cpp.obj)
                0x00001ae4                _read
 .text._write   0x00001b5c      0x100 YAHAL_sensor\libYAHAL_sensor.a(posix_io.cpp.obj)
                0x00001b5c                _write
 .text._close   0x00001c5c       0x24 YAHAL_sensor\libYAHAL_sensor.a(posix_io.cpp.obj)
                0x00001c5c                _close
 .text._fstat   0x00001c80       0x24 YAHAL_sensor\libYAHAL_sensor.a(posix_io.cpp.obj)
                0x00001c80                _fstat
 .text._lseek   0x00001ca4       0x20 YAHAL_sensor\libYAHAL_sensor.a(posix_io.cpp.obj)
                0x00001ca4                _lseek
 .text._isatty  0x00001cc4       0x2c YAHAL_sensor\libYAHAL_sensor.a(posix_io.cpp.obj)
                0x00001cc4                _isatty
 .text._kill    0x00001cf0       0x10 YAHAL_sensor\libYAHAL_sensor.a(posix_io.cpp.obj)
                0x00001cf0                _kill
 .text._getpid  0x00001d00        0x6 YAHAL_sensor\libYAHAL_sensor.a(posix_io.cpp.obj)
                0x00001d00                _getpid
 *fill*         0x00001d06        0x2 
 .text._ZN8posix_io15register_stdoutER14uart_interfaceb
                0x00001d08       0x1c YAHAL_sensor\libYAHAL_sensor.a(posix_io.cpp.obj)
                0x00001d08                posix_io::register_stdout(uart_interface&, bool)
 .text._GLOBAL__sub_I__ZN8posix_io4instE
                0x00001d24        0xe YAHAL_sensor\libYAHAL_sensor.a(posix_io.cpp.obj)
 .text._ZN14irq_dispatcher7link_inEv
                0x00001d32        0x2 YAHAL_sensor\libYAHAL_sensor.a(irq_dispatcher.cpp.obj)
                0x00001d32                irq_dispatcher::link_in()
 .text.Default_EUSCI_Handler
                0x00001d34        0x2 YAHAL_sensor\libYAHAL_sensor.a(irq_dispatcher.cpp.obj)
                0x00001d34                EUSCIA2_SPI_IRQHandler
                0x00001d34                EUSCIB0_I2C_IRQHandler
                0x00001d34                EUSCIB1_SPI_IRQHandler
                0x00001d34                EUSCIA3_SPI_IRQHandler
                0x00001d34                EUSCIA1_SPI_IRQHandler
                0x00001d34                EUSCIB2_I2C_IRQHandler
                0x00001d34                EUSCIB3_SPI_IRQHandler
                0x00001d34                EUSCIB0_SPI_IRQHandler
                0x00001d34                Default_EUSCI_Handler
                0x00001d34                EUSCIB1_I2C_IRQHandler
                0x00001d34                EUSCIB3_I2C_IRQHandler
                0x00001d34                EUSCIA0_SPI_IRQHandler
                0x00001d34                EUSCIB2_SPI_IRQHandler
 *fill*         0x00001d36        0x2 
 .text.EUSCIA0_IRQHandler
                0x00001d38       0x1c YAHAL_sensor\libYAHAL_sensor.a(irq_dispatcher.cpp.obj)
                0x00001d38                EUSCIA0_IRQHandler
 .text.EUSCIA1_IRQHandler
                0x00001d54       0x1c YAHAL_sensor\libYAHAL_sensor.a(irq_dispatcher.cpp.obj)
                0x00001d54                EUSCIA1_IRQHandler
 .text.EUSCIA2_IRQHandler
                0x00001d70       0x1c YAHAL_sensor\libYAHAL_sensor.a(irq_dispatcher.cpp.obj)
                0x00001d70                EUSCIA2_IRQHandler
 .text.EUSCIA3_IRQHandler
                0x00001d8c       0x1c YAHAL_sensor\libYAHAL_sensor.a(irq_dispatcher.cpp.obj)
                0x00001d8c                EUSCIA3_IRQHandler
 .text.EUSCIB0_IRQHandler
                0x00001da8       0x20 YAHAL_sensor\libYAHAL_sensor.a(irq_dispatcher.cpp.obj)
                0x00001da8                EUSCIB0_IRQHandler
 .text.EUSCIB1_IRQHandler
                0x00001dc8       0x20 YAHAL_sensor\libYAHAL_sensor.a(irq_dispatcher.cpp.obj)
                0x00001dc8                EUSCIB1_IRQHandler
 .text.EUSCIB2_IRQHandler
                0x00001de8       0x20 YAHAL_sensor\libYAHAL_sensor.a(irq_dispatcher.cpp.obj)
                0x00001de8                EUSCIB2_IRQHandler
 .text.EUSCIB3_IRQHandler
                0x00001e08       0x20 YAHAL_sensor\libYAHAL_sensor.a(irq_dispatcher.cpp.obj)
                0x00001e08                EUSCIB3_IRQHandler
 .text._ZL17yahal_assert_funcv
                0x00001e28        0x2 YAHAL_sensor\libYAHAL_sensor.a(task_msp432.cpp.obj)
 *fill*         0x00001e2a        0x2 
 .text._ZN9task_idleD2Ev
                0x00001e2c       0x14 YAHAL_sensor\libYAHAL_sensor.a(task_msp432.cpp.obj)
                0x00001e2c                task_idle::~task_idle()
                0x00001e2c                task_idle::~task_idle()
 .text._ZN9task_idleD0Ev
                0x00001e40       0x1c YAHAL_sensor\libYAHAL_sensor.a(task_msp432.cpp.obj)
                0x00001e40                task_idle::~task_idle()
 .text._ZN4task13_switchToNextEv
                0x00001e5c       0x14 YAHAL_sensor\libYAHAL_sensor.a(task_msp432.cpp.obj)
                0x00001e5c                task::_switchToNext()
 .text._ZN4task13_getStackBaseEv
                0x00001e70        0xc YAHAL_sensor\libYAHAL_sensor.a(task_msp432.cpp.obj)
                0x00001e70                task::_getStackBase()
 .text._ZN4task12_getStackPtrEv
                0x00001e7c        0xc YAHAL_sensor\libYAHAL_sensor.a(task_msp432.cpp.obj)
                0x00001e7c                task::_getStackPtr()
 .text._ZN4task12_setStackPtrEPh
                0x00001e88        0xc YAHAL_sensor\libYAHAL_sensor.a(task_msp432.cpp.obj)
                0x00001e88                task::_setStackPtr(unsigned char*)
 .text._ZN4task12_setup_stackEb
                0x00001e94       0x48 YAHAL_sensor\libYAHAL_sensor.a(task_msp432.cpp.obj)
                0x00001e94                task::_setup_stack(bool)
 .text._ZN4task15_context_switchEv
                0x00001edc       0x10 YAHAL_sensor\libYAHAL_sensor.a(task_msp432.cpp.obj)
                0x00001edc                task::_context_switch()
 .text._ZN4task12_nonOS_sleepEm
                0x00001eec       0x44 YAHAL_sensor\libYAHAL_sensor.a(task_msp432.cpp.obj)
                0x00001eec                task::_nonOS_sleep(unsigned long)
 .text._ZN4task5yieldEv
                0x00001f30        0x4 YAHAL_sensor\libYAHAL_sensor.a(task_msp432.cpp.obj)
                0x00001f30                task::yield()
 .text._ZN4task9cpu_sleepEv
                0x00001f34        0x4 YAHAL_sensor\libYAHAL_sensor.a(task_msp432.cpp.obj)
                0x00001f34                task::cpu_sleep()
 .text._ZN9task_idle3runEv
                0x00001f38        0x8 YAHAL_sensor\libYAHAL_sensor.a(task_msp432.cpp.obj)
                0x00001f38                task_idle::run()
 .text._ZN4task13enterCriticalEv
                0x00001f40        0xa YAHAL_sensor\libYAHAL_sensor.a(task_msp432.cpp.obj)
                0x00001f40                task::enterCritical()
 .text._ZN4task13leaveCriticalEv
                0x00001f4a        0x6 YAHAL_sensor\libYAHAL_sensor.a(task_msp432.cpp.obj)
                0x00001f4a                task::leaveCritical()
 .text.SysTick_Handler
                0x00001f50        0x8 YAHAL_sensor\libYAHAL_sensor.a(task_msp432.cpp.obj)
                0x00001f50                SysTick_Handler
 .text.PendSV_Handler
                0x00001f58       0x6c YAHAL_sensor\libYAHAL_sensor.a(task_msp432.cpp.obj)
                0x00001f58                PendSV_Handler
 .text.SVC_Handler
                0x00001fc4       0x24 YAHAL_sensor\libYAHAL_sensor.a(task_msp432.cpp.obj)
                0x00001fc4                SVC_Handler
 .text.SVC_Handler_C
                0x00001fe8       0xd0 YAHAL_sensor\libYAHAL_sensor.a(task_msp432.cpp.obj)
                0x00001fe8                SVC_Handler_C
 .text.__aeabi_atexit
                0x000020b8        0xc c:/progra~2/armgnu~1/12dbab~1.2re/bin/../lib/gcc/arm-none-eabi/12.2.1/thumb/v7e-m+fp/hard\libstdc++.a(atexit_arm.o)
                0x000020b8                __aeabi_atexit
 .text._ZdlPvj  0x000020c4        0x4 c:/progra~2/armgnu~1/12dbab~1.2re/bin/../lib/gcc/arm-none-eabi/12.2.1/thumb/v7e-m+fp/hard\libstdc++.a(del_ops.o)
                0x000020c4                operator delete(void*, unsigned int)
 .text._ZdaPv   0x000020c8        0x4 c:/progra~2/armgnu~1/12dbab~1.2re/bin/../lib/gcc/arm-none-eabi/12.2.1/thumb/v7e-m+fp/hard\libstdc++.a(del_opv.o)
                0x000020c8                operator delete[](void*)
 .text._Znwj    0x000020cc       0x3c c:/progra~2/armgnu~1/12dbab~1.2re/bin/../lib/gcc/arm-none-eabi/12.2.1/thumb/v7e-m+fp/hard\libstdc++.a(new_op.o)
                0x000020cc                operator new(unsigned int)
 .text._Znaj    0x00002108        0x4 c:/progra~2/armgnu~1/12dbab~1.2re/bin/../lib/gcc/arm-none-eabi/12.2.1/thumb/v7e-m+fp/hard\libstdc++.a(new_opv.o)
                0x00002108                operator new[](unsigned int)
 .text._ZNKSt9bad_alloc4whatEv
                0x0000210c        0x8 c:/progra~2/armgnu~1/12dbab~1.2re/bin/../lib/gcc/arm-none-eabi/12.2.1/thumb/v7e-m+fp/hard\libstdc++.a(bad_alloc.o)
                0x0000210c                std::bad_alloc::what() const
 .text._ZNSt9bad_allocD2Ev
                0x00002114       0x14 c:/progra~2/armgnu~1/12dbab~1.2re/bin/../lib/gcc/arm-none-eabi/12.2.1/thumb/v7e-m+fp/hard\libstdc++.a(bad_alloc.o)
                0x00002114                std::bad_alloc::~bad_alloc()
                0x00002114                std::bad_alloc::~bad_alloc()
 .text._ZNSt9bad_allocD0Ev
                0x00002128       0x1c c:/progra~2/armgnu~1/12dbab~1.2re/bin/../lib/gcc/arm-none-eabi/12.2.1/thumb/v7e-m+fp/hard\libstdc++.a(bad_alloc.o)
                0x00002128                std::bad_alloc::~bad_alloc()
 .text._ZdlPv   0x00002144        0x4 c:/progra~2/armgnu~1/12dbab~1.2re/bin/../lib/gcc/arm-none-eabi/12.2.1/thumb/v7e-m+fp/hard\libstdc++.a(del_op.o)
                0x00002144                operator delete(void*)
 .text._ZN12_GLOBAL__N_14pool4freeEPv.constprop.0
                0x00002148       0x78 c:/progra~2/armgnu~1/12dbab~1.2re/bin/../lib/gcc/arm-none-eabi/12.2.1/thumb/v7e-m+fp/hard\libstdc++.a(eh_alloc.o)
 .text._ZN12_GLOBAL__N_14pool8allocateEj.constprop.0
                0x000021c0       0x58 c:/progra~2/armgnu~1/12dbab~1.2re/bin/../lib/gcc/arm-none-eabi/12.2.1/thumb/v7e-m+fp/hard\libstdc++.a(eh_alloc.o)
 .text.__cxa_allocate_exception
                0x00002218       0x30 c:/progra~2/armgnu~1/12dbab~1.2re/bin/../lib/gcc/arm-none-eabi/12.2.1/thumb/v7e-m+fp/hard\libstdc++.a(eh_alloc.o)
                0x00002218                __cxa_allocate_exception
 .text.__cxa_free_exception
                0x00002248       0x20 c:/progra~2/armgnu~1/12dbab~1.2re/bin/../lib/gcc/arm-none-eabi/12.2.1/thumb/v7e-m+fp/hard\libstdc++.a(eh_alloc.o)
                0x00002248                __cxa_free_exception
 .text.startup._GLOBAL__sub_I__ZN9__gnu_cxx9__freeresEv
                0x00002268       0x28 c:/progra~2/armgnu~1/12dbab~1.2re/bin/../lib/gcc/arm-none-eabi/12.2.1/thumb/v7e-m+fp/hard\libstdc++.a(eh_alloc.o)
 .text._ZNSt9exceptionD2Ev
                0x00002290        0x4 c:/progra~2/armgnu~1/12dbab~1.2re/bin/../lib/gcc/arm-none-eabi/12.2.1/thumb/v7e-m+fp/hard\libstdc++.a(eh_exception.o)
                0x00002290                std::exception::~exception()
                0x00002290                std::exception::~exception()
 .text._ZNSt13bad_exceptionD2Ev
                0x00002294        0x4 c:/progra~2/armgnu~1/12dbab~1.2re/bin/../lib/gcc/arm-none-eabi/12.2.1/thumb/v7e-m+fp/hard\libstdc++.a(eh_exception.o)
                0x00002294                std::bad_exception::~bad_exception()
                0x00002294                std::bad_exception::~bad_exception()
 .text._ZNKSt13bad_exception4whatEv
                0x00002298        0x8 c:/progra~2/armgnu~1/12dbab~1.2re/bin/../lib/gcc/arm-none-eabi/12.2.1/thumb/v7e-m+fp/hard\libstdc++.a(eh_exception.o)
                0x00002298                std::bad_exception::what() const
                0x00002298                transaction clone for std::bad_exception::what() const
 .text._ZNSt13bad_exceptionD0Ev
                0x000022a0       0x10 c:/progra~2/armgnu~1/12dbab~1.2re/bin/../lib/gcc/arm-none-eabi/12.2.1/thumb/v7e-m+fp/hard\libstdc++.a(eh_exception.o)
                0x000022a0                std::bad_exception::~bad_exception()
 .text._ZN10__cxxabiv111__terminateEPFvvE
                0x000022b0       0x10 c:/progra~2/armgnu~1/12dbab~1.2re/bin/../lib/gcc/arm-none-eabi/12.2.1/thumb/v7e-m+fp/hard\libstdc++.a(eh_terminate.o)
                0x000022b0                __cxxabiv1::__terminate(void (*)())
 .text._ZSt9terminatev
                0x000022c0       0x14 c:/progra~2/armgnu~1/12dbab~1.2re/bin/../lib/gcc/arm-none-eabi/12.2.1/thumb/v7e-m+fp/hard\libstdc++.a(eh_terminate.o)
                0x000022c0                std::terminate()
 .text._ZN10__cxxabiv112__unexpectedEPFvvE
                0x000022d4        0x8 c:/progra~2/armgnu~1/12dbab~1.2re/bin/../lib/gcc/arm-none-eabi/12.2.1/thumb/v7e-m+fp/hard\libstdc++.a(eh_terminate.o)
                0x000022d4                __cxxabiv1::__unexpected(void (*)())
 .text._ZSt10unexpectedv
                0x000022dc       0x14 c:/progra~2/armgnu~1/12dbab~1.2re/bin/../lib/gcc/arm-none-eabi/12.2.1/thumb/v7e-m+fp/hard\libstdc++.a(eh_terminate.o)
                0x000022dc                std::unexpected()
 .text._ZSt13get_terminatev
                0x000022f0       0x10 c:/progra~2/armgnu~1/12dbab~1.2re/bin/../lib/gcc/arm-none-eabi/12.2.1/thumb/v7e-m+fp/hard\libstdc++.a(eh_terminate.o)
                0x000022f0                std::get_terminate()
 .text._ZSt14get_unexpectedv
                0x00002300       0x10 c:/progra~2/armgnu~1/12dbab~1.2re/bin/../lib/gcc/arm-none-eabi/12.2.1/thumb/v7e-m+fp/hard\libstdc++.a(eh_terminate.o)
                0x00002300                std::get_unexpected()
 .text._ZL23__gxx_exception_cleanup19_Unwind_Reason_CodeP21_Unwind_Control_Block
                0x00002310       0x44 c:/progra~2/armgnu~1/12dbab~1.2re/bin/../lib/gcc/arm-none-eabi/12.2.1/thumb/v7e-m+fp/hard\libstdc++.a(eh_throw.o)
 .text.__cxa_init_primary_exception
                0x00002354       0x44 c:/progra~2/armgnu~1/12dbab~1.2re/bin/../lib/gcc/arm-none-eabi/12.2.1/thumb/v7e-m+fp/hard\libstdc++.a(eh_throw.o)
                0x00002354                __cxa_init_primary_exception
 .text.__cxa_throw
                0x00002398       0x34 c:/progra~2/armgnu~1/12dbab~1.2re/bin/../lib/gcc/arm-none-eabi/12.2.1/thumb/v7e-m+fp/hard\libstdc++.a(eh_throw.o)
                0x00002398                __cxa_throw
 .text.__cxa_rethrow
                0x000023cc       0x70 c:/progra~2/armgnu~1/12dbab~1.2re/bin/../lib/gcc/arm-none-eabi/12.2.1/thumb/v7e-m+fp/hard\libstdc++.a(eh_throw.o)
                0x000023cc                __cxa_rethrow
 .text._ZSt15get_new_handlerv
                0x0000243c       0x10 c:/progra~2/armgnu~1/12dbab~1.2re/bin/../lib/gcc/arm-none-eabi/12.2.1/thumb/v7e-m+fp/hard\libstdc++.a(new_handler.o)
                0x0000243c                std::get_new_handler()
 .text._ZN10__cxxabiv120__si_class_type_infoD2Ev
                0x0000244c       0x14 c:/progra~2/armgnu~1/12dbab~1.2re/bin/../lib/gcc/arm-none-eabi/12.2.1/thumb/v7e-m+fp/hard\libstdc++.a(si_class_type_info.o)
                0x0000244c                __cxxabiv1::__si_class_type_info::~__si_class_type_info()
                0x0000244c                __cxxabiv1::__si_class_type_info::~__si_class_type_info()
 .text._ZN10__cxxabiv120__si_class_type_infoD0Ev
                0x00002460       0x1c c:/progra~2/armgnu~1/12dbab~1.2re/bin/../lib/gcc/arm-none-eabi/12.2.1/thumb/v7e-m+fp/hard\libstdc++.a(si_class_type_info.o)
                0x00002460                __cxxabiv1::__si_class_type_info::~__si_class_type_info()
 .text._ZNK10__cxxabiv120__si_class_type_info20__do_find_public_srcEiPKvPKNS_17__class_type_infoES2_
                0x0000247c       0x3c c:/progra~2/armgnu~1/12dbab~1.2re/bin/../lib/gcc/arm-none-eabi/12.2.1/thumb/v7e-m+fp/hard\libstdc++.a(si_class_type_info.o)
                0x0000247c                __cxxabiv1::__si_class_type_info::__do_find_public_src(int, void const*, __cxxabiv1::__class_type_info const*, void const*) const
 .text._ZNK10__cxxabiv120__si_class_type_info12__do_dyncastEiNS_17__class_type_info10__sub_kindEPKS1_PKvS4_S6_RNS1_16__dyncast_resultE
                0x000024b8       0x84 c:/progra~2/armgnu~1/12dbab~1.2re/bin/../lib/gcc/arm-none-eabi/12.2.1/thumb/v7e-m+fp/hard\libstdc++.a(si_class_type_info.o)
                0x000024b8                __cxxabiv1::__si_class_type_info::__do_dyncast(int, __cxxabiv1::__class_type_info::__sub_kind, __cxxabiv1::__class_type_info const*, void const*, __cxxabiv1::__class_type_info const*, void const*, __cxxabiv1::__class_type_info::__dyncast_result&) const
 .text._ZNK10__cxxabiv120__si_class_type_info11__do_upcastEPKNS_17__class_type_infoEPKvRNS1_15__upcast_resultE
                0x0000253c       0x2c c:/progra~2/armgnu~1/12dbab~1.2re/bin/../lib/gcc/arm-none-eabi/12.2.1/thumb/v7e-m+fp/hard\libstdc++.a(si_class_type_info.o)
                0x0000253c                __cxxabiv1::__si_class_type_info::__do_upcast(__cxxabiv1::__class_type_info const*, void const*, __cxxabiv1::__class_type_info::__upcast_result&) const
 .text._ZNSt9type_infoD2Ev
                0x00002568        0x4 c:/progra~2/armgnu~1/12dbab~1.2re/bin/../lib/gcc/arm-none-eabi/12.2.1/thumb/v7e-m+fp/hard\libstdc++.a(tinfo.o)
                0x00002568                std::type_info::~type_info()
                0x00002568                std::type_info::~type_info()
 .text._ZNKSt9type_info14__is_pointer_pEv
                0x0000256c        0x4 c:/progra~2/armgnu~1/12dbab~1.2re/bin/../lib/gcc/arm-none-eabi/12.2.1/thumb/v7e-m+fp/hard\libstdc++.a(tinfo.o)
                0x0000256c                std::type_info::__is_pointer_p() const
                0x0000256c                std::type_info::__is_function_p() const
 .text._ZNKSt9type_infoeqERKS_
                0x00002570       0x2c c:/progra~2/armgnu~1/12dbab~1.2re/bin/../lib/gcc/arm-none-eabi/12.2.1/thumb/v7e-m+fp/hard\libstdc++.a(tinfo.o)
                0x00002570                std::type_info::operator==(std::type_info const&) const
                0x00002570                std::type_info::__equal(std::type_info const&) const
 .text._ZN9__gnu_cxx27__verbose_terminate_handlerEv
                0x0000259c      0x10c c:/progra~2/armgnu~1/12dbab~1.2re/bin/../lib/gcc/arm-none-eabi/12.2.1/thumb/v7e-m+fp/hard\libstdc++.a(vterminate.o)
                0x0000259c                __gnu_cxx::__verbose_terminate_handler()
 .text._ZNK10__cxxabiv117__class_type_info11__do_upcastEPKS0_PPv
                0x000026a8       0x34 c:/progra~2/armgnu~1/12dbab~1.2re/bin/../lib/gcc/arm-none-eabi/12.2.1/thumb/v7e-m+fp/hard\libstdc++.a(class_type_info.o)
                0x000026a8                __cxxabiv1::__class_type_info::__do_upcast(__cxxabiv1::__class_type_info const*, void**) const
 .text._ZNK10__cxxabiv117__class_type_info20__do_find_public_srcEiPKvPKS0_S2_
                0x000026dc        0xc c:/progra~2/armgnu~1/12dbab~1.2re/bin/../lib/gcc/arm-none-eabi/12.2.1/thumb/v7e-m+fp/hard\libstdc++.a(class_type_info.o)
                0x000026dc                __cxxabiv1::__class_type_info::__do_find_public_src(int, void const*, __cxxabiv1::__class_type_info const*, void const*) const
 .text._ZN10__cxxabiv117__class_type_infoD2Ev
                0x000026e8       0x14 c:/progra~2/armgnu~1/12dbab~1.2re/bin/../lib/gcc/arm-none-eabi/12.2.1/thumb/v7e-m+fp/hard\libstdc++.a(class_type_info.o)
                0x000026e8                __cxxabiv1::__class_type_info::~__class_type_info()
                0x000026e8                __cxxabiv1::__class_type_info::~__class_type_info()
 .text._ZN10__cxxabiv117__class_type_infoD0Ev
                0x000026fc       0x1c c:/progra~2/armgnu~1/12dbab~1.2re/bin/../lib/gcc/arm-none-eabi/12.2.1/thumb/v7e-m+fp/hard\libstdc++.a(class_type_info.o)
                0x000026fc                __cxxabiv1::__class_type_info::~__class_type_info()
 .text._ZNK10__cxxabiv117__class_type_info12__do_dyncastEiNS0_10__sub_kindEPKS0_PKvS3_S5_RNS0_16__dyncast_resultE
                0x00002718       0x44 c:/progra~2/armgnu~1/12dbab~1.2re/bin/../lib/gcc/arm-none-eabi/12.2.1/thumb/v7e-m+fp/hard\libstdc++.a(class_type_info.o)
                0x00002718                __cxxabiv1::__class_type_info::__do_dyncast(int, __cxxabiv1::__class_type_info::__sub_kind, __cxxabiv1::__class_type_info const*, void const*, __cxxabiv1::__class_type_info const*, void const*, __cxxabiv1::__class_type_info::__dyncast_result&) const
 .text._ZNK10__cxxabiv117__class_type_info11__do_upcastEPKS0_PKvRNS0_15__upcast_resultE
                0x0000275c       0x1c c:/progra~2/armgnu~1/12dbab~1.2re/bin/../lib/gcc/arm-none-eabi/12.2.1/thumb/v7e-m+fp/hard\libstdc++.a(class_type_info.o)
                0x0000275c                __cxxabiv1::__class_type_info::__do_upcast(__cxxabiv1::__class_type_info const*, void const*, __cxxabiv1::__class_type_info::__upcast_result&) const
 .text._ZNK10__cxxabiv117__class_type_info10__do_catchEPKSt9type_infoPPvj
                0x00002778       0x2c c:/progra~2/armgnu~1/12dbab~1.2re/bin/../lib/gcc/arm-none-eabi/12.2.1/thumb/v7e-m+fp/hard\libstdc++.a(class_type_info.o)
                0x00002778                __cxxabiv1::__class_type_info::__do_catch(std::type_info const*, void**, unsigned int) const
 .text.d_make_comp
                0x000027a4       0xf0 c:/progra~2/armgnu~1/12dbab~1.2re/bin/../lib/gcc/arm-none-eabi/12.2.1/thumb/v7e-m+fp/hard\libstdc++.a(cp-demangle.o)
 .text.d_number
                0x00002894       0x74 c:/progra~2/armgnu~1/12dbab~1.2re/bin/../lib/gcc/arm-none-eabi/12.2.1/thumb/v7e-m+fp/hard\libstdc++.a(cp-demangle.o)
 .text.d_call_offset
                0x00002908       0x48 c:/progra~2/armgnu~1/12dbab~1.2re/bin/../lib/gcc/arm-none-eabi/12.2.1/thumb/v7e-m+fp/hard\libstdc++.a(cp-demangle.o)
 .text.d_discriminator
                0x00002950       0x4c c:/progra~2/armgnu~1/12dbab~1.2re/bin/../lib/gcc/arm-none-eabi/12.2.1/thumb/v7e-m+fp/hard\libstdc++.a(cp-demangle.o)
 .text.d_count_templates_scopes
                0x0000299c       0xd4 c:/progra~2/armgnu~1/12dbab~1.2re/bin/../lib/gcc/arm-none-eabi/12.2.1/thumb/v7e-m+fp/hard\libstdc++.a(cp-demangle.o)
 .text.d_pack_length
                0x00002a70       0x20 c:/progra~2/armgnu~1/12dbab~1.2re/bin/../lib/gcc/arm-none-eabi/12.2.1/thumb/v7e-m+fp/hard\libstdc++.a(cp-demangle.o)
 .text.d_index_template_argument.part.0
                0x00002a90       0x1c c:/progra~2/armgnu~1/12dbab~1.2re/bin/../lib/gcc/arm-none-eabi/12.2.1/thumb/v7e-m+fp/hard\libstdc++.a(cp-demangle.o)
 .text.d_growable_string_callback_adapter
                0x00002aac       0x78 c:/progra~2/armgnu~1/12dbab~1.2re/bin/../lib/gcc/arm-none-eabi/12.2.1/thumb/v7e-m+fp/hard\libstdc++.a(cp-demangle.o)
 .text.next_is_type_qual.isra.0
                0x00002b24       0x34 c:/progra~2/armgnu~1/12dbab~1.2re/bin/../lib/gcc/arm-none-eabi/12.2.1/thumb/v7e-m+fp/hard\libstdc++.a(cp-demangle.o)
 .text.d_append_char
                0x00002b58       0x44 c:/progra~2/armgnu~1/12dbab~1.2re/bin/../lib/gcc/arm-none-eabi/12.2.1/thumb/v7e-m+fp/hard\libstdc++.a(cp-demangle.o)
 .text.d_lookup_template_argument
                0x00002b9c       0x34 c:/progra~2/armgnu~1/12dbab~1.2re/bin/../lib/gcc/arm-none-eabi/12.2.1/thumb/v7e-m+fp/hard\libstdc++.a(cp-demangle.o)
 .text.d_find_pack
                0x00002bd0       0x94 c:/progra~2/armgnu~1/12dbab~1.2re/bin/../lib/gcc/arm-none-eabi/12.2.1/thumb/v7e-m+fp/hard\libstdc++.a(cp-demangle.o)
 .text.d_append_string
                0x00002c64       0x68 c:/progra~2/armgnu~1/12dbab~1.2re/bin/../lib/gcc/arm-none-eabi/12.2.1/thumb/v7e-m+fp/hard\libstdc++.a(cp-demangle.o)
 .text.d_template_param
                0x00002ccc       0x68 c:/progra~2/armgnu~1/12dbab~1.2re/bin/../lib/gcc/arm-none-eabi/12.2.1/thumb/v7e-m+fp/hard\libstdc++.a(cp-demangle.o)
 .text.d_append_num
                0x00002d34       0x78 c:/progra~2/armgnu~1/12dbab~1.2re/bin/../lib/gcc/arm-none-eabi/12.2.1/thumb/v7e-m+fp/hard\libstdc++.a(cp-demangle.o)
 .text.d_source_name
                0x00002dac       0xe0 c:/progra~2/armgnu~1/12dbab~1.2re/bin/../lib/gcc/arm-none-eabi/12.2.1/thumb/v7e-m+fp/hard\libstdc++.a(cp-demangle.o)
 .text.d_substitution
                0x00002e8c      0x194 c:/progra~2/armgnu~1/12dbab~1.2re/bin/../lib/gcc/arm-none-eabi/12.2.1/thumb/v7e-m+fp/hard\libstdc++.a(cp-demangle.o)
 .text.d_type   0x00003020      0x864 c:/progra~2/armgnu~1/12dbab~1.2re/bin/../lib/gcc/arm-none-eabi/12.2.1/thumb/v7e-m+fp/hard\libstdc++.a(cp-demangle.o)
 .text.d_parmlist
                0x00003884       0x80 c:/progra~2/armgnu~1/12dbab~1.2re/bin/../lib/gcc/arm-none-eabi/12.2.1/thumb/v7e-m+fp/hard\libstdc++.a(cp-demangle.o)
 .text.d_bare_function_type
                0x00003904       0x48 c:/progra~2/armgnu~1/12dbab~1.2re/bin/../lib/gcc/arm-none-eabi/12.2.1/thumb/v7e-m+fp/hard\libstdc++.a(cp-demangle.o)
 .text.d_function_type
                0x0000394c       0x8c c:/progra~2/armgnu~1/12dbab~1.2re/bin/../lib/gcc/arm-none-eabi/12.2.1/thumb/v7e-m+fp/hard\libstdc++.a(cp-demangle.o)
 .text.d_operator_name
                0x000039d8      0x100 c:/progra~2/armgnu~1/12dbab~1.2re/bin/../lib/gcc/arm-none-eabi/12.2.1/thumb/v7e-m+fp/hard\libstdc++.a(cp-demangle.o)
 .text.d_unqualified_name
                0x00003ad8      0x34c c:/progra~2/armgnu~1/12dbab~1.2re/bin/../lib/gcc/arm-none-eabi/12.2.1/thumb/v7e-m+fp/hard\libstdc++.a(cp-demangle.o)
 .text.d_expr_primary
                0x00003e24      0x128 c:/progra~2/armgnu~1/12dbab~1.2re/bin/../lib/gcc/arm-none-eabi/12.2.1/thumb/v7e-m+fp/hard\libstdc++.a(cp-demangle.o)
 .text.d_template_arg
                0x00003f4c       0x58 c:/progra~2/armgnu~1/12dbab~1.2re/bin/../lib/gcc/arm-none-eabi/12.2.1/thumb/v7e-m+fp/hard\libstdc++.a(cp-demangle.o)
 .text.d_template_args_1
                0x00003fa4       0x64 c:/progra~2/armgnu~1/12dbab~1.2re/bin/../lib/gcc/arm-none-eabi/12.2.1/thumb/v7e-m+fp/hard\libstdc++.a(cp-demangle.o)
 .text.d_prefix
                0x00004008      0x13c c:/progra~2/armgnu~1/12dbab~1.2re/bin/../lib/gcc/arm-none-eabi/12.2.1/thumb/v7e-m+fp/hard\libstdc++.a(cp-demangle.o)
 .text.d_expression_1
                0x00004144      0x508 c:/progra~2/armgnu~1/12dbab~1.2re/bin/../lib/gcc/arm-none-eabi/12.2.1/thumb/v7e-m+fp/hard\libstdc++.a(cp-demangle.o)
 .text.d_exprlist
                0x0000464c       0x74 c:/progra~2/armgnu~1/12dbab~1.2re/bin/../lib/gcc/arm-none-eabi/12.2.1/thumb/v7e-m+fp/hard\libstdc++.a(cp-demangle.o)
 .text.d_cv_qualifiers
                0x000046c0      0x150 c:/progra~2/armgnu~1/12dbab~1.2re/bin/../lib/gcc/arm-none-eabi/12.2.1/thumb/v7e-m+fp/hard\libstdc++.a(cp-demangle.o)
 .text.d_special_name
                0x00004810      0x528 c:/progra~2/armgnu~1/12dbab~1.2re/bin/../lib/gcc/arm-none-eabi/12.2.1/thumb/v7e-m+fp/hard\libstdc++.a(cp-demangle.o)
 .text.d_name   0x00004d38      0x2c8 c:/progra~2/armgnu~1/12dbab~1.2re/bin/../lib/gcc/arm-none-eabi/12.2.1/thumb/v7e-m+fp/hard\libstdc++.a(cp-demangle.o)
 .text.d_encoding.part.0
                0x00005000       0xf8 c:/progra~2/armgnu~1/12dbab~1.2re/bin/../lib/gcc/arm-none-eabi/12.2.1/thumb/v7e-m+fp/hard\libstdc++.a(cp-demangle.o)
 .text.d_print_comp_inner
                0x000050f8     0x207c c:/progra~2/armgnu~1/12dbab~1.2re/bin/../lib/gcc/arm-none-eabi/12.2.1/thumb/v7e-m+fp/hard\libstdc++.a(cp-demangle.o)
 .text.d_print_comp
                0x00007174       0x5c c:/progra~2/armgnu~1/12dbab~1.2re/bin/../lib/gcc/arm-none-eabi/12.2.1/thumb/v7e-m+fp/hard\libstdc++.a(cp-demangle.o)
 .text.d_print_mod
                0x000071d0      0x624 c:/progra~2/armgnu~1/12dbab~1.2re/bin/../lib/gcc/arm-none-eabi/12.2.1/thumb/v7e-m+fp/hard\libstdc++.a(cp-demangle.o)
 .text.d_print_function_type
                0x000077f4      0x1c4 c:/progra~2/armgnu~1/12dbab~1.2re/bin/../lib/gcc/arm-none-eabi/12.2.1/thumb/v7e-m+fp/hard\libstdc++.a(cp-demangle.o)
 .text.d_print_mod_list
                0x000079b8      0x240 c:/progra~2/armgnu~1/12dbab~1.2re/bin/../lib/gcc/arm-none-eabi/12.2.1/thumb/v7e-m+fp/hard\libstdc++.a(cp-demangle.o)
 .text.d_print_array_type
                0x00007bf8      0x1b0 c:/progra~2/armgnu~1/12dbab~1.2re/bin/../lib/gcc/arm-none-eabi/12.2.1/thumb/v7e-m+fp/hard\libstdc++.a(cp-demangle.o)
 .text.d_print_expr_op
                0x00007da8       0x78 c:/progra~2/armgnu~1/12dbab~1.2re/bin/../lib/gcc/arm-none-eabi/12.2.1/thumb/v7e-m+fp/hard\libstdc++.a(cp-demangle.o)
 .text.d_demangle_callback.constprop.0
                0x00007e20      0x3a8 c:/progra~2/armgnu~1/12dbab~1.2re/bin/../lib/gcc/arm-none-eabi/12.2.1/thumb/v7e-m+fp/hard\libstdc++.a(cp-demangle.o)
 .text.d_print_subexpr
                0x000081c8       0xf4 c:/progra~2/armgnu~1/12dbab~1.2re/bin/../lib/gcc/arm-none-eabi/12.2.1/thumb/v7e-m+fp/hard\libstdc++.a(cp-demangle.o)
 .text.d_maybe_print_fold_expression
                0x000082bc      0x24c c:/progra~2/armgnu~1/12dbab~1.2re/bin/../lib/gcc/arm-none-eabi/12.2.1/thumb/v7e-m+fp/hard\libstdc++.a(cp-demangle.o)
 .text.d_maybe_print_designated_init
                0x00008508      0x1e0 c:/progra~2/armgnu~1/12dbab~1.2re/bin/../lib/gcc/arm-none-eabi/12.2.1/thumb/v7e-m+fp/hard\libstdc++.a(cp-demangle.o)
 .text.__cxa_demangle
                0x000086e8       0xbc c:/progra~2/armgnu~1/12dbab~1.2re/bin/../lib/gcc/arm-none-eabi/12.2.1/thumb/v7e-m+fp/hard\libstdc++.a(cp-demangle.o)
                0x000086e8                __cxa_demangle
 .text.__cxa_end_cleanup
                0x000087a4        0xc c:/progra~2/armgnu~1/12dbab~1.2re/bin/../lib/gcc/arm-none-eabi/12.2.1/thumb/v7e-m+fp/hard\libstdc++.a(eh_arm.o)
                0x000087a4                __cxa_end_cleanup
 .text.__cxa_type_match
                0x000087b0       0xac c:/progra~2/armgnu~1/12dbab~1.2re/bin/../lib/gcc/arm-none-eabi/12.2.1/thumb/v7e-m+fp/hard\libstdc++.a(eh_arm.o)
                0x000087b0                __cxa_type_match
 .text.__cxa_begin_cleanup
                0x0000885c       0x64 c:/progra~2/armgnu~1/12dbab~1.2re/bin/../lib/gcc/arm-none-eabi/12.2.1/thumb/v7e-m+fp/hard\libstdc++.a(eh_arm.o)
                0x0000885c                __cxa_begin_cleanup
 .text.__gnu_end_cleanup
                0x000088c0       0x70 c:/progra~2/armgnu~1/12dbab~1.2re/bin/../lib/gcc/arm-none-eabi/12.2.1/thumb/v7e-m+fp/hard\libstdc++.a(eh_arm.o)
                0x000088c0                __gnu_end_cleanup
 .text.__cxa_begin_catch
                0x00008930       0x7c c:/progra~2/armgnu~1/12dbab~1.2re/bin/../lib/gcc/arm-none-eabi/12.2.1/thumb/v7e-m+fp/hard\libstdc++.a(eh_catch.o)
                0x00008930                __cxa_begin_catch
 .text.__cxa_end_catch
                0x000089ac       0x8c c:/progra~2/armgnu~1/12dbab~1.2re/bin/../lib/gcc/arm-none-eabi/12.2.1/thumb/v7e-m+fp/hard\libstdc++.a(eh_catch.o)
                0x000089ac                __cxa_end_catch
 .text._ZN12_GLOBAL__N_113constant_initD2Ev
                0x00008a38        0x4 c:/progra~2/armgnu~1/12dbab~1.2re/bin/../lib/gcc/arm-none-eabi/12.2.1/thumb/v7e-m+fp/hard\libstdc++.a(eh_globals.o)
 .text.__cxa_get_globals_fast
                0x00008a3c        0x8 c:/progra~2/armgnu~1/12dbab~1.2re/bin/../lib/gcc/arm-none-eabi/12.2.1/thumb/v7e-m+fp/hard\libstdc++.a(eh_globals.o)
                0x00008a3c                __cxa_get_globals_fast
 .text.__cxa_get_globals
                0x00008a44        0x8 c:/progra~2/armgnu~1/12dbab~1.2re/bin/../lib/gcc/arm-none-eabi/12.2.1/thumb/v7e-m+fp/hard\libstdc++.a(eh_globals.o)
                0x00008a44                __cxa_get_globals
 .text.startup._GLOBAL__sub_I___cxa_get_globals_fast
                0x00008a4c       0x18 c:/progra~2/armgnu~1/12dbab~1.2re/bin/../lib/gcc/arm-none-eabi/12.2.1/thumb/v7e-m+fp/hard\libstdc++.a(eh_globals.o)
 .text._ZL28read_encoded_value_with_basehjPKhPj
                0x00008a64       0xc0 c:/progra~2/armgnu~1/12dbab~1.2re/bin/../lib/gcc/arm-none-eabi/12.2.1/thumb/v7e-m+fp/hard\libstdc++.a(eh_personality.o)
 .text._ZL21base_of_encoded_valuehP15_Unwind_Context
                0x00008b24       0x44 c:/progra~2/armgnu~1/12dbab~1.2re/bin/../lib/gcc/arm-none-eabi/12.2.1/thumb/v7e-m+fp/hard\libstdc++.a(eh_personality.o)
 .text._ZL17parse_lsda_headerP15_Unwind_ContextPKhP16lsda_header_info
                0x00008b68       0x90 c:/progra~2/armgnu~1/12dbab~1.2re/bin/../lib/gcc/arm-none-eabi/12.2.1/thumb/v7e-m+fp/hard\libstdc++.a(eh_personality.o)
 .text.__gxx_personality_v0
                0x00008bf8      0x454 c:/progra~2/armgnu~1/12dbab~1.2re/bin/../lib/gcc/arm-none-eabi/12.2.1/thumb/v7e-m+fp/hard\libstdc++.a(eh_personality.o)
                0x00008bf8                __gxx_personality_v0
 .text.__cxa_current_exception_type
                0x0000904c       0x1c c:/progra~2/armgnu~1/12dbab~1.2re/bin/../lib/gcc/arm-none-eabi/12.2.1/thumb/v7e-m+fp/hard\libstdc++.a(eh_type.o)
                0x0000904c                __cxa_current_exception_type
 .text._ZN10__cxxabiv1L24__is_gxx_exception_classEPc
                0x00009068       0x3c c:/progra~2/armgnu~1/12dbab~1.2re/bin/../lib/gcc/arm-none-eabi/12.2.1/thumb/v7e-m+fp/hard\libstdc++.a(eh_call.o)
 .text.__cxa_call_terminate
                0x000090a4       0x20 c:/progra~2/armgnu~1/12dbab~1.2re/bin/../lib/gcc/arm-none-eabi/12.2.1/thumb/v7e-m+fp/hard\libstdc++.a(eh_call.o)
                0x000090a4                __cxa_call_terminate
 .text.unlikely.__cxa_call_unexpected
                0x000090c4       0xd0 c:/progra~2/armgnu~1/12dbab~1.2re/bin/../lib/gcc/arm-none-eabi/12.2.1/thumb/v7e-m+fp/hard\libstdc++.a(eh_call.o)
                0x000090c4                __cxa_call_unexpected
 .text.selfrel_offset31
                0x00009194       0x14 c:/progra~2/armgnu~1/12dbab~1.2re/bin/../lib/gcc/arm-none-eabi/12.2.1/thumb/v7e-m+fp/hard\libgcc.a(unwind-arm.o)
 .text.search_EIT_table
                0x000091a8       0x64 c:/progra~2/armgnu~1/12dbab~1.2re/bin/../lib/gcc/arm-none-eabi/12.2.1/thumb/v7e-m+fp/hard\libgcc.a(unwind-arm.o)
 .text.__gnu_unwind_get_pr_addr
                0x0000920c       0x28 c:/progra~2/armgnu~1/12dbab~1.2re/bin/../lib/gcc/arm-none-eabi/12.2.1/thumb/v7e-m+fp/hard\libgcc.a(unwind-arm.o)
 .text.get_eit_entry
                0x00009234       0x94 c:/progra~2/armgnu~1/12dbab~1.2re/bin/../lib/gcc/arm-none-eabi/12.2.1/thumb/v7e-m+fp/hard\libgcc.a(unwind-arm.o)
 .text.restore_non_core_regs
                0x000092c8       0x58 c:/progra~2/armgnu~1/12dbab~1.2re/bin/../lib/gcc/arm-none-eabi/12.2.1/thumb/v7e-m+fp/hard\libgcc.a(unwind-arm.o)
 .text._Unwind_decode_typeinfo_ptr.constprop.0
                0x00009320        0xc c:/progra~2/armgnu~1/12dbab~1.2re/bin/../lib/gcc/arm-none-eabi/12.2.1/thumb/v7e-m+fp/hard\libgcc.a(unwind-arm.o)
 .text._Unwind_DebugHook
                0x0000932c        0x4 c:/progra~2/armgnu~1/12dbab~1.2re/bin/../lib/gcc/arm-none-eabi/12.2.1/thumb/v7e-m+fp/hard\libgcc.a(unwind-arm.o)
 .text.unwind_phase2
                0x00009330       0x38 c:/progra~2/armgnu~1/12dbab~1.2re/bin/../lib/gcc/arm-none-eabi/12.2.1/thumb/v7e-m+fp/hard\libgcc.a(unwind-arm.o)
 .text.unwind_phase2_forced
                0x00009368       0xd4 c:/progra~2/armgnu~1/12dbab~1.2re/bin/../lib/gcc/arm-none-eabi/12.2.1/thumb/v7e-m+fp/hard\libgcc.a(unwind-arm.o)
 .text.__gnu_Unwind_RaiseException
                0x0000943c       0x68 c:/progra~2/armgnu~1/12dbab~1.2re/bin/../lib/gcc/arm-none-eabi/12.2.1/thumb/v7e-m+fp/hard\libgcc.a(unwind-arm.o)
                0x0000943c                __gnu_Unwind_RaiseException
 .text.__gnu_Unwind_ForcedUnwind
                0x000094a4       0x10 c:/progra~2/armgnu~1/12dbab~1.2re/bin/../lib/gcc/arm-none-eabi/12.2.1/thumb/v7e-m+fp/hard\libgcc.a(unwind-arm.o)
                0x000094a4                __gnu_Unwind_ForcedUnwind
 .text.__gnu_Unwind_Resume
                0x000094b4       0x40 c:/progra~2/armgnu~1/12dbab~1.2re/bin/../lib/gcc/arm-none-eabi/12.2.1/thumb/v7e-m+fp/hard\libgcc.a(unwind-arm.o)
                0x000094b4                __gnu_Unwind_Resume
 .text.__gnu_Unwind_Resume_or_Rethrow
                0x000094f4       0x14 c:/progra~2/armgnu~1/12dbab~1.2re/bin/../lib/gcc/arm-none-eabi/12.2.1/thumb/v7e-m+fp/hard\libgcc.a(unwind-arm.o)
                0x000094f4                __gnu_Unwind_Resume_or_Rethrow
 .text._Unwind_Complete
                0x00009508        0x4 c:/progra~2/armgnu~1/12dbab~1.2re/bin/../lib/gcc/arm-none-eabi/12.2.1/thumb/v7e-m+fp/hard\libgcc.a(unwind-arm.o)
                0x00009508                _Unwind_Complete
 .text._Unwind_DeleteException
                0x0000950c        0xc c:/progra~2/armgnu~1/12dbab~1.2re/bin/../lib/gcc/arm-none-eabi/12.2.1/thumb/v7e-m+fp/hard\libgcc.a(unwind-arm.o)
                0x0000950c                _Unwind_DeleteException
 .text._Unwind_VRS_Get
                0x00009518       0x30 c:/progra~2/armgnu~1/12dbab~1.2re/bin/../lib/gcc/arm-none-eabi/12.2.1/thumb/v7e-m+fp/hard\libgcc.a(unwind-arm.o)
                0x00009518                _Unwind_VRS_Get
 .text._Unwind_GetGR
                0x00009548       0x1c c:/progra~2/armgnu~1/12dbab~1.2re/bin/../lib/gcc/arm-none-eabi/12.2.1/thumb/v7e-m+fp/hard\libgcc.a(unwind-arm.o)
 .text._Unwind_VRS_Set
                0x00009564       0x30 c:/progra~2/armgnu~1/12dbab~1.2re/bin/../lib/gcc/arm-none-eabi/12.2.1/thumb/v7e-m+fp/hard\libgcc.a(unwind-arm.o)
                0x00009564                _Unwind_VRS_Set
 .text._Unwind_SetGR
                0x00009594       0x18 c:/progra~2/armgnu~1/12dbab~1.2re/bin/../lib/gcc/arm-none-eabi/12.2.1/thumb/v7e-m+fp/hard\libgcc.a(unwind-arm.o)
 .text.__gnu_Unwind_Backtrace
                0x000095ac       0x84 c:/progra~2/armgnu~1/12dbab~1.2re/bin/../lib/gcc/arm-none-eabi/12.2.1/thumb/v7e-m+fp/hard\libgcc.a(unwind-arm.o)
                0x000095ac                __gnu_Unwind_Backtrace
 .text.__gnu_unwind_pr_common
                0x00009630      0x290 c:/progra~2/armgnu~1/12dbab~1.2re/bin/../lib/gcc/arm-none-eabi/12.2.1/thumb/v7e-m+fp/hard\libgcc.a(unwind-arm.o)
 .text.__aeabi_unwind_cpp_pr0
                0x000098c0        0x8 c:/progra~2/armgnu~1/12dbab~1.2re/bin/../lib/gcc/arm-none-eabi/12.2.1/thumb/v7e-m+fp/hard\libgcc.a(unwind-arm.o)
                0x000098c0                __aeabi_unwind_cpp_pr0
 .text.__aeabi_unwind_cpp_pr1
                0x000098c8        0x8 c:/progra~2/armgnu~1/12dbab~1.2re/bin/../lib/gcc/arm-none-eabi/12.2.1/thumb/v7e-m+fp/hard\libgcc.a(unwind-arm.o)
                0x000098c8                __aeabi_unwind_cpp_pr1
 .text.__aeabi_unwind_cpp_pr2
                0x000098d0        0x8 c:/progra~2/armgnu~1/12dbab~1.2re/bin/../lib/gcc/arm-none-eabi/12.2.1/thumb/v7e-m+fp/hard\libgcc.a(unwind-arm.o)
                0x000098d0                __aeabi_unwind_cpp_pr2
 .text._Unwind_VRS_Pop
                0x000098d8      0x2a8 c:/progra~2/armgnu~1/12dbab~1.2re/bin/../lib/gcc/arm-none-eabi/12.2.1/thumb/v7e-m+fp/hard\libgcc.a(unwind-arm.o)
                0x000098d8                _Unwind_VRS_Pop
 .text.next_unwind_byte
                0x00009b80       0x38 c:/progra~2/armgnu~1/12dbab~1.2re/bin/../lib/gcc/arm-none-eabi/12.2.1/thumb/v7e-m+fp/hard\libgcc.a(pr-support.o)
 .text._Unwind_GetGR.constprop.0
                0x00009bb8       0x1c c:/progra~2/armgnu~1/12dbab~1.2re/bin/../lib/gcc/arm-none-eabi/12.2.1/thumb/v7e-m+fp/hard\libgcc.a(pr-support.o)
 .text.unwind_UCB_from_context
                0x00009bd4        0x4 c:/progra~2/armgnu~1/12dbab~1.2re/bin/../lib/gcc/arm-none-eabi/12.2.1/thumb/v7e-m+fp/hard\libgcc.a(pr-support.o)
 .text.__gnu_unwind_execute
                0x00009bd8      0x2d4 c:/progra~2/armgnu~1/12dbab~1.2re/bin/../lib/gcc/arm-none-eabi/12.2.1/thumb/v7e-m+fp/hard\libgcc.a(pr-support.o)
                0x00009bd8                __gnu_unwind_execute
 .text.__gnu_unwind_frame
                0x00009eac       0x2c c:/progra~2/armgnu~1/12dbab~1.2re/bin/../lib/gcc/arm-none-eabi/12.2.1/thumb/v7e-m+fp/hard\libgcc.a(pr-support.o)
                0x00009eac                __gnu_unwind_frame
 .text._Unwind_GetRegionStart
                0x00009ed8        0xc c:/progra~2/armgnu~1/12dbab~1.2re/bin/../lib/gcc/arm-none-eabi/12.2.1/thumb/v7e-m+fp/hard\libgcc.a(pr-support.o)
                0x00009ed8                _Unwind_GetRegionStart
 .text._Unwind_GetLanguageSpecificData
                0x00009ee4       0x14 c:/progra~2/armgnu~1/12dbab~1.2re/bin/../lib/gcc/arm-none-eabi/12.2.1/thumb/v7e-m+fp/hard\libgcc.a(pr-support.o)
                0x00009ee4                _Unwind_GetLanguageSpecificData
 .text.unlikely._Unwind_GetDataRelBase
                0x00009ef8        0x6 c:/progra~2/armgnu~1/12dbab~1.2re/bin/../lib/gcc/arm-none-eabi/12.2.1/thumb/v7e-m+fp/hard\libgcc.a(pr-support.o)
                0x00009ef8                _Unwind_GetDataRelBase
 .text.unlikely._Unwind_GetTextRelBase
                0x00009efe        0x6 c:/progra~2/armgnu~1/12dbab~1.2re/bin/../lib/gcc/arm-none-eabi/12.2.1/thumb/v7e-m+fp/hard\libgcc.a(pr-support.o)
                0x00009efe                _Unwind_GetTextRelBase
 .text.abort    0x00009f04       0x10 c:/progra~2/armgnu~1/12dbab~1.2re/bin/../lib/gcc/arm-none-eabi/12.2.1/thumb/v7e-m+fp/hard\libc.a(libc_a-abort.o)
                0x00009f04                abort
 .text.exit     0x00009f14       0x1c c:/progra~2/armgnu~1/12dbab~1.2re/bin/../lib/gcc/arm-none-eabi/12.2.1/thumb/v7e-m+fp/hard\libc.a(libc_a-exit.o)
                0x00009f14                exit
 .text.malloc   0x00009f30       0x10 c:/progra~2/armgnu~1/12dbab~1.2re/bin/../lib/gcc/arm-none-eabi/12.2.1/thumb/v7e-m+fp/hard\libc.a(libc_a-malloc.o)
                0x00009f30                malloc
 .text.free     0x00009f40       0x10 c:/progra~2/armgnu~1/12dbab~1.2re/bin/../lib/gcc/arm-none-eabi/12.2.1/thumb/v7e-m+fp/hard\libc.a(libc_a-malloc.o)
                0x00009f40                free
 .text._malloc_r
                0x00009f50      0x55c c:/progra~2/armgnu~1/12dbab~1.2re/bin/../lib/gcc/arm-none-eabi/12.2.1/thumb/v7e-m+fp/hard\libc.a(libc_a-mallocr.o)
                0x00009f50                _malloc_r
 .text.__malloc_lock
                0x0000a4ac        0xc c:/progra~2/armgnu~1/12dbab~1.2re/bin/../lib/gcc/arm-none-eabi/12.2.1/thumb/v7e-m+fp/hard\libc.a(libc_a-mlock.o)
                0x0000a4ac                __malloc_lock
 .text.__malloc_unlock
                0x0000a4b8        0xc c:/progra~2/armgnu~1/12dbab~1.2re/bin/../lib/gcc/arm-none-eabi/12.2.1/thumb/v7e-m+fp/hard\libc.a(libc_a-mlock.o)
                0x0000a4b8                __malloc_unlock
 .text.realloc  0x0000a4c4       0x18 c:/progra~2/armgnu~1/12dbab~1.2re/bin/../lib/gcc/arm-none-eabi/12.2.1/thumb/v7e-m+fp/hard\libc.a(libc_a-realloc.o)
                0x0000a4c4                realloc
 .text._realloc_r
                0x0000a4dc      0x34c c:/progra~2/armgnu~1/12dbab~1.2re/bin/../lib/gcc/arm-none-eabi/12.2.1/thumb/v7e-m+fp/hard\libc.a(libc_a-reallocr.o)
                0x0000a4dc                _realloc_r
 .text.__cxa_atexit
                0x0000a828        0xc c:/progra~2/armgnu~1/12dbab~1.2re/bin/../lib/gcc/arm-none-eabi/12.2.1/thumb/v7e-m+fp/hard\libc.a(libc_a-cxa_atexit.o)
                0x0000a828                __cxa_atexit
 .text.__sflush_r
                0x0000a834      0x138 c:/progra~2/armgnu~1/12dbab~1.2re/bin/../lib/gcc/arm-none-eabi/12.2.1/thumb/v7e-m+fp/hard\libc.a(libc_a-fflush.o)
                0x0000a834                __sflush_r
 .text._fflush_r
                0x0000a96c       0x54 c:/progra~2/armgnu~1/12dbab~1.2re/bin/../lib/gcc/arm-none-eabi/12.2.1/thumb/v7e-m+fp/hard\libc.a(libc_a-fflush.o)
                0x0000a96c                _fflush_r
 .text.fflush   0x0000a9c0       0x74 c:/progra~2/armgnu~1/12dbab~1.2re/bin/../lib/gcc/arm-none-eabi/12.2.1/thumb/v7e-m+fp/hard\libc.a(libc_a-fflush.o)
                0x0000a9c0                fflush
 .text.stdio_exit_handler
                0x0000aa34       0x18 c:/progra~2/armgnu~1/12dbab~1.2re/bin/../lib/gcc/arm-none-eabi/12.2.1/thumb/v7e-m+fp/hard\libc.a(libc_a-findfp.o)
 .text.cleanup_stdio
                0x0000aa4c       0x40 c:/progra~2/armgnu~1/12dbab~1.2re/bin/../lib/gcc/arm-none-eabi/12.2.1/thumb/v7e-m+fp/hard\libc.a(libc_a-findfp.o)
 .text.global_stdio_init.part.0
                0x0000aa8c       0xf0 c:/progra~2/armgnu~1/12dbab~1.2re/bin/../lib/gcc/arm-none-eabi/12.2.1/thumb/v7e-m+fp/hard\libc.a(libc_a-findfp.o)
 .text.__sinit  0x0000ab7c       0x3c c:/progra~2/armgnu~1/12dbab~1.2re/bin/../lib/gcc/arm-none-eabi/12.2.1/thumb/v7e-m+fp/hard\libc.a(libc_a-findfp.o)
                0x0000ab7c                __sinit
 .text.__sfp_lock_acquire
                0x0000abb8        0xc c:/progra~2/armgnu~1/12dbab~1.2re/bin/../lib/gcc/arm-none-eabi/12.2.1/thumb/v7e-m+fp/hard\libc.a(libc_a-findfp.o)
                0x0000abb8                __sfp_lock_acquire
 .text.__sfp_lock_release
                0x0000abc4        0xc c:/progra~2/armgnu~1/12dbab~1.2re/bin/../lib/gcc/arm-none-eabi/12.2.1/thumb/v7e-m+fp/hard\libc.a(libc_a-findfp.o)
                0x0000abc4                __sfp_lock_release
 .text.fputc    0x0000abd0       0x58 c:/progra~2/armgnu~1/12dbab~1.2re/bin/../lib/gcc/arm-none-eabi/12.2.1/thumb/v7e-m+fp/hard\libc.a(libc_a-fputc.o)
                0x0000abd0                fputc
 .text._fputs_r
                0x0000ac28       0x84 c:/progra~2/armgnu~1/12dbab~1.2re/bin/../lib/gcc/arm-none-eabi/12.2.1/thumb/v7e-m+fp/hard\libc.a(libc_a-fputs.o)
                0x0000ac28                _fputs_r
 .text.fputs    0x0000acac       0x18 c:/progra~2/armgnu~1/12dbab~1.2re/bin/../lib/gcc/arm-none-eabi/12.2.1/thumb/v7e-m+fp/hard\libc.a(libc_a-fputs.o)
                0x0000acac                fputs
 .text.__sfvwrite_r
                0x0000acc4      0x2e4 c:/progra~2/armgnu~1/12dbab~1.2re/bin/../lib/gcc/arm-none-eabi/12.2.1/thumb/v7e-m+fp/hard\libc.a(libc_a-fvwrite.o)
                0x0000acc4                __sfvwrite_r
 .text._fwalk_sglue
                0x0000afa8       0x48 c:/progra~2/armgnu~1/12dbab~1.2re/bin/../lib/gcc/arm-none-eabi/12.2.1/thumb/v7e-m+fp/hard\libc.a(libc_a-fwalk.o)
                0x0000afa8                _fwalk_sglue
 .text._fwrite_r
                0x0000aff0       0xa0 c:/progra~2/armgnu~1/12dbab~1.2re/bin/../lib/gcc/arm-none-eabi/12.2.1/thumb/v7e-m+fp/hard\libc.a(libc_a-fwrite.o)
                0x0000aff0                _fwrite_r
 .text.fwrite   0x0000b090       0x20 c:/progra~2/armgnu~1/12dbab~1.2re/bin/../lib/gcc/arm-none-eabi/12.2.1/thumb/v7e-m+fp/hard\libc.a(libc_a-fwrite.o)
                0x0000b090                fwrite
 .text.printf   0x0000b0b0       0x28 c:/progra~2/armgnu~1/12dbab~1.2re/bin/../lib/gcc/arm-none-eabi/12.2.1/thumb/v7e-m+fp/hard\libc.a(libc_a-printf.o)
                0x0000b0b0                printf
 .text._putc_r  0x0000b0d8       0x78 c:/progra~2/armgnu~1/12dbab~1.2re/bin/../lib/gcc/arm-none-eabi/12.2.1/thumb/v7e-m+fp/hard\libc.a(libc_a-putc.o)
                0x0000b0d8                _putc_r
 .text._puts_r  0x0000b150       0x9c c:/progra~2/armgnu~1/12dbab~1.2re/bin/../lib/gcc/arm-none-eabi/12.2.1/thumb/v7e-m+fp/hard\libc.a(libc_a-puts.o)
                0x0000b150                _puts_r
 .text.puts     0x0000b1ec       0x10 c:/progra~2/armgnu~1/12dbab~1.2re/bin/../lib/gcc/arm-none-eabi/12.2.1/thumb/v7e-m+fp/hard\libc.a(libc_a-puts.o)
                0x0000b1ec                puts
 .text.setvbuf  0x0000b1fc      0x1a4 c:/progra~2/armgnu~1/12dbab~1.2re/bin/../lib/gcc/arm-none-eabi/12.2.1/thumb/v7e-m+fp/hard\libc.a(libc_a-setvbuf.o)
                0x0000b1fc                setvbuf
 .text.sprintf  0x0000b3a0       0x40 c:/progra~2/armgnu~1/12dbab~1.2re/bin/../lib/gcc/arm-none-eabi/12.2.1/thumb/v7e-m+fp/hard\libc.a(libc_a-sprintf.o)
                0x0000b3a0                sprintf
 .text.__sread  0x0000b3e0       0x24 c:/progra~2/armgnu~1/12dbab~1.2re/bin/../lib/gcc/arm-none-eabi/12.2.1/thumb/v7e-m+fp/hard\libc.a(libc_a-stdio.o)
                0x0000b3e0                __sread
 .text.__swrite
                0x0000b404       0x40 c:/progra~2/armgnu~1/12dbab~1.2re/bin/../lib/gcc/arm-none-eabi/12.2.1/thumb/v7e-m+fp/hard\libc.a(libc_a-stdio.o)
                0x0000b404                __swrite
 .text.__sseek  0x0000b444       0x24 c:/progra~2/armgnu~1/12dbab~1.2re/bin/../lib/gcc/arm-none-eabi/12.2.1/thumb/v7e-m+fp/hard\libc.a(libc_a-stdio.o)
                0x0000b444                __sseek
 .text.__sclose
                0x0000b468        0x8 c:/progra~2/armgnu~1/12dbab~1.2re/bin/../lib/gcc/arm-none-eabi/12.2.1/thumb/v7e-m+fp/hard\libc.a(libc_a-stdio.o)
                0x0000b468                __sclose
 .text.__swbuf_r
                0x0000b470       0xac c:/progra~2/armgnu~1/12dbab~1.2re/bin/../lib/gcc/arm-none-eabi/12.2.1/thumb/v7e-m+fp/hard\libc.a(libc_a-wbuf.o)
                0x0000b470                __swbuf_r
 .text.__swsetup_r
                0x0000b51c       0xc0 c:/progra~2/armgnu~1/12dbab~1.2re/bin/../lib/gcc/arm-none-eabi/12.2.1/thumb/v7e-m+fp/hard\libc.a(libc_a-wsetup.o)
                0x0000b51c                __swsetup_r
 .text.memcmp   0x0000b5dc       0x60 c:/progra~2/armgnu~1/12dbab~1.2re/bin/../lib/gcc/arm-none-eabi/12.2.1/thumb/v7e-m+fp/hard\libc.a(libc_a-memcmp.o)
                0x0000b5dc                memcmp
 .text.memmove  0x0000b63c      0x100 c:/progra~2/armgnu~1/12dbab~1.2re/bin/../lib/gcc/arm-none-eabi/12.2.1/thumb/v7e-m+fp/hard\libc.a(libc_a-memmove.o)
                0x0000b63c                memmove
 .text.memset   0x0000b73c       0xa4 c:/progra~2/armgnu~1/12dbab~1.2re/bin/../lib/gcc/arm-none-eabi/12.2.1/thumb/v7e-m+fp/hard\libc.a(libc_a-memset.o)
                0x0000b73c                memset
 .text.strncmp  0x0000b7e0       0x84 c:/progra~2/armgnu~1/12dbab~1.2re/bin/../lib/gcc/arm-none-eabi/12.2.1/thumb/v7e-m+fp/hard\libc.a(libc_a-strncmp.o)
                0x0000b7e0                strncmp
 .text.strncpy  0x0000b864       0x68 c:/progra~2/armgnu~1/12dbab~1.2re/bin/../lib/gcc/arm-none-eabi/12.2.1/thumb/v7e-m+fp/hard\libc.a(libc_a-strncpy.o)
                0x0000b864                strncpy
 .text.raise    0x0000b8cc       0x58 c:/progra~2/armgnu~1/12dbab~1.2re/bin/../lib/gcc/arm-none-eabi/12.2.1/thumb/v7e-m+fp/hard\libc.a(libc_a-signal.o)
                0x0000b8cc                raise
 .text._close_r
                0x0000b924       0x24 c:/progra~2/armgnu~1/12dbab~1.2re/bin/../lib/gcc/arm-none-eabi/12.2.1/thumb/v7e-m+fp/hard\libc.a(libc_a-closer.o)
                0x0000b924                _close_r
 .text._lseek_r
                0x0000b948       0x2c c:/progra~2/armgnu~1/12dbab~1.2re/bin/../lib/gcc/arm-none-eabi/12.2.1/thumb/v7e-m+fp/hard\libc.a(libc_a-lseekr.o)
                0x0000b948                _lseek_r
 .text._read_r  0x0000b974       0x2c c:/progra~2/armgnu~1/12dbab~1.2re/bin/../lib/gcc/arm-none-eabi/12.2.1/thumb/v7e-m+fp/hard\libc.a(libc_a-readr.o)
                0x0000b974                _read_r
 .text._kill_r  0x0000b9a0       0x2c c:/progra~2/armgnu~1/12dbab~1.2re/bin/../lib/gcc/arm-none-eabi/12.2.1/thumb/v7e-m+fp/hard\libc.a(libc_a-signalr.o)
                0x0000b9a0                _kill_r
 .text._getpid_r
                0x0000b9cc        0x4 c:/progra~2/armgnu~1/12dbab~1.2re/bin/../lib/gcc/arm-none-eabi/12.2.1/thumb/v7e-m+fp/hard\libc.a(libc_a-signalr.o)
                0x0000b9cc                _getpid_r
 .text._sbrk_r  0x0000b9d0       0x24 c:/progra~2/armgnu~1/12dbab~1.2re/bin/../lib/gcc/arm-none-eabi/12.2.1/thumb/v7e-m+fp/hard\libc.a(libc_a-sbrkr.o)
                0x0000b9d0                _sbrk_r
 .text._write_r
                0x0000b9f4       0x2c c:/progra~2/armgnu~1/12dbab~1.2re/bin/../lib/gcc/arm-none-eabi/12.2.1/thumb/v7e-m+fp/hard\libc.a(libc_a-writer.o)
                0x0000b9f4                _write_r
 .text.__errno  0x0000ba20        0xc c:/progra~2/armgnu~1/12dbab~1.2re/bin/../lib/gcc/arm-none-eabi/12.2.1/thumb/v7e-m+fp/hard\libc.a(libc_a-errno.o)
                0x0000ba20                __errno
 .text.__libc_init_array
                0x0000ba2c       0x50 c:/progra~2/armgnu~1/12dbab~1.2re/bin/../lib/gcc/arm-none-eabi/12.2.1/thumb/v7e-m+fp/hard\libc.a(libc_a-init.o)
                0x0000ba2c                __libc_init_array
 .text.__retarget_lock_init_recursive
                0x0000ba7c        0x4 c:/progra~2/armgnu~1/12dbab~1.2re/bin/../lib/gcc/arm-none-eabi/12.2.1/thumb/v7e-m+fp/hard\libc.a(libc_a-lock.o)
                0x0000ba7c                __retarget_lock_init_recursive
 .text.__retarget_lock_close_recursive
                0x0000ba80        0x4 c:/progra~2/armgnu~1/12dbab~1.2re/bin/../lib/gcc/arm-none-eabi/12.2.1/thumb/v7e-m+fp/hard\libc.a(libc_a-lock.o)
                0x0000ba80                __retarget_lock_close_recursive
 .text.__retarget_lock_acquire_recursive
                0x0000ba84        0x4 c:/progra~2/armgnu~1/12dbab~1.2re/bin/../lib/gcc/arm-none-eabi/12.2.1/thumb/v7e-m+fp/hard\libc.a(libc_a-lock.o)
                0x0000ba84                __retarget_lock_acquire_recursive
 .text.__retarget_lock_release_recursive
                0x0000ba88        0x4 c:/progra~2/armgnu~1/12dbab~1.2re/bin/../lib/gcc/arm-none-eabi/12.2.1/thumb/v7e-m+fp/hard\libc.a(libc_a-lock.o)
                0x0000ba88                __retarget_lock_release_recursive
 .text.sysconf  0x0000ba8c       0x1c c:/progra~2/armgnu~1/12dbab~1.2re/bin/../lib/gcc/arm-none-eabi/12.2.1/thumb/v7e-m+fp/hard\libc.a(libc_a-sysconf.o)
                0x0000ba8c                sysconf
 .text.__register_exitproc
                0x0000baa8       0x88 c:/progra~2/armgnu~1/12dbab~1.2re/bin/../lib/gcc/arm-none-eabi/12.2.1/thumb/v7e-m+fp/hard\libc.a(libc_a-__atexit.o)
                0x0000baa8                __register_exitproc
 .text.startup.register_fini
                0x0000bb30       0x14 c:/progra~2/armgnu~1/12dbab~1.2re/bin/../lib/gcc/arm-none-eabi/12.2.1/thumb/v7e-m+fp/hard\libc.a(libc_a-__call_atexit.o)
 .text.__call_exitprocs
                0x0000bb44       0xc4 c:/progra~2/armgnu~1/12dbab~1.2re/bin/../lib/gcc/arm-none-eabi/12.2.1/thumb/v7e-m+fp/hard\libc.a(libc_a-__call_atexit.o)
                0x0000bb44                __call_exitprocs
 .text.atexit   0x0000bc08        0xc c:/progra~2/armgnu~1/12dbab~1.2re/bin/../lib/gcc/arm-none-eabi/12.2.1/thumb/v7e-m+fp/hard\libc.a(libc_a-atexit.o)
                0x0000bc08                atexit
 .text._malloc_trim_r
                0x0000bc14       0xb8 c:/progra~2/armgnu~1/12dbab~1.2re/bin/../lib/gcc/arm-none-eabi/12.2.1/thumb/v7e-m+fp/hard\libc.a(libc_a-freer.o)
                0x0000bc14                _malloc_trim_r
 .text._free_r  0x0000bccc      0x204 c:/progra~2/armgnu~1/12dbab~1.2re/bin/../lib/gcc/arm-none-eabi/12.2.1/thumb/v7e-m+fp/hard\libc.a(libc_a-freer.o)
                0x0000bccc                _free_r
 .text._svfprintf_r
                0x0000bed0     0x1c3c c:/progra~2/armgnu~1/12dbab~1.2re/bin/../lib/gcc/arm-none-eabi/12.2.1/thumb/v7e-m+fp/hard\libc.a(libc_a-svfprintf.o)
                0x0000bed0                _svfprintf_r
 *fill*         0x0000db0c        0x4 
 .text._vfprintf_r
                0x0000db10     0x1d20 c:/progra~2/armgnu~1/12dbab~1.2re/bin/../lib/gcc/arm-none-eabi/12.2.1/thumb/v7e-m+fp/hard\libc.a(libc_a-vfprintf.o)
                0x0000db10                _vfprintf_r
 .text.__sbprintf
                0x0000f830       0x80 c:/progra~2/armgnu~1/12dbab~1.2re/bin/../lib/gcc/arm-none-eabi/12.2.1/thumb/v7e-m+fp/hard\libc.a(libc_a-vfprintf.o)
 .text.__sprint_r.part.0
                0x0000f8b0       0x78 c:/progra~2/armgnu~1/12dbab~1.2re/bin/../lib/gcc/arm-none-eabi/12.2.1/thumb/v7e-m+fp/hard\libc.a(libc_a-vfiprintf.o)
 .text.__sprint_r
                0x0000f928       0x18 c:/progra~2/armgnu~1/12dbab~1.2re/bin/../lib/gcc/arm-none-eabi/12.2.1/thumb/v7e-m+fp/hard\libc.a(libc_a-vfiprintf.o)
                0x0000f928                __sprint_r
 .text._vfiprintf_r
                0x0000f940      0xfe4 c:/progra~2/armgnu~1/12dbab~1.2re/bin/../lib/gcc/arm-none-eabi/12.2.1/thumb/v7e-m+fp/hard\libc.a(libc_a-vfiprintf.o)
                0x0000f940                _vfiprintf_r
 .text.__sbprintf
                0x00010924       0x80 c:/progra~2/armgnu~1/12dbab~1.2re/bin/../lib/gcc/arm-none-eabi/12.2.1/thumb/v7e-m+fp/hard\libc.a(libc_a-vfiprintf.o)
 .text._fclose_r
                0x000109a4       0xc4 c:/progra~2/armgnu~1/12dbab~1.2re/bin/../lib/gcc/arm-none-eabi/12.2.1/thumb/v7e-m+fp/hard\libc.a(libc_a-fclose.o)
                0x000109a4                _fclose_r
 .text.__smakebuf_r
                0x00010a68       0xdc c:/progra~2/armgnu~1/12dbab~1.2re/bin/../lib/gcc/arm-none-eabi/12.2.1/thumb/v7e-m+fp/hard\libc.a(libc_a-makebuf.o)
                0x00010a68                __smakebuf_r
 .text.__swhatbuf_r
                0x00010b44       0x60 c:/progra~2/armgnu~1/12dbab~1.2re/bin/../lib/gcc/arm-none-eabi/12.2.1/thumb/v7e-m+fp/hard\libc.a(libc_a-makebuf.o)
                0x00010b44                __swhatbuf_r
 .text.__fputwc
                0x00010ba4       0x7c c:/progra~2/armgnu~1/12dbab~1.2re/bin/../lib/gcc/arm-none-eabi/12.2.1/thumb/v7e-m+fp/hard\libc.a(libc_a-fputwc.o)
                0x00010ba4                __fputwc
 .text._fputwc_r
                0x00010c20       0x64 c:/progra~2/armgnu~1/12dbab~1.2re/bin/../lib/gcc/arm-none-eabi/12.2.1/thumb/v7e-m+fp/hard\libc.a(libc_a-fputwc.o)
                0x00010c20                _fputwc_r
 .text.__locale_mb_cur_max
                0x00010c84        0xc c:/progra~2/armgnu~1/12dbab~1.2re/bin/../lib/gcc/arm-none-eabi/12.2.1/thumb/v7e-m+fp/hard\libc.a(libc_a-locale.o)
                0x00010c84                __locale_mb_cur_max
 .text._localeconv_r
                0x00010c90        0x8 c:/progra~2/armgnu~1/12dbab~1.2re/bin/../lib/gcc/arm-none-eabi/12.2.1/thumb/v7e-m+fp/hard\libc.a(libc_a-localeconv.o)
                0x00010c90                _localeconv_r
 .text._fstat_r
                0x00010c98       0x2c c:/progra~2/armgnu~1/12dbab~1.2re/bin/../lib/gcc/arm-none-eabi/12.2.1/thumb/v7e-m+fp/hard\libc.a(libc_a-fstatr.o)
                0x00010c98                _fstat_r
 .text._isatty_r
                0x00010cc4       0x24 c:/progra~2/armgnu~1/12dbab~1.2re/bin/../lib/gcc/arm-none-eabi/12.2.1/thumb/v7e-m+fp/hard\libc.a(libc_a-isattyr.o)
                0x00010cc4                _isatty_r
 .text.__libc_fini_array
                0x00010ce8       0x28 c:/progra~2/armgnu~1/12dbab~1.2re/bin/../lib/gcc/arm-none-eabi/12.2.1/thumb/v7e-m+fp/hard\libc.a(libc_a-fini.o)
                0x00010ce8                __libc_fini_array
 .text.frexp    0x00010d10       0x68 c:/progra~2/armgnu~1/12dbab~1.2re/bin/../lib/gcc/arm-none-eabi/12.2.1/thumb/v7e-m+fp/hard\libc.a(libm_a-s_frexp.o)
                0x00010d10                frexp
 .text.quorem   0x00010d78      0x12c c:/progra~2/armgnu~1/12dbab~1.2re/bin/../lib/gcc/arm-none-eabi/12.2.1/thumb/v7e-m+fp/hard\libc.a(libc_a-dtoa.o)
 *fill*         0x00010ea4        0x4 
 .text._dtoa_r  0x00010ea8      0xec4 c:/progra~2/armgnu~1/12dbab~1.2re/bin/../lib/gcc/arm-none-eabi/12.2.1/thumb/v7e-m+fp/hard\libc.a(libc_a-dtoa.o)
                0x00010ea8                _dtoa_r
 .text.__ascii_mbtowc
                0x00011d6c       0x2c c:/progra~2/armgnu~1/12dbab~1.2re/bin/../lib/gcc/arm-none-eabi/12.2.1/thumb/v7e-m+fp/hard\libc.a(libc_a-mbtowc_r.o)
                0x00011d6c                __ascii_mbtowc
 .text._Balloc  0x00011d98       0x4c c:/progra~2/armgnu~1/12dbab~1.2re/bin/../lib/gcc/arm-none-eabi/12.2.1/thumb/v7e-m+fp/hard\libc.a(libc_a-mprec.o)
                0x00011d98                _Balloc
 .text._Bfree   0x00011de4       0x14 c:/progra~2/armgnu~1/12dbab~1.2re/bin/../lib/gcc/arm-none-eabi/12.2.1/thumb/v7e-m+fp/hard\libc.a(libc_a-mprec.o)
                0x00011de4                _Bfree
 .text.__multadd
                0x00011df8       0xa0 c:/progra~2/armgnu~1/12dbab~1.2re/bin/../lib/gcc/arm-none-eabi/12.2.1/thumb/v7e-m+fp/hard\libc.a(libc_a-mprec.o)
                0x00011df8                __multadd
 .text.__hi0bits
                0x00011e98       0x44 c:/progra~2/armgnu~1/12dbab~1.2re/bin/../lib/gcc/arm-none-eabi/12.2.1/thumb/v7e-m+fp/hard\libc.a(libc_a-mprec.o)
                0x00011e98                __hi0bits
 .text.__lo0bits
                0x00011edc       0x60 c:/progra~2/armgnu~1/12dbab~1.2re/bin/../lib/gcc/arm-none-eabi/12.2.1/thumb/v7e-m+fp/hard\libc.a(libc_a-mprec.o)
                0x00011edc                __lo0bits
 .text.__i2b    0x00011f3c       0x5c c:/progra~2/armgnu~1/12dbab~1.2re/bin/../lib/gcc/arm-none-eabi/12.2.1/thumb/v7e-m+fp/hard\libc.a(libc_a-mprec.o)
                0x00011f3c                __i2b
 .text.__multiply
                0x00011f98      0x16c c:/progra~2/armgnu~1/12dbab~1.2re/bin/../lib/gcc/arm-none-eabi/12.2.1/thumb/v7e-m+fp/hard\libc.a(libc_a-mprec.o)
                0x00011f98                __multiply
 .text.__pow5mult
                0x00012104       0xb4 c:/progra~2/armgnu~1/12dbab~1.2re/bin/../lib/gcc/arm-none-eabi/12.2.1/thumb/v7e-m+fp/hard\libc.a(libc_a-mprec.o)
                0x00012104                __pow5mult
 .text.__lshift
                0x000121b8       0xf0 c:/progra~2/armgnu~1/12dbab~1.2re/bin/../lib/gcc/arm-none-eabi/12.2.1/thumb/v7e-m+fp/hard\libc.a(libc_a-mprec.o)
                0x000121b8                __lshift
 .text.__mcmp   0x000122a8       0x44 c:/progra~2/armgnu~1/12dbab~1.2re/bin/../lib/gcc/arm-none-eabi/12.2.1/thumb/v7e-m+fp/hard\libc.a(libc_a-mprec.o)
                0x000122a8                __mcmp
 .text.__mdiff  0x000122ec      0x164 c:/progra~2/armgnu~1/12dbab~1.2re/bin/../lib/gcc/arm-none-eabi/12.2.1/thumb/v7e-m+fp/hard\libc.a(libc_a-mprec.o)
                0x000122ec                __mdiff
 .text.__d2b    0x00012450       0xd4 c:/progra~2/armgnu~1/12dbab~1.2re/bin/../lib/gcc/arm-none-eabi/12.2.1/thumb/v7e-m+fp/hard\libc.a(libc_a-mprec.o)
                0x00012450                __d2b
 .text.__ascii_wctomb
                0x00012524       0x1c c:/progra~2/armgnu~1/12dbab~1.2re/bin/../lib/gcc/arm-none-eabi/12.2.1/thumb/v7e-m+fp/hard\libc.a(libc_a-wctomb_r.o)
                0x00012524                __ascii_wctomb
 .text._wcrtomb_r
                0x00012540       0x4c c:/progra~2/armgnu~1/12dbab~1.2re/bin/../lib/gcc/arm-none-eabi/12.2.1/thumb/v7e-m+fp/hard\libc.a(libc_a-wcrtomb.o)
                0x00012540                _wcrtomb_r
 .text._wcsrtombs_r
                0x0001258c       0x18 c:/progra~2/armgnu~1/12dbab~1.2re/bin/../lib/gcc/arm-none-eabi/12.2.1/thumb/v7e-m+fp/hard\libc.a(libc_a-wcsrtombs.o)
                0x0001258c                _wcsrtombs_r
 .text.__ssprint_r
                0x000125a4       0xfc c:/progra~2/armgnu~1/12dbab~1.2re/bin/../lib/gcc/arm-none-eabi/12.2.1/thumb/v7e-m+fp/hard\libc.a(libc_a-svfiprintf.o)
                0x000125a4                __ssprint_r
 .text.__assert_func
                0x000126a0       0x40 c:/progra~2/armgnu~1/12dbab~1.2re/bin/../lib/gcc/arm-none-eabi/12.2.1/thumb/v7e-m+fp/hard\libc.a(libc_a-assert.o)
                0x000126a0                __assert_func
 .text._calloc_r
                0x000126e0       0x6c c:/progra~2/armgnu~1/12dbab~1.2re/bin/../lib/gcc/arm-none-eabi/12.2.1/thumb/v7e-m+fp/hard\libc.a(libc_a-callocr.o)
                0x000126e0                _calloc_r
 .text._wcsnrtombs_l
                0x0001274c       0xfc c:/progra~2/armgnu~1/12dbab~1.2re/bin/../lib/gcc/arm-none-eabi/12.2.1/thumb/v7e-m+fp/hard\libc.a(libc_a-wcsnrtombs.o)
                0x0001274c                _wcsnrtombs_l
 .text._wcsnrtombs_r
                0x00012848       0x24 c:/progra~2/armgnu~1/12dbab~1.2re/bin/../lib/gcc/arm-none-eabi/12.2.1/thumb/v7e-m+fp/hard\libc.a(libc_a-wcsnrtombs.o)
                0x00012848                _wcsnrtombs_r
 .text.fiprintf
                0x0001286c       0x28 c:/progra~2/armgnu~1/12dbab~1.2re/bin/../lib/gcc/arm-none-eabi/12.2.1/thumb/v7e-m+fp/hard\libc.a(libc_a-fiprintf.o)
                0x0001286c                fiprintf
 .text._sbrk    0x00012894       0x1c c:/progra~2/armgnu~1/12dbab~1.2re/bin/../lib/gcc/arm-none-eabi/12.2.1/thumb/v7e-m+fp/hard\libnosys.a(sbrk.o)
                0x00012894                _sbrk
 .text._exit    0x000128b0        0x4 c:/progra~2/armgnu~1/12dbab~1.2re/bin/../lib/gcc/arm-none-eabi/12.2.1/thumb/v7e-m+fp/hard\libnosys.a(_exit.o)
                0x000128b0                _exit
 *(SORT_BY_NAME(.ctors.*))
 *(.ctors)
 *(SORT_BY_NAME(.dtors.*))
 *(.dtors)
 *(.init)
 .init          0x000128b4        0x4 c:/progra~2/armgnu~1/12dbab~1.2re/bin/../lib/gcc/arm-none-eabi/12.2.1/thumb/v7e-m+fp/hard/crti.o
                0x000128b4                _init
 .init          0x000128b8        0x8 c:/progra~2/armgnu~1/12dbab~1.2re/bin/../lib/gcc/arm-none-eabi/12.2.1/thumb/v7e-m+fp/hard/crtn.o
 *(.fini)
 .fini          0x000128c0        0x4 c:/progra~2/armgnu~1/12dbab~1.2re/bin/../lib/gcc/arm-none-eabi/12.2.1/thumb/v7e-m+fp/hard/crti.o
                0x000128c0                _fini
 .fini          0x000128c4        0x8 c:/progra~2/armgnu~1/12dbab~1.2re/bin/../lib/gcc/arm-none-eabi/12.2.1/thumb/v7e-m+fp/hard/crtn.o
                0x000128cc                __preinit_array_start = .
 *(.preinit_array*)
                0x000128cc                __preinit_array_end = .
                0x000128cc                __init_array_start = .
 *(.init_array*)
 .init_array    0x000128cc        0x4 c:/progra~2/armgnu~1/12dbab~1.2re/bin/../lib/gcc/arm-none-eabi/12.2.1/thumb/v7e-m+fp/hard/crtbegin.o
 .init_array    0x000128d0        0x4 YAHAL_sensor\libYAHAL_sensor.a(adc14_msp432.cpp.obj)
 .init_array    0x000128d4        0x4 YAHAL_sensor\libYAHAL_sensor.a(gpio_msp432.cpp.obj)
 .init_array    0x000128d8        0x4 YAHAL_sensor\libYAHAL_sensor.a(uart_msp432.cpp.obj)
 .init_array    0x000128dc        0x4 YAHAL_sensor\libYAHAL_sensor.a(task.cpp.obj)
 .init_array    0x000128e0        0x4 YAHAL_sensor\libYAHAL_sensor.a(posix_io.cpp.obj)
 .init_array    0x000128e4        0x4 c:/progra~2/armgnu~1/12dbab~1.2re/bin/../lib/gcc/arm-none-eabi/12.2.1/thumb/v7e-m+fp/hard\libstdc++.a(eh_alloc.o)
 .init_array    0x000128e8        0x4 c:/progra~2/armgnu~1/12dbab~1.2re/bin/../lib/gcc/arm-none-eabi/12.2.1/thumb/v7e-m+fp/hard\libstdc++.a(eh_globals.o)
 .init_array.00000
                0x000128ec        0x4 c:/progra~2/armgnu~1/12dbab~1.2re/bin/../lib/gcc/arm-none-eabi/12.2.1/thumb/v7e-m+fp/hard\libc.a(libc_a-__call_atexit.o)
                0x000128f0                __init_array_end = .
                0x000128f0                __fini_array_start = .
 *(.fini_array*)
 .fini_array    0x000128f0        0x4 c:/progra~2/armgnu~1/12dbab~1.2re/bin/../lib/gcc/arm-none-eabi/12.2.1/thumb/v7e-m+fp/hard/crtbegin.o
                0x000128f4                __fini_array_end = .
 .text          0x000128f4       0x7c c:/progra~2/armgnu~1/12dbab~1.2re/bin/../lib/gcc/arm-none-eabi/12.2.1/thumb/v7e-m+fp/hard/crt0.o
                0x000128f4                _stack_init
                0x000128fc                _start
                0x000128fc                _mainCRTStartup
 .text          0x00012970      0x378 c:/progra~2/armgnu~1/12dbab~1.2re/bin/../lib/gcc/arm-none-eabi/12.2.1/thumb/v7e-m+fp/hard\libgcc.a(_arm_addsubdf3.o)
                0x00012970                __aeabi_drsub
                0x00012978                __aeabi_dsub
                0x00012978                __subdf3
                0x0001297c                __aeabi_dadd
                0x0001297c                __adddf3
                0x00012bf4                __floatunsidf
                0x00012bf4                __aeabi_ui2d
                0x00012c14                __floatsidf
                0x00012c14                __aeabi_i2d
                0x00012c38                __aeabi_f2d
                0x00012c38                __extendsfdf2
                0x00012c7c                __floatundidf
                0x00012c7c                __aeabi_ul2d
                0x00012c8c                __floatdidf
                0x00012c8c                __aeabi_l2d
 .text          0x00012ce8      0x1ac c:/progra~2/armgnu~1/12dbab~1.2re/bin/../lib/gcc/arm-none-eabi/12.2.1/thumb/v7e-m+fp/hard\libgcc.a(libunwind.o)
                0x00012ce8                __restore_core_regs
                0x00012ce8                restore_core_regs
                0x00012d00                __gnu_Unwind_Restore_VFP
                0x00012d08                __gnu_Unwind_Save_VFP
                0x00012d10                __gnu_Unwind_Restore_VFP_D
                0x00012d18                __gnu_Unwind_Save_VFP_D
                0x00012d20                __gnu_Unwind_Restore_VFP_D_16_to_31
                0x00012d28                __gnu_Unwind_Save_VFP_D_16_to_31
                0x00012d30                __gnu_Unwind_Restore_WMMXD
                0x00012d74                __gnu_Unwind_Save_WMMXD
                0x00012db8                __gnu_Unwind_Restore_WMMXC
                0x00012dcc                __gnu_Unwind_Save_WMMXC
                0x00012de0                ___Unwind_RaiseException
                0x00012de0                _Unwind_RaiseException
                0x00012e04                _Unwind_Resume
                0x00012e04                ___Unwind_Resume
                0x00012e28                _Unwind_Resume_or_Rethrow
                0x00012e28                ___Unwind_Resume_or_Rethrow
                0x00012e4c                _Unwind_ForcedUnwind
                0x00012e4c                ___Unwind_ForcedUnwind
                0x00012e70                ___Unwind_Backtrace
                0x00012e70                _Unwind_Backtrace
 *fill*         0x00012e94        0xc 
 .text          0x00012ea0      0x2dc c:/progra~2/armgnu~1/12dbab~1.2re/bin/../lib/gcc/arm-none-eabi/12.2.1/thumb/v7e-m+fp/hard\libc.a(libc_a-strcmp.o)
                0x00012ea8                strcmp
 *fill*         0x0001317c        0x4 
 .text          0x00013180       0xa0 c:/progra~2/armgnu~1/12dbab~1.2re/bin/../lib/gcc/arm-none-eabi/12.2.1/thumb/v7e-m+fp/hard\libc.a(libc_a-memchr.o)
                0x00013180                memchr
 .text          0x00013220      0x134 c:/progra~2/armgnu~1/12dbab~1.2re/bin/../lib/gcc/arm-none-eabi/12.2.1/thumb/v7e-m+fp/hard\libc.a(libc_a-memcpy.o)
                0x00013220                memcpy
 *fill*         0x00013354       0x2c 
 .text          0x00013380       0xdc c:/progra~2/armgnu~1/12dbab~1.2re/bin/../lib/gcc/arm-none-eabi/12.2.1/thumb/v7e-m+fp/hard\libc.a(libc_a-strlen.o)
                0x00013380                strlen
 .text          0x0001345c      0x424 c:/progra~2/armgnu~1/12dbab~1.2re/bin/../lib/gcc/arm-none-eabi/12.2.1/thumb/v7e-m+fp/hard\libgcc.a(_arm_muldivdf3.o)
                0x0001345c                __aeabi_dmul
                0x0001345c                __muldf3
                0x000136b0                __divdf3
                0x000136b0                __aeabi_ddiv
 .text          0x00013880      0x110 c:/progra~2/armgnu~1/12dbab~1.2re/bin/../lib/gcc/arm-none-eabi/12.2.1/thumb/v7e-m+fp/hard\libgcc.a(_arm_cmpdf2.o)
                0x00013880                __gtdf2
                0x00013880                __gedf2
                0x00013888                __ltdf2
                0x00013888                __ledf2
                0x00013890                __nedf2
                0x00013890                __eqdf2
                0x00013890                __cmpdf2
                0x0001390c                __aeabi_cdrcmple
                0x0001391c                __aeabi_cdcmpeq
                0x0001391c                __aeabi_cdcmple
                0x0001392c                __aeabi_dcmpeq
                0x00013940                __aeabi_dcmplt
                0x00013954                __aeabi_dcmple
                0x00013968                __aeabi_dcmpge
                0x0001397c                __aeabi_dcmpgt